##################  LISTA DE ACs PRUEBAS      ##################


### ARC 0 ###
-----BEGIN CERTIFICATE-----
MIIFgjCCBGqgAwIBAgIUMDAwMDAwMDAwMDAwMDAwMDkwMDAwDQYJKoZIhvcNAQEE
BQAwggFLMQswCQYDVQQGEwJNWDEVMBMGA1UECBMMTWV4aWNvLCBELkYuMRkwFwYD
VQQHExBDaXVkYWQgZGUgTWV4aWNvMRgwFgYDVQQKEw9CYW5jbyBkZSBNZXhpY28x
JDAiBgNVBAsTG0luZnJhZXN0cnVjdHVyYSBJbmZvcm1hdGljYTEwMC4GA1UEAxMn
QWdlbmNpYSBSZWdpc3RyYWRvcmEgQ2VudHJhbCBkZSBQcnVlYmFzMRYwFAYDVQQt
Ew0tU0lOLVJFR0lTVFJPMRQwEgYDVQQMEwtBUkMgcHJ1ZWJhczERMA8GBnWIXY81
ERMFMDYwNTkxLzAtBgZ1iF2PNRMTI0F2LiBDaW5jbyBkZSBtYXlvIE5vLiA2IENv
bC4gQ2VudHJvMSYwJAYJKoZIhvcNAQkBFhdhZWRlbGVvbkBiYW54aWNvLm9yZy5t
eDAeFw0wMzEwMTYxODAxMzVaFw0xMzEwMTMxODAxMzVaMIIBSzELMAkGA1UEBhMC
TVgxFTATBgNVBAgTDE1leGljbywgRC5GLjEZMBcGA1UEBxMQQ2l1ZGFkIGRlIE1l
eGljbzEYMBYGA1UEChMPQmFuY28gZGUgTWV4aWNvMSQwIgYDVQQLExtJbmZyYWVz
dHJ1Y3R1cmEgSW5mb3JtYXRpY2ExMDAuBgNVBAMTJ0FnZW5jaWEgUmVnaXN0cmFk
b3JhIENlbnRyYWwgZGUgUHJ1ZWJhczEWMBQGA1UELRMNLVNJTi1SRUdJU1RSTzEU
MBIGA1UEDBMLQVJDIHBydWViYXMxETAPBgZ1iF2PNRETBTA2MDU5MS8wLQYGdYhd
jzUTEyNBdi4gQ2luY28gZGUgbWF5byBOby4gNiBDb2wuIENlbnRybzEmMCQGCSqG
SIb3DQEJARYXYWVkZWxlb25AYmFueGljby5vcmcubXgwggEiMA0GCSqGSIb3DQEB
AQUAA4IBDwAwggEKAoIBAQDaEaLRArgkucHuzDO2nbtbD+FmhN2iwvUJ+b9Kvs0x
itr8AqAA6qTChsNsNjtK8O2MfOW9Zn3ZVlfZFLmo/1jrO+c889P6grk4T3/O8rOk
pYPALOGXGhzmPERHgKx+QIEz6bWpn+nZsP/vNK/hWC7FGuVP6ohCHTe7b5XtkTtF
Q3Jf03EW/5sa0asu3S2AjZzPL9mbD4UAN5XuwNTBOJ8fQXqAfUUl63SdzvSOo42L
MbEhBx4gsr/7HoI6dtOGurJR5dk7pCEE8YUB3L4OsUB9dFTEAXhy6nZCTeagj9IS
4ozeFn9ZN71XURR4UcihURDe3RwpriDeCFGO0op+YJ4NAgMBAAGjWjBYMBIGA1Ud
EwEB/wQIMAYBAf8CAQEwCwYDVR0PBAQDAgEGMBEGCWCGSAGG+EIBAQQEAwIABTAi
BgNVHREEGzAZgRdhZWRlbGVvbkBiYW54aWNvLm9yZy5teDANBgkqhkiG9w0BAQQF
AAOCAQEAoAyOki/U6+Gz5gzN8c5320bC4b9JiX43UWdfVWQpgGLEZKLpFstXgE3c
Ij5EmUOlvt48X1nIpi2xHPTUPkYr6qnZcPBEW+OgZd4IQUZQcAI5L3BpTahDrl5b
pRMh86NoEMeE438DUZHWslFpIo4o5qFSaVk4odx7Ehw9CZlxhXJ7RN4NOeqkK3P1
sbgtd/nbYmaePZ+5YsiN4HpvsDWJyuaLG1UpLfTo/DKTs2YLlWvXWcyv+Zy0SfXE
5mZ2Z2Kk88M43OGnvSFsd8uCw4Ro/LWaa51CIeEQzJJ7k28P9E8llHxI4xhxNtC4
02JrUbV7BCpNCV36l4EMFrHtFTKMCg==
-----END CERTIFICATE-----


### ARC 1 ###
-----BEGIN CERTIFICATE-----
MIIDzjCCAragAwIBAgIUMDAwMDAwMDAwMDAwMDAwMDkwMDAwDQYJKoZIhvcNAQEF
BQAwfzEYMBYGA1UECgwPQmFuY28gZGUgTWV4aWNvMQswCQYDVQQGEwJNWDElMCMG
A1UEAwwcQWdlbmNpYSBSZWdpc3RyYWRvcmEgQ2VudHJhbDEvMC0GA1UECwwmSW5m
cmFlc3RydWN0dXJhIEV4dGVuZGlkYSBkZSBTZWd1cmlkYWQwHhcNMDgxMDAzMjEy
MzIxWhcNMTYxMDAzMjEyMzIxWjB/MRgwFgYDVQQKDA9CYW5jbyBkZSBNZXhpY28x
CzAJBgNVBAYTAk1YMSUwIwYDVQQDDBxBZ2VuY2lhIFJlZ2lzdHJhZG9yYSBDZW50
cmFsMS8wLQYDVQQLDCZJbmZyYWVzdHJ1Y3R1cmEgRXh0ZW5kaWRhIGRlIFNlZ3Vy
aWRhZDCCASIwDQYJKoZIhvcNAQEBBQADggEPADCCAQoCggEBANoRotECuCS5we7M
M7adu1sP4WaE3aLC9Qn5v0q+zTGK2vwCoADqpMKGw2w2O0rw7Yx85b1mfdlWV9kU
uaj/WOs75zzz0/qCuThPf87ys6Slg8As4ZcaHOY8REeArH5AgTPptamf6dmw/+80
r+FYLsUa5U/qiEIdN7tvle2RO0VDcl/TcRb/mxrRqy7dLYCNnM8v2ZsPhQA3le7A
1ME4nx9BeoB9RSXrdJ3O9I6jjYsxsSEHHiCyv/segjp204a6slHl2TukIQTxhQHc
vg6xQH10VMQBeHLqdkJN5qCP0hLijN4Wf1k3vVdRFHhRyKFREN7dHCmuIN4IUY7S
in5gng0CAwEAAaNCMEAwHQYDVR0RBBYwFIESaWVzQGJhbnhpY28ub3JnLm14MA8G
A1UdEwEB/wQFMAMBAf8wDgYDVR0PAQH/BAQDAgEGMA0GCSqGSIb3DQEBBQUAA4IB
AQCdG75ZhgDN3n9uGCD2ochE0PkqpXM+9b3b3JB+LqbRa/meqjjlJpCkCw942qp1
Jfbj+E78+R4PYwLYiiiNCMZ+X6xsa8KoUkeD1ELfr9HEY6FugLqQ1nzbO0EhyhMT
LDRNbRkCv99nIJ4kcklyp5cxatrKzatzBNzJ+ZbTxCtDDrCYMVluTCiG9GAq8Adf
d2tE65LkihFBKqmC4CwiYugQP/MN4IKh1jjCAYPwDiZwaqWzkjgqW0UxIyK9xLyb
f5+FPiAAdlEV5Qyb2SbxguB1v1qHhzQqQ6NJBsQtNfM0nBFHDp3Pk+uTzAQ27mfY
SuWX6p+MTwD7XBKRmSIOVa7r
-----END CERTIFICATE-----


### AC SAT 0 ###
-----BEGIN CERTIFICATE-----
MIIFVzCCBD+gAwIBAgIUMDAwMDAwMDAwMDAwMDAwMDExMDQwDQYJKoZIhvcNAQEE
BQAwggFLMQswCQYDVQQGEwJNWDEVMBMGA1UECBMMTWV4aWNvLCBELkYuMRkwFwYD
VQQHExBDaXVkYWQgZGUgTWV4aWNvMRgwFgYDVQQKEw9CYW5jbyBkZSBNZXhpY28x
JDAiBgNVBAsTG0luZnJhZXN0cnVjdHVyYSBJbmZvcm1hdGljYTEwMC4GA1UEAxMn
QWdlbmNpYSBSZWdpc3RyYWRvcmEgQ2VudHJhbCBkZSBQcnVlYmFzMRYwFAYDVQQt
Ew0tU0lOLVJFR0lTVFJPMRQwEgYDVQQMEwtBUkMgcHJ1ZWJhczERMA8GBnWIXY81
ERMFMDYwNTkxLzAtBgZ1iF2PNRMTI0F2LiBDaW5jbyBkZSBtYXlvIE5vLiA2IENv
bC4gQ2VudHJvMSYwJAYJKoZIhvcNAQkBFhdhZWRlbGVvbkBiYW54aWNvLm9yZy5t
eDAeFw0wMzEyMjIxOTA5MjVaFw0xMzEyMTkxOTA5MjVaMIHDMRkwFwYDVQQHExBD
aXVkYWQgZGUgTWV4aWNvMRUwEwYDVQQIEwxNZXhpY28sIEQuRi4xCzAJBgNVBAYT
Ak1YMRowGAYDVQQDExFBQyBkZSBQcnVlYmFzIFNBVDE2MDQGA1UECxQtQWRtaW5p
c3RyYWNp824gZGUgU2VndXJpZGFkIGRlIGxhIEluZm9ybWFjafNuMS4wLAYDVQQK
FCVTZXJ2aWNpbyBkZSBBZG1pbmlzdHJhY2nzbiBUcmlidXRhcmlhMIIBIjANBgkq
hkiG9w0BAQEFAAOCAQ8AMIIBCgKCAQEA4UOi34D8ucGvYTp/7zVHqBucHmhUx4Ql
ktMeGI+CiToe4QAFtB0HE4wrkyyanhSFyc02ONcZP+LkgFtE3XfvScfB6Buak0QT
TthuZwfIA0Uh5vTA1nqsa5R9DtFyjB5urZF8XQ70Ijk14Hzp3mj1WMsa9JmHMu7Z
TQ90wq/pmiMrQyJR5hc3W610ipltxiHKLp5wLAtuIIou1LZpwwBBe8ZlwPy2hu77
+x5bKHOrtF4KaShXYjqfkuu290V1owSv6ZWAyQJYWL69yXCBr51VN5cGppQGTNa2
Eqr4OJoXfb73yqNG0wkfMDl01LFRW9ZWNZzXFfDkg1ISW1Be6OfgdwIDAQABo4G3
MIG0MBIGA1UdEwEB/wQIMAYBAf8CAQAwCwYDVR0PBAQDAgEGMBEGCWCGSAGG+EIB
AQQEAwIABTBzBglghkgBhvhCAQ0EZhZkRXN0ZSBjZXJ0aWZpY2FkbyBmdWUgZXhw
ZWRpZG8gcG9yIGxhIEFnZW5jaWEgUmVnaXN0cmFkb3JhIENlbnRyYWwgZGUgcHJ1
ZWJhcyBwYXouZHNvcC5iYW54aWNvLm9yZy5teDAJBgNVHREEAjAAMA0GCSqGSIb3
DQEBBAUAA4IBAQBfRUEwsZOUR5j5zkJAH5/cWIB4poLFigBAzozyGW/5jZ6emGWM
bGwDYNRbr0TUpP+BpZZgEQYw4dWwAh1g6FaFSLcmlTEz7438BBsl4nAaI4jlrw8h
5gZgVhJGizVhYi9QmTcUSlCMtkHeocPzMunccNavAj4R+e1fWrBUilToNgCkR7ID
MZjbRQ0jLPA84DGU59gukqtOG8lZ50AXVKxh/BVJ9UPzoRhfcHQYKXWdRr1vj5eH
kkrOwzyc42MoEP559SLK2UjGb2s9Hfq3SJNlzTw5DMO8d3hTjKmcEtHVNapZjW1R
CidRyV/BhsP9e0SHQs92+vWvmRjgFEKVhObr
-----END CERTIFICATE-----


### AC SAT 1 ###
-----BEGIN CERTIFICATE-----
MIIGOzCCBSOgAwIBAgIUMDAwMDAwMDAwMDAwMDAwMDEwNDUwDQYJKoZIhvcNAQEF
BQAwfzEYMBYGA1UECgwPQmFuY28gZGUgTWV4aWNvMQswCQYDVQQGEwJNWDElMCMG
A1UEAwwcQWdlbmNpYSBSZWdpc3RyYWRvcmEgQ2VudHJhbDEvMC0GA1UECwwmSW5m
cmFlc3RydWN0dXJhIEV4dGVuZGlkYSBkZSBTZWd1cmlkYWQwHhcNMDgxMDAzMjEy
MzIxWhcNMTIxMDAzMjEyMzIxWjCCAW8xGDAWBgNVBAMMD0EuQy4gZGUgcHJ1ZWJh
czEvMC0GA1UECgwmU2VydmljaW8gZGUgQWRtaW5pc3RyYWNpw7NuIFRyaWJ1dGFy
aWExODA2BgNVBAsML0FkbWluaXN0cmFjacOzbiBkZSBTZWd1cmlkYWQgZGUgbGEg
SW5mb3JtYWNpw7NuMSkwJwYJKoZIhvcNAQkBFhphc2lzbmV0QHBydWViYXMuc2F0
LmdvYi5teDEmMCQGA1UECQwdQXYuIEhpZGFsZ28gNzcsIENvbC4gR3VlcnJlcm8x
DjAMBgNVBBEMBTA2MzAwMQswCQYDVQQGEwJNWDEZMBcGA1UECAwQRGlzdHJpdG8g
RmVkZXJhbDESMBAGA1UEBwwJQ295b2Fjw6FuMRUwEwYDVQQtEwxTQVQ5NzA3MDFO
TjMxMjAwBgkqhkiG9w0BCQIMI1Jlc3BvbnNhYmxlOiBIw6ljdG9yIE9ybmVsYXMg
QXJjaWdhMIIBIjANBgkqhkiG9w0BAQEFAAOCAQ8AMIIBCgKCAQEA6HYVs75MjAuk
jsCoVF+xPiOq8kAZS7Sp+WboJhZIEMFrO+bYlHfQuG4gAZyqFLGOI9n3kDljFTTs
298QPetVSIxGAj5mlsILzMC8ydodmRWlJzlDpIiJ0GpBBfHkCCqytso6jpopXeFb
QNM6m/pSuDuuDdsxqj72UetjpnfDsGA60qSXy48d3xE+yAGYPe+mFxjd3gZw3vzM
/UBsjRTcBFndRrCVSESUNcQswBbF8gdWRlDlK+qA4atuzBDRibTHTnfGXBr5byRl
FQSzhmaUVoG8qstayvk4tWsyBFY/10bKOIQZa5s3UXibHWSLivj8e2S7Aw3rQ0Kx
/NwAAryCUQIDAQABo4IBuzCCAbcwHQYDVR0SBBYwFIESaWVzQGJhbnhpY28ub3Jn
Lm14MCUGA1UdEQQeMByBGmFzaXNuZXRAcHJ1ZWJhcy5zYXQuZ29iLm14MIG+BgNV
HSMEgbYwgbOAFIs7QrB+IadEgfDQVVmHj6KIBtbZoYGEpIGBMH8xGDAWBgNVBAoM
D0JhbmNvIGRlIE1leGljbzELMAkGA1UEBhMCTVgxJTAjBgNVBAMMHEFnZW5jaWEg
UmVnaXN0cmFkb3JhIENlbnRyYWwxLzAtBgNVBAsMJkluZnJhZXN0cnVjdHVyYSBF
eHRlbmRpZGEgZGUgU2VndXJpZGFkghQwMDAwMDAwMDAwMDAwMDAwOTAwMDAdBgNV
HQ4EFgQU61l9BCKaU42ecRqgWJYp9TngoMUwEgYDVR0TAQH/BAgwBgEB/wIBADAO
BgNVHQ8BAf8EBAMCAQYwLgYDVR0fBCcwJTAjoCGgH4YdaHR0cDovL3d3dy5wcnVl
YmFzLnNhdC5nb2IubXgwOwYIKwYBBQUHAQEELzAtMCsGCCsGAQUFBzABhh9odHRw
Oi8vb2NzcC5wcnVlYmFzLnNhdC5nb2IubXgvMA0GCSqGSIb3DQEBBQUAA4IBAQAm
IgCITjoT4CK3uoRF5YWg7dmPRhoaTLsrgZrVQ6Ghk+BAPOlvqespXWUxtabVSHd2
NT3BPDwdunTfpvo167C4FSPtf/gCki2tk1Yg+cNbkShHt2dzeKKGWPsplMS6meTa
uMkx8c3Y2dd+bmX+m7FcKyEWzZ3SbXeTdP5MhTYZ6KKBW5/MAmifbQFTTzyWRTuO
qerPGHquHS5O7g8L8FqcWztU/I4hAz0IPgb1lB7OPmYOcRTn1NMJljKV92eXHL/r
h6dDEINKrQfLXaJQNcYNPlxFpizh5Z0WcYPitv0tAZS9MHsXuJdn+Nqm5lRrLqqN
MdBeAvgjl8AmVubDaEkv
-----END CERTIFICATE-----


### AC SAT INT ##########
-----BEGIN CERTIFICATE-----
MIIDozCCAwygAwIBAgIIAWNGG1jKWMEwDQYJKoZIhvcNAQEEBQAwggERMS4wLAYD
VQQKFiVTZXJ2aWNpbyBkZSBBZG1pbmlzdHJhY2nzbiBUcmlidXRhcmlhMSswKQYD
VQQLFiJEaXJlY2Np824gZGUgU2VndXJpZGFkIEluZm9ybWF0aWNhMSEwHwYDVQQD
FhhMaWMuIE9zY2FyIE1vcmFsZXMgUmV5ZXMxFTATBgNVBAwWDExpY2VuY2lhdHVy
YTEjMCEGASgWHFRlcmNlcmEgQ2VycmFkYSBkZSBD4WxpeiBTL04xDDAKBgEqFgUw
NDY0MDEPMA0GA1UEBhYGTel4aWNvMQ0wCwYDVQQIFgRELkYuMQ0wCwYDVQQHFgRN
6XhpMRYwFAYDVQQtFg1TQVQ5NzA3MDEtTk4zMCAXDzk4MDIyNDE0NTQtMDYwMBcN
MTAxMjMxMjM1OTU5WjCCARExLjAsBgNVBAoWJVNlcnZpY2lvIGRlIEFkbWluaXN0
cmFjafNuIFRyaWJ1dGFyaWExKzApBgNVBAsWIkRpcmVjY2nzbiBkZSBTZWd1cmlk
YWQgSW5mb3JtYXRpY2ExITAfBgNVBAMWGExpYy4gT3NjYXIgTW9yYWxlcyBSZXll
czEVMBMGA1UEDBYMTGljZW5jaWF0dXJhMSMwIQYBKBYcVGVyY2VyYSBDZXJyYWRh
IGRlIEPhbGl6IFMvTjEMMAoGASoWBTA0NjQwMQ8wDQYDVQQGFgZN6XhpY28xDTAL
BgNVBAgWBEQuRi4xDTALBgNVBAcWBE3peGkxFjAUBgNVBC0WDVNBVDk3MDcwMS1O
TjMwgZ8wDQYJKoZIhvcNAQEBBQADgY0AMIGJAoGBAPX2/5/RGd65sP5BZxOWEtGB
8im4GsA0CAqtnHTSk46E5FwshWm0tMbyMgWvRSfTFEmgZP+zSziTlFGJEEnQOFRh
YaGLWmpDJje3X5iy5cN6FkX6POVnqF4ROyiEiIbFEzwzeqQrupIt5utFHIQcyJ9u
zDXG68qdsqTbbS3aBysLAgMBAAEwDQYJKoZIhvcNAQEEBQADgYEACH3uVyoVpjh8
DWw9JsFV1uxY3TIxPc0iKr5dueiTD7tLfWBjZgyxUYt7BrutWq1OlPWqJAKu+BSt
LElf71dZ4nOwlZ8v1O/6mTWqUaSUfdfvxSZT8Lkx+0t8rK82ntjpCVl/aZvs5829
4s9MLTi3yzzcCNBDmIiHZtN7HnrDkGE=
-----END CERTIFICATE-----

### AC_SAT SGI PBAS #####
-----BEGIN CERTIFICATE-----
MIIGijCCBHKgAwIBAgIBADANBgkqhkiG9w0BAQUFADCBnTELMAkGA1UEBhMCTVgx
EjAQBgNVBAgMCU1leGljbyBERjEZMBcGA1UEBwwQRGlzdHJpdG8gRmVkZXJhbDEM
MAoGA1UECgwDU0FUMSQwIgYDVQQLDBtTZWd1cmlkYWQgZGUgbGEgSW5mb3JtYWNp
b24xKzApBgNVBAMMIkF1dG9yaWRhZCBDZXJ0aWZpY2Fkb3JhIGRlIFBSVUVCQVMw
HhcNMDkwNzIxMTgxNzA4WhcNMTkwNzIxMTgxNzA4WjCBnTELMAkGA1UEBhMCTVgx
EjAQBgNVBAgMCU1leGljbyBERjEZMBcGA1UEBwwQRGlzdHJpdG8gRmVkZXJhbDEM
MAoGA1UECgwDU0FUMSQwIgYDVQQLDBtTZWd1cmlkYWQgZGUgbGEgSW5mb3JtYWNp
b24xKzApBgNVBAMMIkF1dG9yaWRhZCBDZXJ0aWZpY2Fkb3JhIGRlIFBSVUVCQVMw
ggIiMA0GCSqGSIb3DQEBAQUAA4ICDwAwggIKAoICAQD4sIol44/3+eqX4WIJi1bI
+XANYBd49aumRFt0HaUsPRLMF1R33dRgWDae3LMOO2X20BYVi5pJ8jYKzLiwMEkP
Q/xtF/7QFpGK89pxQ+0gkJIxGxkQ6Lz9uMgWhAf42JQt2JaSOTBSqQuZlKZRI4Wv
aQmlVMOFgknxyrlFqwTLTxnzTtZ9D/mKsbHvqcBoCIzg55tOesA4mPZpkBJZw8Dr
V/35jaBjXlexgJn+10VD1NaJzEr4mLrZbO+Q8qa9F3lfBiLRR3I8AYA68z2HlANH
403BDlW2qN6cgG0jME37M3aUww2PoXR8GrwrGrkFPfnnpFDQB+7fJM35uOuVu3EI
fZxCWTA/ogjBdWc3YjG87IrOA/GwjEM2ZicosiVkLrPV4CF5RcSRKVST0o/YxlHt
G2WjJFOIblScX64sjYpvV7l7mrc1QkHW1b7STbKke8wLcFp7lTt7+VKBJAKiU33V
sFh9i7CBeKXXahrB9sIxyZ9Aqc1P9yv03w8IG2C5SiTr4XcppC/JkLvFiXivrCjt
1Dk/4p4mZxSOV4Fw2+ypWTGwJjuLPLOCk5evp+qjkvmgGib0XBURhPxFgBC+RRfS
jXwvubWtbPOXfDR/lMgMZ41d0FPNnKl2xg4h5DBVCVX9hHdbm5ynEJRVpQBRMV28
n58n1+IiW47vlzrBRpMOfwIDAQABo4HSMIHPMB0GA1UdDgQWBBS2dMOcKBURvHv1
HIx0KBS6eew0AzAfBgNVHSMEGDAWgBS2dMOcKBURvHv1HIx0KBS6eew0AzAPBgNV
HRMBAf8EBTADAQH/MAsGA1UdDwQEAwIB3jA2BgNVHR8ELzAtMCugKaAnhiVodHRw
Oi8vcGtpLmJhbnhpY28uZ29iLm14L2JhbnhpY28uY3JsMDcGCCsGAQUFBwEBBCsw
KTAnBggrBgEFBQcwAYYbaHR0cDovL29jc3AuYmFueGljby5nb2IubXgvMA0GCSqG
SIb3DQEBBQUAA4ICAQBcSWZ1aBzQXCeHF3LW4eoucMQ0U9MWUTQ6RLu56EWONa7P
YAJ0fd0Z8Y/oDanHEEKoizvo7DUQ8uGyr6zRI4TK8DiFDqQh5T/q66iXLqahJua+
IwxZxGmWlL4hJ6rY/RH/j7HE5YNQP2ejivcJmd6t01PEJuf94fy0j1ECp4QG1iu+
IMrtXWQLmUTkwT8w9S1QgFVj7+Adq7Vlq5qY1aFs+tLti4/Qrlby0KsWyvz7K99a
Vx54Pa8tIOuF611ZzR8xmCIY5C2yBCWekURuneuvmgwu4fgaDNbc7Bf36e2+4MKw
SEU9RhCLeRO273eiUI0k7mJ+eyOk/LFE/5K3YGLmpgZG6fa4TBRMXZ+/aefS6hkH
69onfIz3vnmjr8pZuY5mQPgMM2Lu2pR7YPUD/l98X/oRDT7ioY7XoAnUorlH/Y7B
pHHqQK6Q39mEYZbEmV+bSChYIkTbHz9pRrovYOH6CGd9PLJ6maRO/jnJhVsg5D//
jk24AuqPuAKK4/RkGMgRIO9wgjdBrRoodXJbqOMlNDpnjAXlAEDDcnDrWJnNFX6J
WsX8iz+LE30n2KWoVA1FMpS8aWnT07Ezu7AwSpmYdEn8TLTW2PR+gqMQbE1gz/Va
uv8DuH2mKuJJCZFZtgAIRTxtfDy0+ZIiQfCeFkh2ciTfvUzT3E4X8+T0JNryFw==
-----END CERTIFICATE-----


