##################  LISTA DE ACs PRODUCCION   ##################


### ARC 0 ###
-----BEGIN CERTIFICATE-----
MIIFgTCCBGmgAwIBAgIVMDAwMDAwMDAwMDAwMDAwMDAwMDAwMA0GCSqGSIb3DQEB
BAUAMIIBeDELMAkGA1UEBhMCTVgxFTATBgNVBAgTDE1leGljbywgRC5GLjEZMBcG
A1UEBxMQQ2l1ZGFkIGRlIE1leGljbzEYMBYGA1UEChMPQmFuY28gZGUgTWV4aWNv
MSAwHgYDVQQLExdHZXJlbmNpYSBkZSBJbmZvcm1hdGljYTEUMBIGA1UEAxMLQVJD
IEJhbnhpY28xFTATBgNVBC0TDEJNRTgyMTEzMFNYQTEoMCYGA1UEDBMfQWRtaW5p
c3RyYWRvciBDZW50cmFsIGRlIGxhIElFUzERMA8GBnWIXY81ERMFMDYwNTkxKTAn
BgZ1iF2PNRMWHUF2LiA1IGRlIE1heW8gIzIsIENvbC4gQ2VudHJvMR4wHAYGdYhd
jzUXExJBQkNERUYxMjM0NTY3OEgwMDAxHjAcBgZ1iF2PNR0TEkFCQ0Q5ODA3MDZa
WVhXVlU1NDEmMCQGCSqGSIb3DQEJARYXY2Nvcm9uYWRAYmFueGljby5vcmcubXgw
HhcNMDEwNjIwMTYwNzU3WhcNMTEwNjIwMTYwNzU3WjCCAXgxCzAJBgNVBAYTAk1Y
MRUwEwYDVQQIEwxNZXhpY28sIEQuRi4xGTAXBgNVBAcTEENpdWRhZCBkZSBNZXhp
Y28xGDAWBgNVBAoTD0JhbmNvIGRlIE1leGljbzEgMB4GA1UECxMXR2VyZW5jaWEg
ZGUgSW5mb3JtYXRpY2ExFDASBgNVBAMTC0FSQyBCYW54aWNvMRUwEwYDVQQtEwxC
TUU4MjExMzBTWEExKDAmBgNVBAwTH0FkbWluaXN0cmFkb3IgQ2VudHJhbCBkZSBs
YSBJRVMxETAPBgZ1iF2PNRETBTA2MDU5MSkwJwYGdYhdjzUTFh1Bdi4gNSBkZSBN
YXlvICMyLCBDb2wuIENlbnRybzEeMBwGBnWIXY81FxMSQUJDREVGMTIzNDU2NzhI
MDAwMR4wHAYGdYhdjzUdExJBQkNEOTgwNzA2WllYV1ZVNTQxJjAkBgkqhkiG9w0B
CQEWF2Njb3JvbmFkQGJhbnhpY28ub3JnLm14MIIBIjANBgkqhkiG9w0BAQEFAAOC
AQ8AMIIBCgKCAQEAwyh3yGuhKOxGk6lQsG3F0aV+ZvqWCRoBrcp7EJX8jb0kzLcY
FHq46l00m+1BFlkGmnpoFtkNHiswi3JRyuPjM1ZDdDrol/L+Hq/M5wzFuMJntsb3
Sa5XN+8IyK09FKZBR84qECXkjQIkxdvlkVMW6JYydpB7M3vIPz9gBzzbF/75qiuO
K36j4MukTMguWu2XOHPgCqlZCbbMJCzFWiO48u9nxJGM+Q23aJ6xFynDnU4u9D+m
0+AYdzSTwhEMXB2OCJB05aGYbAQdhEDoRMiMQozyYt8fsqYrsn5ZUAo4/FvNxeKl
H6ozg3pHRCjSm3mfVFiimPNFZGLFODDkc7P1AwIDAQABMA0GCSqGSIb3DQEBBAUA
A4IBAQBWxfAi4kZb7Ha9oIGn5O9Sg3bpugOlEarGpqtmrTl5DWrlt8pMLVFmI4x0
JAiYKdOjswE2Le9BEIwogAHfFN4m3B44JOxvsZZ6FlE+bRsIwI2EZend+rJdx2l0
CEbtAub4OuppiM13Jfsb2beB7kz2Y7onD4iXR6twESR95VhjOZSwJ0JLNXjzMHy6
dYHH5VrBJvCRK0UEX/ILEcRMez6dd7+7PWeCT7pixP4yaLCRP3lAAYVt+dD9ESAu
OGXuqswvBj09rno+rJSHISbv1Wa6otOO52WHSHm4Q2zc7foUSkDh1dQi+HovzDF5
1tJ42duSpjiFtdGqDCGsF+PaKXSQ
-----END CERTIFICATE-----


### ARC 1 ###
-----BEGIN CERTIFICATE-----
MIIDzjCCAragAwIBAgIUMDAwMDAwMDAwMDAwMDAwMDAwMDEwDQYJKoZIhvcNAQEF
BQAwfzEYMBYGA1UECgwPQmFuY28gZGUgTWV4aWNvMQswCQYDVQQGEwJNWDElMCMG
A1UEAwwcQWdlbmNpYSBSZWdpc3RyYWRvcmEgQ2VudHJhbDEvMC0GA1UECwwmSW5m
cmFlc3RydWN0dXJhIEV4dGVuZGlkYSBkZSBTZWd1cmlkYWQwHhcNMDgwMzI1MDAw
NjE5WhcNMTYwMzI1MDAwNjE5WjB/MRgwFgYDVQQKDA9CYW5jbyBkZSBNZXhpY28x
CzAJBgNVBAYTAk1YMSUwIwYDVQQDDBxBZ2VuY2lhIFJlZ2lzdHJhZG9yYSBDZW50
cmFsMS8wLQYDVQQLDCZJbmZyYWVzdHJ1Y3R1cmEgRXh0ZW5kaWRhIGRlIFNlZ3Vy
aWRhZDCCASIwDQYJKoZIhvcNAQEBBQADggEPADCCAQoCggEBAJYhIaw3/JnJqRjA
EmInnDE9/GLXe2NZlUtmKpdw9DSQB+lUr1Lca38owy7GIUUTdlaDGOn4VnL8fn4m
c9wlYvj98mzWmEAm/6mM5Sh19fy0MJCiRoQtehI+rV0oRYNW5n+myyit2CEdG2RA
kLTfrbXeQUnL/CJZ47ghlrwzu/FCkioPwIr/oMgMvLxAuQuGiXx1eR7tfqW46Wnb
wDzvp7tL29dyN9907R247q64XKu1XRV2AO21I1LalFU93n9Q8aiT2FkuU3iSbzDf
++w3xfuWTHKfsDjnaOrNb+3VJdV4Y9SpXJQp81cA7L2jyQlex/wbeASF2EH/Go55
7X4S4ucCAwEAAaNCMEAwHQYDVR0RBBYwFIESaWVzQGJhbnhpY28ub3JnLm14MA8G
A1UdEwEB/wQFMAMBAf8wDgYDVR0PAQH/BAQDAgEGMA0GCSqGSIb3DQEBBQUAA4IB
AQBN6OrTNvG7RTvZZMQ1cqqlTS+FMaMtpJku6MpJAkxD1dPl17Wf9zEL5wpcurUl
9gIKJ/DZ6a3Li5qfQxGRlTgJnxiIvwE0DYpWjnjt9DY/kVIxTsxWiTy2kJayWPDF
NxPYSXXvc9ElmuX6TrnUHdY5m0qXpCpjdDkk/DGYgjlZjJOncYZSAY9anMESZ+cx
YTxSS2Oot8lTIRhLR8RUgovMP8zN1ptKEKE9D8k/ZGhT5U8k2blvKdKZMzN+3zEn
QrUdWrOAHMDZaBIhPUz10ckY4p/wBdErEQodjSpwBPcoyZ24UVGonhcejJKLxH/F
gu5Ewhr8h0U/pW1yndLYiifi
-----END CERTIFICATE-----


### AC SAT 0 ###
-----BEGIN CERTIFICATE-----
MIIFuDCCBKCgAwIBAgIUMDAwMDAwMDAwMDAwMDAwMDEwMjIwDQYJKoZIhvcNAQEE
BQAwggF4MQswCQYDVQQGEwJNWDEVMBMGA1UECBMMTWV4aWNvLCBELkYuMRkwFwYD
VQQHExBDaXVkYWQgZGUgTWV4aWNvMRgwFgYDVQQKEw9CYW5jbyBkZSBNZXhpY28x
IDAeBgNVBAsTF0dlcmVuY2lhIGRlIEluZm9ybWF0aWNhMRQwEgYDVQQDEwtBUkMg
QmFueGljbzEVMBMGA1UELRMMQk1FODIxMTMwU1hBMSgwJgYDVQQMEx9BZG1pbmlz
dHJhZG9yIENlbnRyYWwgZGUgbGEgSUVTMREwDwYGdYhdjzUREwUwNjA1OTEpMCcG
BnWIXY81ExYdQXYuIDUgZGUgTWF5byAjMiwgQ29sLiBDZW50cm8xHjAcBgZ1iF2P
NRcTEkFCQ0RFRjEyMzQ1Njc4SDAwMDEeMBwGBnWIXY81HRMSQUJDRDk4MDcwNlpZ
WFdWVTU0MSYwJAYJKoZIhvcNAQkBFhdjY29yb25hZEBiYW54aWNvLm9yZy5teDAe
Fw0wNDEwMjcwNTAwMDBaFw0wODEwMjcwNjAwMDBaMIIBijEvMC0GA1UECgwmU2Vy
dmljaW8gZGUgQWRtaW5pc3RyYWNpw7NuIFRyaWJ1dGFyaWExODA2BgNVBAsML0Fk
bWluaXN0cmFjacOzbiBkZSBTZWd1cmlkYWQgZGUgbGEgSW5mb3JtYWNpw7NuMTgw
NgYDVQQDDC9BLkMuIGRlbCBTZXJ2aWNpbyBkZSBBZG1pbmlzdHJhY2nDs24gVHJp
YnV0YXJpYTEmMCQGA1UEEBMdQXYuIEhpZGFsZ28gNzcsIENvbC4gR3VlcnJlcm8x
DjAMBgNVBBETBTA2MzAwMRIwEAYDVQQHDAlDb3lvYWPDoW4xGTAXBgNVBAgTEERp
c3RyaXRvIEZlZGVyYWwxCzAJBgNVBAYTAk1YMRUwEwYDVQQtEwxTQVQ5NzA3MDFO
TjMxITAfBgkqhkiG9w0BCQEWEmFzaXNuZXRAc2F0LmdvYi5teDE1MDMGCSqGSIb3
DQEJAhMmUmVzcG9uc2FibGU6IENlc2FyIEx1aXMgUGVyYWxlcyBUZWxsZXowggEi
MA0GCSqGSIb3DQEBAQUAA4IBDwAwggEKAoIBAQDkULY6icoRfNXtvQdPAGlTC2Iw
XcblxeBWxqeI0JZLZwbx117eJGV2SG9ej/4QxSsWKxF/C1X8HJVMvpj8P/Zty79I
9poAPjzknq0k/1vTj4iwhOtOx08bEilXOJFYyjZQEkW1txB+v5mIVHPEGEmhZ5J/
lOQP7v3r/jwwy1eB/yclMKqHuNipKPg7xQKp2nY84T/0plk5OHKHUJsQEwnlMBk0
0OuBKk1lrNyuCXnuCqKs7AboK15DvMTLdzS9n8SzN31N5fO5z4LCpRyROISZhJxj
yHwfKeaPTnkqW2y6S0wWoa6qMJyUeqx6v9ZyrJl21bSc/OblpWirKBahDUHbAgMB
AAGjJDAiMBIGA1UdEwEB/wQIMAYBAf8CAQAwDAYDVR0PBAUDAwfmADANBgkqhkiG
9w0BAQQFAAOCAQEAWDLnTC+EObvXn7hzJmWrl9L3/AQBK6l3sJjPEqZSyWUQCW9z
7Hv0r6ChKA4znj9merq/+SHbC04YiK5E0qLm9SgE0XgEdETjBNH4nSVQ7h5/m0EI
xANPnYFj5YhSpPMIwFMvSGYjGxAUIANdlTELhusZck5XH1O3NT3ugiczKks9EI4a
UGBVzJfHzz+bj+Js84LP0vCvW6vfH9o6WozY41HV0B0MIbPeFGQpMmntwsWhHjh9
mTHxHb3ggvUlUvJ5z2aafS6msF6BsR58uI8bdiufFBc+gD+5aebjau7rGPVqCy3v
J0oTn8MiQRuBMUosqIisXzQfOzu+EGiEcYxuRQ==
-----END CERTIFICATE-----


### AC SAT 1 ###
-----BEGIN CERTIFICATE-----
MIIF7zCCBNegAwIBAgIUMDAwMDAwMDAwMDAwMDAwMDEwNDMwDQYJKoZIhvcNAQEF
BQAwfzEYMBYGA1UECgwPQmFuY28gZGUgTWV4aWNvMQswCQYDVQQGEwJNWDElMCMG
A1UEAwwcQWdlbmNpYSBSZWdpc3RyYWRvcmEgQ2VudHJhbDEvMC0GA1UECwwmSW5m
cmFlc3RydWN0dXJhIEV4dGVuZGlkYSBkZSBTZWd1cmlkYWQwHhcNMDgxMDE2MTgy
OTQwWhcNMTIxMDI3MTgyOTQwWjCCATYxODA2BgNVBAMML0EuQy4gZGVsIFNlcnZp
Y2lvIGRlIEFkbWluaXN0cmFjacOzbiBUcmlidXRhcmlhMS8wLQYDVQQKDCZTZXJ2
aWNpbyBkZSBBZG1pbmlzdHJhY2nDs24gVHJpYnV0YXJpYTEfMB0GCSqGSIb3DQEJ
ARYQYWNvZHNAc2F0LmdvYi5teDEmMCQGA1UECQwdQXYuIEhpZGFsZ28gNzcsIENv
bC4gR3VlcnJlcm8xDjAMBgNVBBEMBTA2MzAwMQswCQYDVQQGEwJNWDEZMBcGA1UE
CAwQRGlzdHJpdG8gRmVkZXJhbDETMBEGA1UEBwwKQ3VhdWh0ZW1vYzEzMDEGCSqG
SIb3DQEJAgwkUmVzcG9uc2FibGU6IEZlcm5hbmRvIE1hcnTDrW5leiBDb3NzMIIB
IjANBgkqhkiG9w0BAQEFAAOCAQ8AMIIBCgKCAQEA5ZBQ/TK6heDQ8dg0XzjekL2A
sWqD2BbCyDB7kc3NhZWCOGQ2JavjgN+Na34D9lKgFIAvzFydnVzx5vxIJINe9F9D
6dkpvCCbikqjPaDiPq1A7aofIlQ6Lr0BiJEmokNITK7fG7UHYzD67ksFH+bdtFIL
GDz/SB+EHq3hjRhQ747wDqhQOOLdgzUEugXnNE5XYurO4/oCHCLVxsTWz99DawZ0
fu2ZpIGkNVSZ44dh3cr0W4jriInCuFgpe3KNzl/OYTYq3JABv9geDjmOXvftQZDh
eAQPH9nUzpoW/6U6kaDIWw76qWyKlOToG8WZoubabxJUVT7IUii1ajXudUei0wID
AQABo4IBqDCCAaQwHQYDVR0SBBYwFIESaWVzQGJhbnhpY28ub3JnLm14MBsGA1Ud
EQQUMBKBEGFjb2RzQHNhdC5nb2IubXgwgb4GA1UdIwSBtjCBs4AUFQaOmyQDBH9O
ziwPezcXgew/A+OhgYSkgYEwfzEYMBYGA1UECgwPQmFuY28gZGUgTWV4aWNvMQsw
CQYDVQQGEwJNWDElMCMGA1UEAwwcQWdlbmNpYSBSZWdpc3RyYWRvcmEgQ2VudHJh
bDEvMC0GA1UECwwmSW5mcmFlc3RydWN0dXJhIEV4dGVuZGlkYSBkZSBTZWd1cmlk
YWSCFDAwMDAwMDAwMDAwMDAwMDAwMDAxMB0GA1UdDgQWBBTpzfB7fMtMW4fsfs9H
WUavPqPDNjASBgNVHRMBAf8ECDAGAQH/AgEAMA4GA1UdDwEB/wQEAwIBBjAqBgNV
HR8EIzAhMB+gHaAbhhlodHRwOi8vd3d3LnNhdC5nb2IubXgvY3JsMDYGCCsGAQUF
BwEBBCowKDAmBggrBgEFBQcwAYYaaHR0cDovL3d3dy5zYXQuZ29iLm14L29jc3Aw
DQYJKoZIhvcNAQEFBQADggEBABXPwbiPMl/ncjPTl2BJZkLgNKGgllDMnBVv/fpr
pwnmqcU+4Cuf+1xnodWrV8vxpwuzdO7FhUr4OHvfY3lfs6XQ3mj4wqUGN6DJqbnm
RCw4p6GiCyqu9I2iM/XpAWTsGWpvtr09nVxRIbi2TiiswA/U8eJ/YfWL808lcZrW
JRtxPeb0xgG53siYu0jgxC6UCmezV5uDYGuVjND33i8FOPVo6hOo/zyc0rFVXct0
V6fvm9z7D/urV4Z4Ur29nXPkGoN+cpc8Cr+Q4p6gMR2Ee/27wdo0EckA9h4Mjc2E
5776sHR3x9wLqYgfHk5PUSGaCsN5bVAyBPwwawDmPl10+Xg=
-----END CERTIFICATE-----


### AC SAT 2 ###
-----BEGIN CERTIFICATE-----
MIIGCDCCBPCgAwIBAgIUMDAwMDAwMDAwMDAwMDAwMDEwNDQwDQYJKoZIhvcNAQEF
BQAwfzEYMBYGA1UECgwPQmFuY28gZGUgTWV4aWNvMQswCQYDVQQGEwJNWDElMCMG
A1UEAwwcQWdlbmNpYSBSZWdpc3RyYWRvcmEgQ2VudHJhbDEvMC0GA1UECwwmSW5m
cmFlc3RydWN0dXJhIEV4dGVuZGlkYSBkZSBTZWd1cmlkYWQwHhcNMDgxMDE2MTgy
OTQwWhcNMTIxMDI3MTgyOTQwWjCCAU8xODA2BgNVBAMML0EuQy4gZGVsIFNlcnZp
Y2lvIGRlIEFkbWluaXN0cmFjacOzbiBUcmlidXRhcmlhMS8wLQYDVQQKDCZTZXJ2
aWNpbyBkZSBBZG1pbmlzdHJhY2nDs24gVHJpYnV0YXJpYTEfMB0GCSqGSIb3DQEJ
ARYQYWNvZHNAc2F0LmdvYi5teDEmMCQGA1UECQwdQXYuIEhpZGFsZ28gNzcsIENv
bC4gR3VlcnJlcm8xDjAMBgNVBBEMBTA2MzAwMQswCQYDVQQGEwJNWDEZMBcGA1UE
CAwQRGlzdHJpdG8gRmVkZXJhbDETMBEGA1UEBwwKQ3VhdWh0ZW1vYzEVMBMGA1UE
LRMMU0FUOTcwNzAxTk4zMTUwMwYJKoZIhvcNAQkCDCZSZXNwb25zYWJsZTogQ2Vz
YXIgTHVpcyBQZXJhbGVzIFRlbGxlejCCASIwDQYJKoZIhvcNAQEBBQADggEPADCC
AQoCggEBANwwZE01oaOc/ZTPID3TbxsHJCOazkbjgJnCGNM8o/gZGUKUCMzrQ2wE
qP8W/6KNhL/oLEsyNFQ5cjfGFApBDWvUxWJHby1YlfGYujknm8D++ALusUJcpWI+
lu58BEr1ivvpe9/RiSAtr89YxW3ysnzW9kSjsSNBsHFv3BIjWDKLXgHe/vFmEqSH
S6+CwUqaLxu8RqZ5CgvdGkUdtGnp4mKEKCNkSYgbgy+RHp6hEqqx5qQAKmI2ueB7
vmgfSxFpEhkH7h2JaM9ASndaaIYcBHCAzydto+dINid2iu+6agzn/i8WnbWaKaDG
4Ehn/2loG06T78ff2MdphOH4Hkxy5SkCAwEAAaOCAagwggGkMB0GA1UdEgQWMBSB
Emllc0BiYW54aWNvLm9yZy5teDAbBgNVHREEFDASgRBhY29kc0BzYXQuZ29iLm14
MIG+BgNVHSMEgbYwgbOAFBUGjpskAwR/Ts4sD3s3F4HsPwPjoYGEpIGBMH8xGDAW
BgNVBAoMD0JhbmNvIGRlIE1leGljbzELMAkGA1UEBhMCTVgxJTAjBgNVBAMMHEFn
ZW5jaWEgUmVnaXN0cmFkb3JhIENlbnRyYWwxLzAtBgNVBAsMJkluZnJhZXN0cnVj
dHVyYSBFeHRlbmRpZGEgZGUgU2VndXJpZGFkghQwMDAwMDAwMDAwMDAwMDAwMDAw
MTAdBgNVHQ4EFgQU2RlhGrx/CT9/9fkMSh1/lr+YqhkwEgYDVR0TAQH/BAgwBgEB
/wIBADAOBgNVHQ8BAf8EBAMCAQYwKgYDVR0fBCMwITAfoB2gG4YZaHR0cDovL3d3
dy5zYXQuZ29iLm14L2NybDA2BggrBgEFBQcBAQQqMCgwJgYIKwYBBQUHMAGGGmh0
dHA6Ly93d3cuc2F0LmdvYi5teC9vY3NwMA0GCSqGSIb3DQEBBQUAA4IBAQAGUkK8
DQhTT29PbJ5a5fg3f7vflMK9WCBNRm9IRdXR1OZ0dAV0BL6W286EzxRKqkXGGZGN
c8qUCvdUrs94QaCINfQW2xPjVOx/PKma/NlbaOs9yoO4k5EtSHEROYTj+EoiTsho
o62td2ouAw4FPz5OTaUEHIRX/Zf9Rf/a/1cWesrLWnw7DPrf+9fzwYUnuvDKoVbI
nFMSz8pvLycsPpGJ/urqoSqA/kQeZ/H9mH0NM3raBFvjmzRcUUqLVhh0tEzt7KRZ
Hya22b9CjILtUwgG80x7WuXTXeiFYabLF+ZdzlWNunlbxScs8G2PgcTW+B1ZDJ17
kp8KFawFv3map37K
-----END CERTIFICATE-----


### AC SAT INT ##########
-----BEGIN CERTIFICATE-----
MIIDozCCAwygAwIBAgIIAWNGG1jKWMEwDQYJKoZIhvcNAQEEBQAwggERMS4wLAYD
VQQKFiVTZXJ2aWNpbyBkZSBBZG1pbmlzdHJhY2nzbiBUcmlidXRhcmlhMSswKQYD
VQQLFiJEaXJlY2Np824gZGUgU2VndXJpZGFkIEluZm9ybWF0aWNhMSEwHwYDVQQD
FhhMaWMuIE9zY2FyIE1vcmFsZXMgUmV5ZXMxFTATBgNVBAwWDExpY2VuY2lhdHVy
YTEjMCEGASgWHFRlcmNlcmEgQ2VycmFkYSBkZSBD4WxpeiBTL04xDDAKBgEqFgUw
NDY0MDEPMA0GA1UEBhYGTel4aWNvMQ0wCwYDVQQIFgRELkYuMQ0wCwYDVQQHFgRN
6XhpMRYwFAYDVQQtFg1TQVQ5NzA3MDEtTk4zMCAXDzk4MDIyNDE0NTQtMDYwMBcN
MTAxMjMxMjM1OTU5WjCCARExLjAsBgNVBAoWJVNlcnZpY2lvIGRlIEFkbWluaXN0
cmFjafNuIFRyaWJ1dGFyaWExKzApBgNVBAsWIkRpcmVjY2nzbiBkZSBTZWd1cmlk
YWQgSW5mb3JtYXRpY2ExITAfBgNVBAMWGExpYy4gT3NjYXIgTW9yYWxlcyBSZXll
czEVMBMGA1UEDBYMTGljZW5jaWF0dXJhMSMwIQYBKBYcVGVyY2VyYSBDZXJyYWRh
IGRlIEPhbGl6IFMvTjEMMAoGASoWBTA0NjQwMQ8wDQYDVQQGFgZN6XhpY28xDTAL
BgNVBAgWBEQuRi4xDTALBgNVBAcWBE3peGkxFjAUBgNVBC0WDVNBVDk3MDcwMS1O
TjMwgZ8wDQYJKoZIhvcNAQEBBQADgY0AMIGJAoGBAPX2/5/RGd65sP5BZxOWEtGB
8im4GsA0CAqtnHTSk46E5FwshWm0tMbyMgWvRSfTFEmgZP+zSziTlFGJEEnQOFRh
YaGLWmpDJje3X5iy5cN6FkX6POVnqF4ROyiEiIbFEzwzeqQrupIt5utFHIQcyJ9u
zDXG68qdsqTbbS3aBysLAgMBAAEwDQYJKoZIhvcNAQEEBQADgYEACH3uVyoVpjh8
DWw9JsFV1uxY3TIxPc0iKr5dueiTD7tLfWBjZgyxUYt7BrutWq1OlPWqJAKu+BSt
LElf71dZ4nOwlZ8v1O/6mTWqUaSUfdfvxSZT8Lkx+0t8rK82ntjpCVl/aZvs5829
4s9MLTi3yzzcCNBDmIiHZtN7HnrDkGE=
-----END CERTIFICATE-----


-----BEGIN CERTIFICATE-----
MIIHNjCCBR6gAwIBAgIBADANBgkqhkiG9w0BAQUFADCB8zELMAkGA1UEBhMCTVgx
EjAQBgNVBAgMCU1leGljbyBERjEZMBcGA1UEBwwQRGlzdHJpdG8gRmVkZXJhbDEu
MCwGA1UECgwlU2VydmljaW8gZGUgQWRtaW5pc3RyYWNpb24gVHJpYnV0YXJpYTEk
MCIGA1UECwwbU2VndXJpZGFkIGRlIGxhIEluZm9ybWFjaW9uMSAwHgYDVQQDDBdB
dXRvcmlkYWQgQ2VydGlmaWNhZG9yYTEZMBcGA1UECQwQM2EgQ2RhIENhbGl6IFMv
TjEOMAwGA1UEEQwFMDQ2NDAxEjAQBgNVBC0MCVNBVDk3MDcwMTAeFw0wOTA3Mjgy
MjE5MzBaFw0xOTA3MjgyMjE5MzBaMIHzMQswCQYDVQQGEwJNWDESMBAGA1UECAwJ
TWV4aWNvIERGMRkwFwYDVQQHDBBEaXN0cml0byBGZWRlcmFsMS4wLAYDVQQKDCVT
ZXJ2aWNpbyBkZSBBZG1pbmlzdHJhY2lvbiBUcmlidXRhcmlhMSQwIgYDVQQLDBtT
ZWd1cmlkYWQgZGUgbGEgSW5mb3JtYWNpb24xIDAeBgNVBAMMF0F1dG9yaWRhZCBD
ZXJ0aWZpY2Fkb3JhMRkwFwYDVQQJDBAzYSBDZGEgQ2FsaXogUy9OMQ4wDAYDVQQR
DAUwNDY0MDESMBAGA1UELQwJU0FUOTcwNzAxMIICIjANBgkqhkiG9w0BAQEFAAOC
Ag8AMIICCgKCAgEAtLVDZ2wyDIPIr5xb7vyDACCIaos7G1o3WPR7sxCLscaKgeJr
sW1MMNLxqn0pp790ai3mtyRVobC0TgOk9gJobZbJ9qvh8o3ZHEl8I48BOS5Y2ncv
36m/hg5uq6BINTWNc56MENRSC8tBHp19jNmSE2PWLQ0Wm9KER+cCxhsKsTKWXAdf
1CLqOdEgRoWBIkW6/14n2sWXBB/PGjdMFT0vWc9/NoCh9I/KJ2MYr7KoRQi1N0YV
MSPJNYTL7hWZJgDUgcKN2eO83dcUnoK8SBPJb+XN9l7RhIm4DEM0H0owQe1UHEov
In1GEUqOwZ3Ig4KRYER9fQrqxQHsJBoYo/ATAikG6jOxVU66Do2RWuboaU95hG2q
g9NJ3GaPDqfw+jJjwMrYSRzwoojwauq0HZbZuPwEDDQgHhJfsOiBQaV/tcRpZACn
KdXYzJDmQOdbqKcd6it/HNQ41faBj/94JUk+CrgoA+V/zAVrO+XDoKgbR2SOG7Q9
uW9ylc0xNQvI7Is+8bQ0jZt4RFv7uK2RfT7zRKGZz5r2EUzThkQya1oUvN3buq+c
UT2TqgYYH1QelXHlqelAoRb7vhdX7uGsAK5B10Er1ME/pygCaH39kteqyHf93x9+
0flSRUzNE3pL9oXpwD6xdBRqV3EujY2OmC88TkUYwf11jREYZ3IQKonz/s0CAwEA
AaOB0jCBzzAdBgNVHQ4EFgQUqbJ3fKqa/+mnA9JUelDVF0qx1xQwHwYDVR0jBBgw
FoAUqbJ3fKqa/+mnA9JUelDVF0qx1xQwDwYDVR0TAQH/BAUwAwEB/zALBgNVHQ8E
BAMCAd4wNgYDVR0fBC8wLTAroCmgJ4YlaHR0cDovL3BraS5iYW54aWNvLmdvYi5t
eC9iYW54aWNvLmNybDA3BggrBgEFBQcBAQQrMCkwJwYIKwYBBQUHMAGGG2h0dHA6
Ly9vY3NwLmJhbnhpY28uZ29iLm14LzANBgkqhkiG9w0BAQUFAAOCAgEAPVB3cq9/
jphQQ7v2jE9gd2vNcHqrXfRKE/bGXLlies5QyNP031Ryle+Q7OdzqX06MGq6pVRK
HYvrza1MFTUWnV/Aef7aI7ZW25vsjANQovkC3lH/ZSsrKpBTpRvKC/rUfrVMeViU
mfrI8hnCOThtOfz/bDtsxV78DEUVyMX74diXwSZq7VI8WzI7xqm97zJd+CRE1es5
ga0mb3+uj2APwBuU5/MN2CR01FhA7AFxdJrslDLmUbhYiKmCZzLE0SnjX3PAMpV2
pDE0E2FVp8U+yMm7mPqlqpWvp6EB7Isvtya1xGIkkxxam4hLKzRExpQngbWBUzds
1OHCd3HilgzFTHBpuLdw9Bz860JQ/qVTak9Z6AudnzFahkF+pjAI0gJ6Aeo+3DZu
pCEFA7JDJ7ANuH75+xY7eMoyEL+g/bmS8l9+yKI6i9mAALLQXoR4R960uLBlxaqH
HhcabPlUAvy2BZgpkXN36y03xwK8WsnY4Eovo3TfzWPORJiD+UKAB9rui33yN5cD
UJDQKuW6BlIUKzXtR9uG5BV6CcnUHtrlkaRtUHqXPXxgjcvUxJSqUOJ1n6OyawGA
ygHkvlLrMVRlB97p/z4cz7OZ9fzBgVQ7/aDU/qUHZTcXLZGGK0tsQ5DLd44UEKcW
+9LUc0h/FgBMw6n4BaNsG2Samp2TmscFh5M=
-----END CERTIFICATE-----
