 SgiCripto2msd

 Timestamp is 477ec991 (Fri Jan 04 18:04:33 2008)

 Preferred load address is 10000000

 Start         Length     Name                   Class
 0001:00000000 000b4ff4H .text                   CODE
 0001:000b5000 0000119bH .text$x                 CODE
 0002:00000000 0000035cH .idata$5                DATA
 0002:0000035c 00000004H .CRT$XCA                DATA
 0002:00000360 00000004H .CRT$XCZ                DATA
 0002:00000364 00000004H .CRT$XIA                DATA
 0002:00000368 00000004H .CRT$XIAA               DATA
 0002:0000036c 00000004H .CRT$XIC                DATA
 0002:00000370 00000004H .CRT$XIZ                DATA
 0002:00000378 00029be6H .rdata                  DATA
 0002:00029f60 000004b4H .rdata$r                DATA
 0002:0002a414 00000004H .rtc$IAA                DATA
 0002:0002a418 00000004H .rtc$IZZ                DATA
 0002:0002a41c 00000004H .rtc$TAA                DATA
 0002:0002a420 00000004H .rtc$TZZ                DATA
 0002:0002a428 00001090H .xdata$x                DATA
 0002:0002b4b8 0000008cH .idata$2                DATA
 0002:0002b544 00000014H .idata$3                DATA
 0002:0002b558 0000035cH .idata$4                DATA
 0002:0002b8b4 000015beH .idata$6                DATA
 0002:0002ce80 00000a82H .edata                  DATA
 0003:00000000 0000ea63H .data                   DATA
 0003:0000ea68 000025f8H .bss                    DATA
 0004:00000000 00000058H .rsrc$01                DATA
 0004:00000060 00000330H .rsrc$02                DATA

  Address         Publics by Value              Rva+Base       Lib:Object

 0000:00000000       ___safe_se_handler_table   00000000     <absolute>
 0000:00000000       __except_list              00000000     <absolute>
 0000:00000000       ___safe_se_handler_count   00000000     <absolute>
 0000:00009876       __fltused                  00009876     <absolute>
 0000:00009876       __ldused                   00009876     <absolute>
 0000:00000000       ___ImageBase               10000000     <linker-defined>
 0001:00000000       _DllMain@12                10001000 f   SgiCripto.obj
 0001:00000050       ?new_SgiCripto@SgiCripto@@YAPAXXZ 10001050 f   SgiCripto.obj
 0001:000000e0       ?delete_SgiCripto@SgiCripto@@YAXPAX@Z 100010e0 f   SgiCripto.obj
 0001:00000100       ?new_SgiCertificado@SgiCripto@@YAPAXXZ 10001100 f   SgiCripto.obj
 0001:00000170       ?delete_SgiCertificado@SgiCripto@@YAXPAX@Z 10001170 f   SgiCripto.obj
 0001:00000190       ?inicia@SgiCripto@@YA?AW4tError@1@PAX_NPBD@Z 10001190 f   SgiCripto.obj
 0001:000001b0       ?conectaARA@SgiCripto@@YA?AW4tError@1@PAX@Z 100011b0 f   SgiCripto.obj
 0001:000001e0       ?desconectaARA@SgiCripto@@YAXPAX@Z 100011e0 f   SgiCripto.obj
 0001:00000200       ?keepaliveARA@SgiCripto@@YA?AW4tError@1@PAX@Z 10001200 f   SgiCripto.obj
 0001:00000230       ?solCDxNS@SgiCripto@@YA?AW4tError@1@PAXPBDPAW4tCertEdo@1@PAW4tCertTipo@1@PAV?$basic_string@DU?$char_traits@D@std@@V?$allocator@D@2@@std@@4PAEPAH@Z 10001230 f   SgiCripto.obj
 0001:00000280       ?solEdoCDxNS@SgiCripto@@YA?AW4tError@1@PAXPBDPAW4tCertEdo@1@PAW4tCertTipo@1@PAV?$basic_string@DU?$char_traits@D@std@@V?$allocator@D@2@@std@@4@Z 10001280 f   SgiCripto.obj
 0001:000002d0       ?solNSCDFEAxRFC@SgiCripto@@YA?AW4tError@1@PAXPBDPAV?$basic_string@DU?$char_traits@D@std@@V?$allocator@D@2@@std@@@Z 100012d0 f   SgiCripto.obj
 0001:00000310       ?solListaCDxRFC@SgiCripto@@YA?AW4tError@1@PAXPBDW4tCertEdo@1@W4tCertTipo@1@GPAV?$basic_string@DU?$char_traits@D@std@@V?$allocator@D@2@@std@@@Z 10001310 f   SgiCripto.obj
 0001:00000360       ?verificaLlaves@SgiCripto@@YA?AW4tError@1@PAXPBD11@Z 10001360 f   SgiCripto.obj
 0001:00000380       ?generaFirma@SgiCripto@@YA?AW4tError@1@PAXPBD11W4tAlgDig@1@PAV?$basic_string@DU?$char_traits@D@std@@V?$allocator@D@2@@std@@@Z 10001380 f   SgiCripto.obj
 0001:000003c0       ?verFirmaIni@SgiCripto@@YA?AW4tError@1@PAX0PBD@Z 100013c0 f   SgiCripto.obj
 0001:000003e0       ?verFirmaProceso@SgiCripto@@YA?AW4tError@1@PAXPBDI@Z 100013e0 f   SgiCripto.obj
 0001:00000420       ?verFirmaFin@SgiCripto@@YA?AW4tError@1@PAX@Z 10001420 f   SgiCripto.obj
 0001:00000440       ?verFirma@SgiCripto@@YA?AW4tError@1@PAX0PBD1@Z 10001440 f   SgiCripto.obj
 0001:000004b0       ?genP7@SgiCripto@@YA?AW4tError@1@PAXPBD111W4tTipoPKCS7@1@1W4tAlgEnc@1@1@Z 100014b0 f   SgiCripto.obj
 0001:000004f0       ?obtieneNumSerieP7@SgiCripto@@YA?AW4tError@1@PAXPBDPAV?$basic_string@DU?$char_traits@D@std@@V?$allocator@D@2@@std@@@Z 100014f0 f   SgiCripto.obj
 0001:00000510       ?procP7@SgiCripto@@YA?AW4tError@1@PAXPBD11111W4tCertTipo@1@@Z 10001510 f   SgiCripto.obj
 0001:00000550       ?procP7@SgiCripto@@YA?AW4tError@1@PAXPBD111HPAPADPAH1W4tCertTipo@1@@Z 10001550 f   SgiCripto.obj
 0001:00000590       ?encripta@SgiCripto@@YA?AW4tError@1@PAXPBEGW4tAlgEnc@1@1HPAEPAG@Z 10001590 f   SgiCripto.obj
 0001:000005e0       ?desencripta@SgiCripto@@YA?AW4tError@1@PAXPBEGW4tAlgEnc@1@1HPAEPAG@Z 100015e0 f   SgiCripto.obj
 0001:00000630       ?inicializa@SgiCripto@@YA?AW4tError@1@PAXPBEH@Z 10001630 f   SgiCripto.obj
 0001:00000650       ?getNSerie@SgiCripto@@YA?AW4tError@1@PAXPAV?$basic_string@DU?$char_traits@D@std@@V?$allocator@D@2@@std@@@Z 10001650 f   SgiCripto.obj
 0001:00000680       ?getRFC@SgiCripto@@YA?AW4tError@1@PAXPAV?$basic_string@DU?$char_traits@D@std@@V?$allocator@D@2@@std@@@Z 10001680 f   SgiCripto.obj
 0001:000006b0       ?getNom@SgiCripto@@YA?AW4tError@1@PAXPAV?$basic_string@DU?$char_traits@D@std@@V?$allocator@D@2@@std@@@Z 100016b0 f   SgiCripto.obj
 0001:000006e0       ?getVigIni@SgiCripto@@YA?AW4tError@1@PAXPAV?$basic_string@DU?$char_traits@D@std@@V?$allocator@D@2@@std@@@Z 100016e0 f   SgiCripto.obj
 0001:00000710       ?getVigFin@SgiCripto@@YA?AW4tError@1@PAXPAV?$basic_string@DU?$char_traits@D@std@@V?$allocator@D@2@@std@@@Z 10001710 f   SgiCripto.obj
 0001:00000740       ?msgError@SgiCripto@@YAPBDW4tError@1@@Z 10001740 f   SgiCripto.obj
 0001:00000c60       ??4_Iterator_base@std@@QAEAAV01@ABV01@@Z 10001c60 f i Sgi_ARA.obj
 0001:00000ce0       ??1_Iterator_base@std@@QAE@XZ 10001ce0 f i Sgi_ARA.obj
 0001:00000d40       ?_Adopt@_Iterator_base@std@@QAEXPBV_Container_base@2@@Z 10001d40 f i Sgi_ARA.obj
 0001:00000dc0       ?_Orphan_me@_Iterator_base@std@@QAEXXZ 10001dc0 f i Sgi_ARA.obj
 0001:00000e10       ??1CConfigFile@@QAE@XZ     10001e10 f i Sgi_ARA.obj
 0001:00000e90       ??1?$multimap@V?$basic_string@DU?$char_traits@D@std@@V?$allocator@D@2@@std@@V12@U?$less@V?$basic_string@DU?$char_traits@D@std@@V?$allocator@D@2@@std@@@2@V?$allocator@U?$pair@$$CBV?$basic_string@DU?$char_traits@D@std@@V?$allocator@D@2@@std@@V12@@std@@@2@@std@@QAE@XZ 10001e90 f i Sgi_ARA.obj
 0001:00000ef0       ??0CSgiARA@@QAE@PBD@Z      10001ef0 f   Sgi_ARA.obj
 0001:000010e0       ??1MensajesARA@@QAE@XZ     100020e0 f i Sgi_ARA.obj
 0001:000010f0       ??1Mensajes@@QAE@XZ        100020f0 f i Sgi_ARA.obj
 0001:000011d0       ??1ManArchivo@@QAE@XZ      100021d0 f i Sgi_ARA.obj
 0001:000011e0       ??1CSgiARA@@QAE@XZ         100021e0 f   Sgi_ARA.obj
 0001:000012a0       ?Inicia@CSgiARA@@QAEHXZ    100022a0 f   Sgi_ARA.obj
 0001:000013d0       ?LeeCfg@CSgiARA@@IAEHXZ    100023d0 f   Sgi_ARA.obj
 0001:000015a0       ?LeeCfgUsr@CSgiARA@@IAEXXZ 100025a0 f   Sgi_ARA.obj
 0001:000017d0       ?Crea_Bitacora@CSgiARA@@IAEPAVCBitacora@@PBD@Z 100027d0 f   Sgi_ARA.obj
 0001:00001870       ?Conecta@CSgiARA@@QAEHXZ   10002870 f   Sgi_ARA.obj
 0001:00001a80       ??1CSSL_parms@@QAE@XZ      10002a80 f i Sgi_ARA.obj
 0001:00001b10       ?Desconecta@CSgiARA@@QAEXXZ 10002b10 f   Sgi_ARA.obj
 0001:00001b70       ?EnviaRecibe@CSgiARA@@IAEHXZ 10002b70 f   Sgi_ARA.obj
 0001:00001bd0       ?getMsgError@CSgiARA@@IAEPBDH@Z 10002bd0 f   Sgi_ARA.obj
 0001:00001cb0       ?RegErrorBitTxt@CSgiARA@@IAEXPBDHH@Z 10002cb0 f   Sgi_ARA.obj
 0001:00001d90       ?RecMsgErrorARA@CSgiARA@@IAEHPBD@Z 10002d90 f   Sgi_ARA.obj
 0001:000020e0       ?TrataFecha@CSgiARA@@IAEXQADHPAV?$basic_string@DU?$char_traits@D@std@@V?$allocator@D@2@@std@@@Z 100030e0 f   Sgi_ARA.obj
 0001:00002120       ?SolCDxNS@CSgiARA@@QAEHPBDAADAAEPAV?$basic_string@DU?$char_traits@D@std@@V?$allocator@D@2@@std@@3PAEAAH@Z 10003120 f   Sgi_ARA.obj
 0001:000024b0       ?SolEdoCDxNS@CSgiARA@@QAEHPBDAADAAEPAV?$basic_string@DU?$char_traits@D@std@@V?$allocator@D@2@@std@@3@Z 100034b0 f   Sgi_ARA.obj
 0001:000027d0       ?SolNSCDFEAxRFC@CSgiARA@@QAEHPBDPAV?$basic_string@DU?$char_traits@D@std@@V?$allocator@D@2@@std@@@Z 100037d0 f   Sgi_ARA.obj
 0001:000029a0       ?SolListaCDxRFC@CSgiARA@@QAEHPBDDEGPAV?$basic_string@DU?$char_traits@D@std@@V?$allocator@D@2@@std@@@Z 100039a0 f   Sgi_ARA.obj
 0001:00002bf0       ?KeepAlive@CSgiARA@@QAEHXZ 10003bf0 f   Sgi_ARA.obj
 0001:00002cd0       ??1?$_Tree_val@V?$_Tmap_traits@V?$basic_string@DU?$char_traits@D@std@@V?$allocator@D@2@@std@@V12@U?$less@V?$basic_string@DU?$char_traits@D@std@@V?$allocator@D@2@@std@@@2@V?$allocator@U?$pair@$$CBV?$basic_string@DU?$char_traits@D@std@@V?$allocator@D@2@@std@@V12@@std@@@2@$00@std@@@std@@QAE@XZ 10003cd0 f i Sgi_ARA.obj
 0001:00002ce0       ?_Tidy@?$_Tree@V?$_Tmap_traits@V?$basic_string@DU?$char_traits@D@std@@V?$allocator@D@2@@std@@V12@U?$less@V?$basic_string@DU?$char_traits@D@std@@V?$allocator@D@2@@std@@@2@V?$allocator@U?$pair@$$CBV?$basic_string@DU?$char_traits@D@std@@V?$allocator@D@2@@std@@V12@@std@@@2@$00@std@@@std@@IAEXXZ 10003ce0 f i Sgi_ARA.obj
 0001:00002da0       ??1?$_Bidit@U?$pair@$$CBV?$basic_string@DU?$char_traits@D@std@@V?$allocator@D@2@@std@@V12@@std@@HPBU12@ABU12@@std@@QAE@XZ 10003da0 f i Sgi_ARA.obj
 0001:00002da0       ??1const_iterator@?$_Tree@V?$_Tmap_traits@V?$basic_string@DU?$char_traits@D@std@@V?$allocator@D@2@@std@@V12@U?$less@V?$basic_string@DU?$char_traits@D@std@@V?$allocator@D@2@@std@@@2@V?$allocator@U?$pair@$$CBV?$basic_string@DU?$char_traits@D@std@@V?$allocator@D@2@@std@@V12@@std@@@2@$00@std@@@std@@QAE@XZ 10003da0 f i Sgi_ARA.obj
 0001:00002da0       ??1iterator@?$_Tree@V?$_Tmap_traits@V?$basic_string@DU?$char_traits@D@std@@V?$allocator@D@2@@std@@V12@U?$less@V?$basic_string@DU?$char_traits@D@std@@V?$allocator@D@2@@std@@@2@V?$allocator@U?$pair@$$CBV?$basic_string@DU?$char_traits@D@std@@V?$allocator@D@2@@std@@V12@@std@@@2@$00@std@@@std@@QAE@XZ 10003da0 f i Sgi_ARA.obj
 0001:00002da0       ??1?$pair@Viterator@?$_Tree@V?$_Tmap_traits@V?$basic_string@DU?$char_traits@D@std@@V?$allocator@D@2@@std@@V12@U?$less@V?$basic_string@DU?$char_traits@D@std@@V?$allocator@D@2@@std@@@2@V?$allocator@U?$pair@$$CBV?$basic_string@DU?$char_traits@D@std@@V?$allocator@D@2@@std@@V12@@std@@@2@$00@std@@@std@@_N@std@@QAE@XZ 10003da0 f i Sgi_ConfigFile.obj
 0001:00002db0       ?begin@?$_Tree@V?$_Tmap_traits@V?$basic_string@DU?$char_traits@D@std@@V?$allocator@D@2@@std@@V12@U?$less@V?$basic_string@DU?$char_traits@D@std@@V?$allocator@D@2@@std@@@2@V?$allocator@U?$pair@$$CBV?$basic_string@DU?$char_traits@D@std@@V?$allocator@D@2@@std@@V12@@std@@@2@$00@std@@@std@@QAE?AViterator@12@XZ 10003db0 f i Sgi_ARA.obj
 0001:00002e10       ?end@?$_Tree@V?$_Tmap_traits@V?$basic_string@DU?$char_traits@D@std@@V?$allocator@D@2@@std@@V12@U?$less@V?$basic_string@DU?$char_traits@D@std@@V?$allocator@D@2@@std@@@2@V?$allocator@U?$pair@$$CBV?$basic_string@DU?$char_traits@D@std@@V?$allocator@D@2@@std@@V12@@std@@@2@$00@std@@@std@@QAE?AViterator@12@XZ 10003e10 f i Sgi_ARA.obj
 0001:00002e70       ?erase@?$_Tree@V?$_Tmap_traits@V?$basic_string@DU?$char_traits@D@std@@V?$allocator@D@2@@std@@V12@U?$less@V?$basic_string@DU?$char_traits@D@std@@V?$allocator@D@2@@std@@@2@V?$allocator@U?$pair@$$CBV?$basic_string@DU?$char_traits@D@std@@V?$allocator@D@2@@std@@V12@@std@@@2@$00@std@@@std@@QAE?AViterator@12@V312@0@Z 10003e70 f i Sgi_ARA.obj
 0001:00003180       ?erase@?$_Tree@V?$_Tmap_traits@V?$basic_string@DU?$char_traits@D@std@@V?$allocator@D@2@@std@@V12@U?$less@V?$basic_string@DU?$char_traits@D@std@@V?$allocator@D@2@@std@@@2@V?$allocator@U?$pair@$$CBV?$basic_string@DU?$char_traits@D@std@@V?$allocator@D@2@@std@@V12@@std@@@2@$00@std@@@std@@QAE?AViterator@12@V312@@Z 10004180 f i Sgi_ARA.obj
 0001:00003560       ?clear@?$_Tree@V?$_Tmap_traits@V?$basic_string@DU?$char_traits@D@std@@V?$allocator@D@2@@std@@V12@U?$less@V?$basic_string@DU?$char_traits@D@std@@V?$allocator@D@2@@std@@@2@V?$allocator@U?$pair@$$CBV?$basic_string@DU?$char_traits@D@std@@V?$allocator@D@2@@std@@V12@@std@@@2@$00@std@@@std@@QAEXXZ 10004560 f i Sgi_ARA.obj
 0001:000035d0       ??Eiterator@?$_Tree@V?$_Tmap_traits@V?$basic_string@DU?$char_traits@D@std@@V?$allocator@D@2@@std@@V12@U?$less@V?$basic_string@DU?$char_traits@D@std@@V?$allocator@D@2@@std@@@2@V?$allocator@U?$pair@$$CBV?$basic_string@DU?$char_traits@D@std@@V?$allocator@D@2@@std@@V12@@std@@@2@$00@std@@@std@@QAE?AV012@H@Z 100045d0 f i Sgi_ARA.obj
 0001:00003640       ??8const_iterator@?$_Tree@V?$_Tmap_traits@V?$basic_string@DU?$char_traits@D@std@@V?$allocator@D@2@@std@@V12@U?$less@V?$basic_string@DU?$char_traits@D@std@@V?$allocator@D@2@@std@@@2@V?$allocator@U?$pair@$$CBV?$basic_string@DU?$char_traits@D@std@@V?$allocator@D@2@@std@@V12@@std@@@2@$00@std@@@std@@QBE_NABV012@@Z 10004640 f i Sgi_ARA.obj
 0001:000036b0       ?_Erase@?$_Tree@V?$_Tmap_traits@V?$basic_string@DU?$char_traits@D@std@@V?$allocator@D@2@@std@@V12@U?$less@V?$basic_string@DU?$char_traits@D@std@@V?$allocator@D@2@@std@@@2@V?$allocator@U?$pair@$$CBV?$basic_string@DU?$char_traits@D@std@@V?$allocator@D@2@@std@@V12@@std@@@2@$00@std@@@std@@IAEXPAU_Node@?$_Tree_nod@V?$_Tmap_traits@V?$basic_string@DU?$char_traits@D@std@@V?$allocator@D@2@@std@@V12@U?$less@V?$basic_string@DU?$char_traits@D@std@@V?$allocator@D@2@@std@@@2@V?$allocator@U?$pair@$$CBV?$basic_string@DU?$char_traits@D@std@@V?$allocator@D@2@@std@@V12@@std@@@2@$00@std@@@2@@Z 100046b0 f i Sgi_ARA.obj
 0001:00003740       ?_Lrotate@?$_Tree@V?$_Tmap_traits@V?$basic_string@DU?$char_traits@D@std@@V?$allocator@D@2@@std@@V12@U?$less@V?$basic_string@DU?$char_traits@D@std@@V?$allocator@D@2@@std@@@2@V?$allocator@U?$pair@$$CBV?$basic_string@DU?$char_traits@D@std@@V?$allocator@D@2@@std@@V12@@std@@@2@$00@std@@@std@@IAEXPAU_Node@?$_Tree_nod@V?$_Tmap_traits@V?$basic_string@DU?$char_traits@D@std@@V?$allocator@D@2@@std@@V12@U?$less@V?$basic_string@DU?$char_traits@D@std@@V?$allocator@D@2@@std@@@2@V?$allocator@U?$pair@$$CBV?$basic_string@DU?$char_traits@D@std@@V?$allocator@D@2@@std@@V12@@std@@@2@$00@std@@@2@@Z 10004740 f i Sgi_ARA.obj
 0001:00003790       ?_Rrotate@?$_Tree@V?$_Tmap_traits@V?$basic_string@DU?$char_traits@D@std@@V?$allocator@D@2@@std@@V12@U?$less@V?$basic_string@DU?$char_traits@D@std@@V?$allocator@D@2@@std@@@2@V?$allocator@U?$pair@$$CBV?$basic_string@DU?$char_traits@D@std@@V?$allocator@D@2@@std@@V12@@std@@@2@$00@std@@@std@@IAEXPAU_Node@?$_Tree_nod@V?$_Tmap_traits@V?$basic_string@DU?$char_traits@D@std@@V?$allocator@D@2@@std@@V12@U?$less@V?$basic_string@DU?$char_traits@D@std@@V?$allocator@D@2@@std@@@2@V?$allocator@U?$pair@$$CBV?$basic_string@DU?$char_traits@D@std@@V?$allocator@D@2@@std@@V12@@std@@@2@$00@std@@@2@@Z 10004790 f i Sgi_ARA.obj
 0001:000037e0       ?_Orphan_ptr@?$_Tree@V?$_Tmap_traits@V?$basic_string@DU?$char_traits@D@std@@V?$allocator@D@2@@std@@V12@U?$less@V?$basic_string@DU?$char_traits@D@std@@V?$allocator@D@2@@std@@@2@V?$allocator@U?$pair@$$CBV?$basic_string@DU?$char_traits@D@std@@V?$allocator@D@2@@std@@V12@@std@@@2@$00@std@@@std@@IBEXAAV12@PAU_Node@?$_Tree_nod@V?$_Tmap_traits@V?$basic_string@DU?$char_traits@D@std@@V?$allocator@D@2@@std@@V12@U?$less@V?$basic_string@DU?$char_traits@D@std@@V?$allocator@D@2@@std@@@2@V?$allocator@U?$pair@$$CBV?$basic_string@DU?$char_traits@D@std@@V?$allocator@D@2@@std@@V12@@std@@@2@$00@std@@@2@@Z 100047e0 f i Sgi_ARA.obj
 0001:00003830       ?_Inc@const_iterator@?$_Tree@V?$_Tmap_traits@V?$basic_string@DU?$char_traits@D@std@@V?$allocator@D@2@@std@@V12@U?$less@V?$basic_string@DU?$char_traits@D@std@@V?$allocator@D@2@@std@@@2@V?$allocator@U?$pair@$$CBV?$basic_string@DU?$char_traits@D@std@@V?$allocator@D@2@@std@@V12@@std@@@2@$00@std@@@std@@QAEXXZ 10004830 f i Sgi_ARA.obj
 0001:000038e0       ??1?$pair@$$CBV?$basic_string@DU?$char_traits@D@std@@V?$allocator@D@2@@std@@V12@@std@@QAE@XZ 100048e0 f i Sgi_ARA.obj
 0001:00003940       ??_ECArchivo@@UAEPAXI@Z    10004940 f i  CIL library: CIL module
 0001:00003940       ??_GCArchivo@@UAEPAXI@Z    10004940 f i Sgi_Archivo.obj
 0001:00003980       ??1CArchivo@@UAE@XZ        10004980 f   Sgi_Archivo.obj
 0001:000039b0       ?Lee@CArchivo@@UAEIPBD@Z   100049b0 f   Sgi_Archivo.obj
 0001:00003b00       ?B64_Decodifica@@YA_NPADGPAEPAG@Z 10004b00 f   Sgi_B64.obj
 0001:00003d10       ?B64_Codifica@@YA_NPAEGPADPAG@Z 10004d10 f   Sgi_B64.obj
 0001:00003ea0       ??0CBitacora@@QAE@V?$basic_string@DU?$char_traits@D@std@@V?$allocator@D@2@@std@@@Z 10004ea0 f   Sgi_Bitacora.obj
 0001:00003f30       ?escribe@CBitacora@@QAEXW4BIT_NIVEL@@PBD@Z 10004f30 f   Sgi_Bitacora.obj
 0001:000040e0       ?escribePV@CBitacora@@QAAXW4BIT_NIVEL@@PBDZZ 100050e0 f   Sgi_Bitacora.obj
 0001:00004140       ?ObtenerFecha@CBitacora@@AAEXPAD@Z 10005140 f   Sgi_Bitacora.obj
 0001:00004210       ??0sentry@?$basic_ostream@DU?$char_traits@D@std@@@std@@QAE@AAV12@@Z 10005210 f i Sgi_Bitacora.obj
 0001:000042a0       ??1sentry@?$basic_ostream@DU?$char_traits@D@std@@@std@@QAE@XZ 100052a0 f i Sgi_Bitacora.obj
 0001:00004320       ??1_Sentry_base@?$basic_ostream@DU?$char_traits@D@std@@@std@@QAE@XZ 10005320 f i Sgi_Bitacora.obj
 0001:00004340       ??$?6U?$char_traits@D@std@@@std@@YAAAV?$basic_ostream@DU?$char_traits@D@std@@@0@AAV10@PBD@Z 10005340 f i Sgi_Bitacora.obj
 0001:00004510       ??3@YAXPAX0@Z              10005510 f i Sgi_ConfigFile.obj
 0001:00004520       ?what@logic_error@std@@UBEPBDXZ 10005520 f i Sgi_ConfigFile.obj
 0001:00004530       ??_Glength_error@std@@UAEPAXI@Z 10005530 f i Sgi_ConfigFile.obj
 0001:00004530       ??_Glogic_error@std@@UAEPAXI@Z 10005530 f i Sgi_ConfigFile.obj
 0001:00004530       ??_Elogic_error@std@@UAEPAXI@Z 10005530 f i  CIL library: CIL module
 0001:00004530       ??_Elength_error@std@@UAEPAXI@Z 10005530 f i  CIL library: CIL module
 0001:00004560       ??1length_error@std@@UAE@XZ 10005560 f i Sgi_ConfigFile.obj
 0001:00004580       ??0logic_error@std@@QAE@ABV01@@Z 10005580 f i Sgi_ConfigFile.obj
 0001:000045f0       ??0CConfigFile@@QAE@V?$basic_string@DU?$char_traits@D@std@@V?$allocator@D@2@@std@@@Z 100055f0 f   Sgi_ConfigFile.obj
 0001:00004680       ?m_leeTagPrincipal@CConfigFile@@AAEHPAV?$basic_fstream@DU?$char_traits@D@std@@@std@@V?$basic_string@DU?$char_traits@D@std@@V?$allocator@D@2@@3@@Z 10005680 f   Sgi_ConfigFile.obj
 0001:000048c0       ?formCadena@CConfigFile@@AAE_NV?$basic_string@DU?$char_traits@D@std@@V?$allocator@D@2@@std@@PAV23@@Z 100058c0 f   Sgi_ConfigFile.obj
 0001:000049d0       ?getValorVar@CConfigFile@@QAEHPBD0PAV?$basic_string@DU?$char_traits@D@std@@V?$allocator@D@2@@std@@@Z 100059d0 f   Sgi_ConfigFile.obj
 0001:00005010       ?m_readCfgFile@CConfigFile@@AAEHXZ 10006010 f   Sgi_ConfigFile.obj
 0001:000051b0       ??_E?$basic_fstream@DU?$char_traits@D@std@@@std@@UAEPAXI@Z 100061b0 f i  CIL library: CIL module
 0001:000051b0       ??_G?$basic_fstream@DU?$char_traits@D@std@@@std@@UAEPAXI@Z 100061b0 f i Sgi_ConfigFile.obj
 0001:000051e0       ?insert@?$multimap@V?$basic_string@DU?$char_traits@D@std@@V?$allocator@D@2@@std@@V12@U?$less@V?$basic_string@DU?$char_traits@D@std@@V?$allocator@D@2@@std@@@2@V?$allocator@U?$pair@$$CBV?$basic_string@DU?$char_traits@D@std@@V?$allocator@D@2@@std@@V12@@std@@@2@@std@@QAE?AViterator@?$_Tree@V?$_Tmap_traits@V?$basic_string@DU?$char_traits@D@std@@V?$allocator@D@2@@std@@V12@U?$less@V?$basic_string@DU?$char_traits@D@std@@V?$allocator@D@2@@std@@@2@V?$allocator@U?$pair@$$CBV?$basic_string@DU?$char_traits@D@std@@V?$allocator@D@2@@std@@V12@@std@@@2@$00@std@@@2@ABU?$pair@$$CBV?$basic_string@DU?$char_traits@D@std@@V?$allocator@D@2@@std@@V12@@2@@Z 100061e0 f i Sgi_ConfigFile.obj
 0001:00005290       ?find@?$_Tree@V?$_Tmap_traits@V?$basic_string@DU?$char_traits@D@std@@V?$allocator@D@2@@std@@V12@U?$less@V?$basic_string@DU?$char_traits@D@std@@V?$allocator@D@2@@std@@@2@V?$allocator@U?$pair@$$CBV?$basic_string@DU?$char_traits@D@std@@V?$allocator@D@2@@std@@V12@@std@@@2@$00@std@@@std@@QAE?AViterator@12@ABV?$basic_string@DU?$char_traits@D@std@@V?$allocator@D@2@@2@@Z 10006290 f i Sgi_ConfigFile.obj
 0001:00005460       ??0?$_Tree@V?$_Tmap_traits@V?$basic_string@DU?$char_traits@D@std@@V?$allocator@D@2@@std@@V12@U?$less@V?$basic_string@DU?$char_traits@D@std@@V?$allocator@D@2@@std@@@2@V?$allocator@U?$pair@$$CBV?$basic_string@DU?$char_traits@D@std@@V?$allocator@D@2@@std@@V12@@std@@@2@$00@std@@@std@@QAE@ABU?$less@V?$basic_string@DU?$char_traits@D@std@@V?$allocator@D@2@@std@@@1@ABV?$allocator@U?$pair@$$CBV?$basic_string@DU?$char_traits@D@std@@V?$allocator@D@2@@std@@V12@@std@@@1@@Z 10006460 f i Sgi_ConfigFile.obj
 0001:000054d0       ?insert@?$_Tree@V?$_Tmap_traits@V?$basic_string@DU?$char_traits@D@std@@V?$allocator@D@2@@std@@V12@U?$less@V?$basic_string@DU?$char_traits@D@std@@V?$allocator@D@2@@std@@@2@V?$allocator@U?$pair@$$CBV?$basic_string@DU?$char_traits@D@std@@V?$allocator@D@2@@std@@V12@@std@@@2@$00@std@@@std@@QAE?AU?$pair@Viterator@?$_Tree@V?$_Tmap_traits@V?$basic_string@DU?$char_traits@D@std@@V?$allocator@D@2@@std@@V12@U?$less@V?$basic_string@DU?$char_traits@D@std@@V?$allocator@D@2@@std@@@2@V?$allocator@U?$pair@$$CBV?$basic_string@DU?$char_traits@D@std@@V?$allocator@D@2@@std@@V12@@std@@@2@$00@std@@@std@@_N@2@ABU?$pair@$$CBV?$basic_string@DU?$char_traits@D@std@@V?$allocator@D@2@@std@@V12@@2@@Z 100064d0 f i Sgi_ConfigFile.obj
 0001:00005620       ?lower_bound@?$_Tree@V?$_Tmap_traits@V?$basic_string@DU?$char_traits@D@std@@V?$allocator@D@2@@std@@V12@U?$less@V?$basic_string@DU?$char_traits@D@std@@V?$allocator@D@2@@std@@@2@V?$allocator@U?$pair@$$CBV?$basic_string@DU?$char_traits@D@std@@V?$allocator@D@2@@std@@V12@@std@@@2@$00@std@@@std@@QAE?AViterator@12@ABV?$basic_string@DU?$char_traits@D@std@@V?$allocator@D@2@@2@@Z 10006620 f i Sgi_ConfigFile.obj
 0001:000056a0       ??Dconst_iterator@?$_Tree@V?$_Tmap_traits@V?$basic_string@DU?$char_traits@D@std@@V?$allocator@D@2@@std@@V12@U?$less@V?$basic_string@DU?$char_traits@D@std@@V?$allocator@D@2@@std@@@2@V?$allocator@U?$pair@$$CBV?$basic_string@DU?$char_traits@D@std@@V?$allocator@D@2@@std@@V12@@std@@@2@$00@std@@@std@@QBEABU?$pair@$$CBV?$basic_string@DU?$char_traits@D@std@@V?$allocator@D@2@@std@@V12@@2@XZ 100066a0 f i Sgi_ConfigFile.obj
 0001:00005710       ?_Insert@?$_Tree@V?$_Tmap_traits@V?$basic_string@DU?$char_traits@D@std@@V?$allocator@D@2@@std@@V12@U?$less@V?$basic_string@DU?$char_traits@D@std@@V?$allocator@D@2@@std@@@2@V?$allocator@U?$pair@$$CBV?$basic_string@DU?$char_traits@D@std@@V?$allocator@D@2@@std@@V12@@std@@@2@$00@std@@@std@@IAE?AViterator@12@_NPAU_Node@?$_Tree_nod@V?$_Tmap_traits@V?$basic_string@DU?$char_traits@D@std@@V?$allocator@D@2@@std@@V12@U?$less@V?$basic_string@DU?$char_traits@D@std@@V?$allocator@D@2@@std@@@2@V?$allocator@U?$pair@$$CBV?$basic_string@DU?$char_traits@D@std@@V?$allocator@D@2@@std@@V12@@std@@@2@$00@std@@@2@ABU?$pair@$$CBV?$basic_string@DU?$char_traits@D@std@@V?$allocator@D@2@@std@@V12@@2@@Z 10006710 f i Sgi_ConfigFile.obj
 0001:000059d0       ?_Lbound@?$_Tree@V?$_Tmap_traits@V?$basic_string@DU?$char_traits@D@std@@V?$allocator@D@2@@std@@V12@U?$less@V?$basic_string@DU?$char_traits@D@std@@V?$allocator@D@2@@std@@@2@V?$allocator@U?$pair@$$CBV?$basic_string@DU?$char_traits@D@std@@V?$allocator@D@2@@std@@V12@@std@@@2@$00@std@@@std@@IBEPAU_Node@?$_Tree_nod@V?$_Tmap_traits@V?$basic_string@DU?$char_traits@D@std@@V?$allocator@D@2@@std@@V12@U?$less@V?$basic_string@DU?$char_traits@D@std@@V?$allocator@D@2@@std@@@2@V?$allocator@U?$pair@$$CBV?$basic_string@DU?$char_traits@D@std@@V?$allocator@D@2@@std@@V12@@std@@@2@$00@std@@@2@ABV?$basic_string@DU?$char_traits@D@std@@V?$allocator@D@2@@2@@Z 100069d0 f i Sgi_ConfigFile.obj
 0001:00005a40       ??0length_error@std@@QAE@ABV01@@Z 10006a40 f i Sgi_ConfigFile.obj
 0001:00005a60       ?_Buynode@?$_Tree@V?$_Tmap_traits@V?$basic_string@DU?$char_traits@D@std@@V?$allocator@D@2@@std@@V12@U?$less@V?$basic_string@DU?$char_traits@D@std@@V?$allocator@D@2@@std@@@2@V?$allocator@U?$pair@$$CBV?$basic_string@DU?$char_traits@D@std@@V?$allocator@D@2@@std@@V12@@std@@@2@$00@std@@@std@@IAEPAU_Node@?$_Tree_nod@V?$_Tmap_traits@V?$basic_string@DU?$char_traits@D@std@@V?$allocator@D@2@@std@@V12@U?$less@V?$basic_string@DU?$char_traits@D@std@@V?$allocator@D@2@@std@@@2@V?$allocator@U?$pair@$$CBV?$basic_string@DU?$char_traits@D@std@@V?$allocator@D@2@@std@@V12@@std@@@2@$00@std@@@2@XZ 10006a60 f i Sgi_ConfigFile.obj
 0001:00005aa0       ?_Buynode@?$_Tree@V?$_Tmap_traits@V?$basic_string@DU?$char_traits@D@std@@V?$allocator@D@2@@std@@V12@U?$less@V?$basic_string@DU?$char_traits@D@std@@V?$allocator@D@2@@std@@@2@V?$allocator@U?$pair@$$CBV?$basic_string@DU?$char_traits@D@std@@V?$allocator@D@2@@std@@V12@@std@@@2@$00@std@@@std@@IAEPAU_Node@?$_Tree_nod@V?$_Tmap_traits@V?$basic_string@DU?$char_traits@D@std@@V?$allocator@D@2@@std@@V12@U?$less@V?$basic_string@DU?$char_traits@D@std@@V?$allocator@D@2@@std@@@2@V?$allocator@U?$pair@$$CBV?$basic_string@DU?$char_traits@D@std@@V?$allocator@D@2@@std@@V12@@std@@@2@$00@std@@@2@PAU342@00ABU?$pair@$$CBV?$basic_string@DU?$char_traits@D@std@@V?$allocator@D@2@@std@@V12@@2@D@Z 10006aa0 f i Sgi_ConfigFile.obj
 0001:00005b30       ??0_Node@?$_Tree_nod@V?$_Tmap_traits@V?$basic_string@DU?$char_traits@D@std@@V?$allocator@D@2@@std@@V12@U?$less@V?$basic_string@DU?$char_traits@D@std@@V?$allocator@D@2@@std@@@2@V?$allocator@U?$pair@$$CBV?$basic_string@DU?$char_traits@D@std@@V?$allocator@D@2@@std@@V12@@std@@@2@$00@std@@@std@@QAE@PAU012@00ABU?$pair@$$CBV?$basic_string@DU?$char_traits@D@std@@V?$allocator@D@2@@std@@V12@@2@D@Z 10006b30 f i Sgi_ConfigFile.obj
 0001:00005bb0       ??0Mensajes@@QAE@XZ        10006bb0 f   Sgi_MsgPKI.obj
 0001:00005c60       ?setMensaje@Mensajes@@QAAHHZZ 10006c60 f   Sgi_MsgPKI.obj
 0001:00005e30       ?getMensaje@Mensajes@@QAAHHZZ 10006e30 f   Sgi_MsgPKI.obj
 0001:000061c0       ?Firmar@Mensajes@@QAEIH@Z  100071c0 f   Sgi_MsgPKI.obj
 0001:00006270       ?VerificarFirma@Mensajes@@QAEIPADPAH@Z 10007270 f   Sgi_MsgPKI.obj
 0001:00006300       ?Firma@Mensajes@@QAEIPAEGPADPAGPAUrsa_st@@@Z 10007300 f   Sgi_MsgPKI.obj
 0001:000063a0       ?VerificaFirma@Mensajes@@QAEIPADH@Z 100073a0 f   Sgi_MsgPKI.obj
 0001:000064a0       ?Encripta@Mensajes@@QAEIPAEH0PAGPAUrsa_st@@@Z 100074a0 f   Sgi_MsgPKI.obj
 0001:00006550       ?Intercambio@Mensajes@@QAEIPAVCSSL_Skt@@@Z 10007550 f   Sgi_MsgPKI.obj
 0001:000065a0       ?Recibe@Mensajes@@QAEHPAVCSSL_Skt@@@Z 100075a0 f   Sgi_MsgPKI.obj
 0001:00006620       ?setVersion@MensajesARA@@QAEIH@Z 10007620 f   Sgi_MsgPKI.obj
 0001:00006690       ?Inicia@MensajesARA@@QAEHPBD@Z 10007690 f   Sgi_MsgPKI.obj
 0001:00006860       ?ConectaCliente@MensajesARA@@QAEIPAVCSSL_Skt@@@Z 10007860 f   Sgi_MsgPKI.obj
 0001:00006e10       ?Desconecta@MensajesARA@@QAEIPAVCSSL_Skt@@@Z 10007e10 f   Sgi_MsgPKI.obj
 0001:00006e80       ?iniciaLibOpenSSL@@YAXI@Z  10007e80 f   Sgi_OpenSSL.obj
 0001:00006f30       ??0SNames@@QAE@XZ          10007f30 f   Sgi_OpenSSL.obj
 0001:00006f40       ??1SNames@@QAE@XZ          10007f40 f   Sgi_OpenSSL.obj
 0001:00006f70       ?AsignaLlavePrivada_EVP@ManejaEVP_RSA@@QAEIPAUrsa_st@@@Z 10007f70 f   Sgi_OpenSSL.obj
 0001:00006fd0       ?GetllavePub@Getllave@@QAEIPAPAUrsa_st@@PAUx509_st@@PAUX509_req_st@@@Z 10007fd0 f   Sgi_OpenSSL.obj
 0001:00007030       ?GetllavePri@Getllave@@QAEIDPAU_iobuf@@PADPAPAUrsa_st@@@Z 10008030 f   Sgi_OpenSSL.obj
 0001:000070f0       ??1SGIX509@@QAE@XZ         100080f0 f   Sgi_OpenSSL.obj
 0001:00007140       ?ObtienePbK@SGIX509@@QAEIPBEHPAPAUrsa_st@@PAEPAD@Z 10008140 f   Sgi_OpenSSL.obj
 0001:000072a0       ??1SGIRSA@@QAE@XZ          100082a0 f   Sgi_OpenSSL.obj
 0001:000072f0       ?getLlave@SGIRSA@@QAEHPAEH0PAPAUrsa_st@@@Z 100082f0 f   Sgi_OpenSSL.obj
 0001:000073a0       ?asignaAlgDigestion@SGIRSA@@QAEPBUenv_md_st@@HPAH@Z 100083a0 f   Sgi_OpenSSL.obj
 0001:00007450       ?DecodPvKey@SGIRSA@@QAEIPAD0PAPAUrsa_st@@@Z 10008450 f   Sgi_OpenSSL.obj
 0001:00007590       ?EncPb@SGIRSA@@QAEIPAEHPAUrsa_st@@0PAH@Z 10008590 f   Sgi_OpenSSL.obj
 0001:00007600       ?RSAFirma@SGIRSA@@QAEIPAEIPAUrsa_st@@0PAIH@Z 10008600 f   Sgi_OpenSSL.obj
 0001:00007720       ?VerificaFirma@SGIRSA@@QAEIPBEHPAUrsa_st@@HPAEPAH@Z 10008720 f   Sgi_OpenSSL.obj
 0001:000078b0       ?asignaAlgoritmo@SGIRSA@@QAEPBUevp_cipher_st@@H@Z 100088b0 f   Sgi_OpenSSL.obj
 0001:000078b0       ?setAlgEncripcion@CSgi_Cripto@SgiCripto@@IAEPBUevp_cipher_st@@H@Z 100088b0 f   sgi_cripto.obj
 0001:00007a10       ?GenAleatorio@SGIRSA@@QAEIHPADPAH@Z 10008a10 f   Sgi_OpenSSL.obj
 0001:00007b30       ?setPublica@SGIRSA@@QAEIPAUrsa_st@@PAUsgi_publicRSA_st@@@Z 10008b30 f   Sgi_OpenSSL.obj
 0001:00007c20       ??1SGIPKCS7@@QAE@XZ        10008c20 f   Sgi_OpenSSL.obj
 0001:00007c40       ?TerminaGenPKCS7@SGIPKCS7@@AAEIPAEPAUx509_st@@1PAUstack_st@@PAUbio_st@@IPAU_iobuf@@4PAVManejaEVP_RSA@@PAUrsa_st@@PAUpkcs7_st@@3@Z 10008c40 f   Sgi_OpenSSL.obj
 0001:00007d70       ?GenPKCS7@SGIPKCS7@@QAEIPAD000HQAUcertificados_st@@HPAE0H@Z 10008d70 f   Sgi_OpenSSL.obj
 0001:00008f50       ?CreaArchivo@ManArchivo@@QAE_NPAEHPBD@Z 10009f50 f   Sgi_OpenSSL.obj
 0001:00008fa0       ?ProcesaArchivo@ManArchivo@@QAE_NPBDPAEPAH@Z 10009fa0 f   Sgi_OpenSSL.obj
 0001:00009040       ??_ECSSL_Skt@@UAEPAXI@Z    1000a040 f i  CIL library: CIL module
 0001:00009040       ??_GCSSL_Skt@@UAEPAXI@Z    1000a040 f i Sgi_SSL.obj
 0001:00009060       ??0CSSL_parms@@QAE@XZ      1000a060 f   Sgi_SSL.obj
 0001:00009140       ?LecPendiente@CSSL_Skt@@UAEHXZ 1000a140 f   Sgi_SSL.obj
 0001:00009190       ??0CSSL_Skt_Ssl@@QAE@PAUssl_ctx_st@@PAUssl_st@@@Z 1000a190 f   Sgi_SSL.obj
 0001:000091c0       ??_ECSSL_Skt_Ssl@@UAEPAXI@Z 1000a1c0 f i  CIL library: CIL module
 0001:000091c0       ??_GCSSL_Skt_Ssl@@UAEPAXI@Z 1000a1c0 f i Sgi_SSL.obj
 0001:00009230       ?Envia@CSSL_Skt_Ssl@@UAEIPAEH@Z 1000a230 f   Sgi_SSL.obj
 0001:00009270       ?Recibe@CSSL_Skt_Ssl@@UAEIPAEAAH@Z 1000a270 f   Sgi_SSL.obj
 0001:000092d0       ??0CSSL_Skt_Bio@@QAE@PAUbio_st@@@Z 1000a2d0 f   Sgi_SSL.obj
 0001:00009300       ??_GCSSL_Skt_Bio@@UAEPAXI@Z 1000a300 f i Sgi_SSL.obj
 0001:00009300       ??_ECSSL_Skt_Bio@@UAEPAXI@Z 1000a300 f i  CIL library: CIL module
 0001:00009350       ?Envia@CSSL_Skt_Bio@@UAEIPAEH@Z 1000a350 f   Sgi_SSL.obj
 0001:000093b0       ?Recibe@CSSL_Skt_Bio@@UAEIPAEAAH@Z 1000a3b0 f   Sgi_SSL.obj
 0001:00009410       ??0CSSL_parms@@QAE@ABU0@@Z 1000a410 f i Sgi_SSL.obj
 0001:00009510       ?Set_CTX@Sgi_SSL@@CAIAAPAUssl_ctx_st@@_NUCSSL_parms@@@Z 1000a510 f   Sgi_SSL.obj
 0001:00009710       ?Cliente@Sgi_SSL@@SAIAAUCSSL_parms@@AAPAVCSSL_Skt@@@Z 1000a710 f   Sgi_SSL.obj
 0001:00009900       ??0CSgi_Certificado@SgiCripto@@QAE@XZ 1000a900 f   Sgi_Certificado.obj
 0001:000099d0       ??1CSgi_Certificado@SgiCripto@@QAE@XZ 1000a9d0 f   Sgi_Certificado.obj
 0001:00009ab0       ?inicializa@CSgi_Certificado@SgiCripto@@QAE?AW4tError@2@PBEH@Z 1000aab0 f   Sgi_Certificado.obj
 0001:00009b50       ?procesa@CSgi_Certificado@SgiCripto@@IAE?AW4tError@2@PBEH@Z 1000ab50 f   Sgi_Certificado.obj
 0001:00009fe0       ??1CSgi_Cripto@SgiCripto@@QAE@XZ 1000afe0 f   sgi_cripto.obj
 0001:0000a050       ?inicia@CSgi_Cripto@SgiCripto@@QAE?AW4tError@2@_NPBD@Z 1000b050 f   sgi_cripto.obj
 0001:0000a140       ?solEdoCDxNS@CSgi_Cripto@SgiCripto@@QAE?AW4tError@2@PBDPADPAEPAV?$basic_string@DU?$char_traits@D@std@@V?$allocator@D@2@@std@@3@Z 1000b140 f   sgi_cripto.obj
 0001:0000a180       ?verificaLlaves@CSgi_Cripto@SgiCripto@@QAE?AW4tError@2@PBD00@Z 1000b180 f   sgi_cripto.obj
 0001:0000a2c0       ?generaFirma@CSgi_Cripto@SgiCripto@@QAE?AW4tError@2@PBD00HPAV?$basic_string@DU?$char_traits@D@std@@V?$allocator@D@2@@std@@@Z 1000b2c0 f   sgi_cripto.obj
 0001:0000a4a0       ?verFirmaIni@CSgi_Cripto@SgiCripto@@QAE?AW4tError@2@PAVCSgi_Certificado@2@PBD@Z 1000b4a0 f   sgi_cripto.obj
 0001:0000a5e0       ?verFirmaFin@CSgi_Cripto@SgiCripto@@QAE?AW4tError@2@XZ 1000b5e0 f   sgi_cripto.obj
 0001:0000a700       ?genP7@CSgi_Cripto@SgiCripto@@QAE?AW4tError@2@PBD000H0H0@Z 1000b700 f   sgi_cripto.obj
 0001:0000a7c0       ?obtieneNumSerieP7@CSgi_Cripto@SgiCripto@@QAE?AW4tError@2@PBDPAV?$basic_string@DU?$char_traits@D@std@@V?$allocator@D@2@@std@@@Z 1000b7c0 f   sgi_cripto.obj
 0001:0000a950       ?procP7@CSgi_Cripto@SgiCripto@@QAE?AW4tError@2@PBD00000H@Z 1000b950 f   sgi_cripto.obj
 0001:0000aae0       ?procP7@CSgi_Cripto@SgiCripto@@QAE?AW4tError@2@PBD000HPAPADPAH0H@Z 1000bae0 f   sgi_cripto.obj
 0001:0000ad50       ?procesaPKCS7ara@CSgi_Cripto@SgiCripto@@IAE?AW4tError@2@PBEH0HPBDPAUpkcs7_st@@PAPAUbio_st@@1HPAV?$basic_string@DU?$char_traits@D@std@@V?$allocator@D@2@@std@@@Z 1000bd50 f   sgi_cripto.obj
 0001:0000b510       ?procesaPKCS7ara@CSgi_Cripto@SgiCripto@@IAE?AW4tError@2@PBEH0HPBD111HPAV?$basic_string@DU?$char_traits@D@std@@V?$allocator@D@2@@std@@@Z 1000c510 f   sgi_cripto.obj
 0001:0000beb0       ?encripta@CSgi_Cripto@SgiCripto@@QAE?AW4tError@2@PBEGH0HPAEPAG@Z 1000ceb0 f   sgi_cripto.obj
 0001:0000c030       ?desencripta@CSgi_Cripto@SgiCripto@@QAE?AW4tError@2@PBEFH0HPAEPAG@Z 1000d030 f   sgi_cripto.obj
 0001:0000c240       ?procStDigestion@CSgi_Cripto@SgiCripto@@IAE?AW4tError@2@PBEHPAPBUenv_md_st@@PAEPAI@Z 1000d240 f   sgi_cripto.obj
 0001:0000c690       ?ConvError@SgiCripto@@YA?AW4tError@1@_NH@Z 1000d690 f   sgi_cripto.obj
 0001:0000c960       ?forzaVer@@YAHPAUx509_st@@PAUpkcs7_st@@PAUstack_st@@PAUx509_store_st@@PAUbio_st@@4H@Z 1000d960 f   SgiOpenSSL_AraFnc.obj
 0001:0000cb80       ?forzaDec@@YAHPAUpkcs7_st@@PAUevp_pkey_st@@PAUx509_st@@PAUbio_st@@H@Z 1000db80 f   SgiOpenSSL_AraFnc.obj
 0001:0000cec0       ?forzaDesen@@YAPAUbio_st@@PAUpkcs7_st@@PAUevp_pkey_st@@PAU1@PAUx509_st@@@Z 1000dec0 f   SgiOpenSSL_AraFnc.obj
 0001:0000d240       _RSA_new                   1000e240 f   libeay32_EM_dbg.0.9.8e:rsa_lib.obj
 0001:0000d270       _RSA_get_default_method    1000e270 f   libeay32_EM_dbg.0.9.8e:rsa_lib.obj
 0001:0000d290       _RSA_new_method            1000e290 f   libeay32_EM_dbg.0.9.8e:rsa_lib.obj
 0001:0000d4e0       _RSA_free                  1000e4e0 f   libeay32_EM_dbg.0.9.8e:rsa_lib.obj
 0001:0000d690       _RSA_up_ref                1000e690 f   libeay32_EM_dbg.0.9.8e:rsa_lib.obj
 0001:0000d6d0       _RSA_size                  1000e6d0 f   libeay32_EM_dbg.0.9.8e:rsa_lib.obj
 0001:0000d6f0       _RSA_public_encrypt        1000e6f0 f   libeay32_EM_dbg.0.9.8e:rsa_lib.obj
 0001:0000d720       _RSA_private_encrypt       1000e720 f   libeay32_EM_dbg.0.9.8e:rsa_lib.obj
 0001:0000d750       _RSA_private_decrypt       1000e750 f   libeay32_EM_dbg.0.9.8e:rsa_lib.obj
 0001:0000d780       _RSA_public_decrypt        1000e780 f   libeay32_EM_dbg.0.9.8e:rsa_lib.obj
 0001:0000d7b0       _RSA_flags                 1000e7b0 f   libeay32_EM_dbg.0.9.8e:rsa_lib.obj
 0001:0000d7e0       _RSA_setup_blinding        1000e7e0 f   libeay32_EM_dbg.0.9.8e:rsa_lib.obj
 0001:0000da90       _PEM_read_bio_X509         1000ea90 f   libeay32_EM_dbg.0.9.8e:pem_x509.obj
 0001:0000dac0       _PEM_read_X509             1000eac0 f   libeay32_EM_dbg.0.9.8e:pem_x509.obj
 0001:0000daf0       _BN_bn2dec                 1000eaf0 f   libeay32_EM_dbg.0.9.8e:bn_print.obj
 0001:0000dd40       _BN_hex2bn                 1000ed40 f   libeay32_EM_dbg.0.9.8e:bn_print.obj
 0001:0000dfd0       _BN_dec2bn                 1000efd0 f   libeay32_EM_dbg.0.9.8e:bn_print.obj
 0001:0000e200       _RSA_sign                  1000f200 f   libeay32_EM_dbg.0.9.8e:rsa_sign.obj
 0001:0000e440       _RSA_verify                1000f440 f   libeay32_EM_dbg.0.9.8e:rsa_sign.obj
 0001:0000e720       _BN_value_one              1000f720 f   libeay32_EM_dbg.0.9.8e:bn_lib.obj
 0001:0000e730       _BN_num_bits_word          1000f730 f   libeay32_EM_dbg.0.9.8e:bn_lib.obj
 0001:0000e7a0       _BN_num_bits               1000f7a0 f   libeay32_EM_dbg.0.9.8e:bn_lib.obj
 0001:0000e7f0       _BN_clear_free             1000f7f0 f   libeay32_EM_dbg.0.9.8e:bn_lib.obj
 0001:0000e870       _BN_free                   1000f870 f   libeay32_EM_dbg.0.9.8e:bn_lib.obj
 0001:0000e8e0       _BN_init                   1000f8e0 f   libeay32_EM_dbg.0.9.8e:bn_lib.obj
 0001:0000e900       _BN_new                    1000f900 f   libeay32_EM_dbg.0.9.8e:bn_lib.obj
 0001:0000eb00       _bn_expand2                1000fb00 f   libeay32_EM_dbg.0.9.8e:bn_lib.obj
 0001:0000eb70       _BN_dup                    1000fb70 f   libeay32_EM_dbg.0.9.8e:bn_lib.obj
 0001:0000ebd0       _BN_copy                   1000fbd0 f   libeay32_EM_dbg.0.9.8e:bn_lib.obj
 0001:0000ed10       _BN_clear                  1000fd10 f   libeay32_EM_dbg.0.9.8e:bn_lib.obj
 0001:0000ed50       _BN_set_word               1000fd50 f   libeay32_EM_dbg.0.9.8e:bn_lib.obj
 0001:0000edc0       _BN_bin2bn                 1000fdc0 f   libeay32_EM_dbg.0.9.8e:bn_lib.obj
 0001:0000ef50       _BN_bn2bin                 1000ff50 f   libeay32_EM_dbg.0.9.8e:bn_lib.obj
 0001:0000efe0       _BN_ucmp                   1000ffe0 f   libeay32_EM_dbg.0.9.8e:bn_lib.obj
 0001:0000f070       _BN_cmp                    10010070 f   libeay32_EM_dbg.0.9.8e:bn_lib.obj
 0001:0000f190       _BN_set_bit                10010190 f   libeay32_EM_dbg.0.9.8e:bn_lib.obj
 0001:0000f280       _BN_is_bit_set             10010280 f   libeay32_EM_dbg.0.9.8e:bn_lib.obj
 0001:0000f2f0       _BN_set_negative           100102f0 f   libeay32_EM_dbg.0.9.8e:bn_lib.obj
 0001:0000f320       _bn_cmp_words              10010320 f   libeay32_EM_dbg.0.9.8e:bn_lib.obj
 0001:0000f3c0       _bn_cmp_part_words         100103c0 f   libeay32_EM_dbg.0.9.8e:bn_lib.obj
 0001:0000f460       _EVP_desx_cbc              10010460 f   libeay32_EM_dbg.0.9.8e:e_xcbc_d.obj
 0001:0000f530       _EVP_CIPHER_CTX_init       10010530 f   libeay32_EM_dbg.0.9.8e:evp_enc.obj
 0001:0000f550       _EVP_CipherInit_ex         10010550 f   libeay32_EM_dbg.0.9.8e:evp_enc.obj
 0001:0000f900       _EVP_CipherUpdate          10010900 f   libeay32_EM_dbg.0.9.8e:evp_enc.obj
 0001:0000f950       _EVP_CipherFinal_ex        10010950 f   libeay32_EM_dbg.0.9.8e:evp_enc.obj
 0001:0000f990       _EVP_EncryptInit_ex        10010990 f   libeay32_EM_dbg.0.9.8e:evp_enc.obj
 0001:0000f9c0       _EVP_DecryptInit_ex        100109c0 f   libeay32_EM_dbg.0.9.8e:evp_enc.obj
 0001:0000f9f0       _EVP_EncryptUpdate         100109f0 f   libeay32_EM_dbg.0.9.8e:evp_enc.obj
 0001:0000fc20       _EVP_EncryptFinal_ex       10010c20 f   libeay32_EM_dbg.0.9.8e:evp_enc.obj
 0001:0000fd40       _EVP_DecryptUpdate         10010d40 f   libeay32_EM_dbg.0.9.8e:evp_enc.obj
 0001:0000fea0       _EVP_DecryptFinal_ex       10010ea0 f   libeay32_EM_dbg.0.9.8e:evp_enc.obj
 0001:00010060       _EVP_CIPHER_CTX_cleanup    10011060 f   libeay32_EM_dbg.0.9.8e:evp_enc.obj
 0001:00010100       _EVP_CIPHER_CTX_set_key_length 10011100 f   libeay32_EM_dbg.0.9.8e:evp_enc.obj
 0001:00010180       _EVP_CIPHER_CTX_ctrl       10011180 f   libeay32_EM_dbg.0.9.8e:evp_enc.obj
 0001:00010230       _EVP_CIPHER_CTX_rand_key   10011230 f   libeay32_EM_dbg.0.9.8e:evp_enc.obj
 0001:000102c0       _X509_REQ_INFO_it          100112c0 f   libeay32_EM_dbg.0.9.8e:x_req.obj
 0001:000102d0       _X509_REQ_it               100112d0 f   libeay32_EM_dbg.0.9.8e:x_req.obj
 0001:000102e0       _X509_REQ_free             100112e0 f   libeay32_EM_dbg.0.9.8e:x_req.obj
 0001:00010300       _PKCS7_sign                10011300 f   libeay32_EM_dbg.0.9.8e:pk7_smime.obj
 0001:00010660       _PKCS7_verify              10011660 f   libeay32_EM_dbg.0.9.8e:pk7_smime.obj
 0001:00010bc0       _PKCS7_get0_signers        10011bc0 f   libeay32_EM_dbg.0.9.8e:pk7_smime.obj
 0001:00010da0       _PKCS7_encrypt             10011da0 f   libeay32_EM_dbg.0.9.8e:pk7_smime.obj
 0001:00010f50       _PKCS7_decrypt             10011f50 f   libeay32_EM_dbg.0.9.8e:pk7_smime.obj
 0001:000112c0       _EVP_idea_cbc              100122c0 f   libeay32_EM_dbg.0.9.8e:e_idea.obj
 0001:000112d0       _EVP_idea_cfb64            100122d0 f   libeay32_EM_dbg.0.9.8e:e_idea.obj
 0001:000112e0       _EVP_idea_ofb              100122e0 f   libeay32_EM_dbg.0.9.8e:e_idea.obj
 0001:000112f0       _EVP_idea_ecb              100122f0 f   libeay32_EM_dbg.0.9.8e:e_idea.obj
 0001:000113b0       _EVP_MD_CTX_init           100123b0 f   libeay32_EM_dbg.0.9.8e:digest.obj
 0001:000113d0       _EVP_MD_CTX_create         100123d0 f   libeay32_EM_dbg.0.9.8e:digest.obj
 0001:00011410       _EVP_DigestInit            10012410 f   libeay32_EM_dbg.0.9.8e:digest.obj
 0001:00011440       _EVP_DigestInit_ex         10012440 f   libeay32_EM_dbg.0.9.8e:digest.obj
 0001:00011600       _EVP_DigestUpdate          10012600 f   libeay32_EM_dbg.0.9.8e:digest.obj
 0001:00011620       _EVP_DigestFinal           10012620 f   libeay32_EM_dbg.0.9.8e:digest.obj
 0001:00011660       _EVP_DigestFinal_ex        10012660 f   libeay32_EM_dbg.0.9.8e:digest.obj
 0001:00011720       _EVP_MD_CTX_copy_ex        10012720 f   libeay32_EM_dbg.0.9.8e:digest.obj
 0001:00011870       _EVP_Digest                10012870 f   libeay32_EM_dbg.0.9.8e:digest.obj
 0001:00011910       _EVP_MD_CTX_destroy        10012910 f   libeay32_EM_dbg.0.9.8e:digest.obj
 0001:00011930       _EVP_MD_CTX_cleanup        10012930 f   libeay32_EM_dbg.0.9.8e:digest.obj
 0001:000119f0       _OPENSSL_add_all_algorithms_noconf 100129f0 f   libeay32_EM_dbg.0.9.8e:c_all.obj
 0001:00011a10       _EVP_sha1                  10012a10 f   libeay32_EM_dbg.0.9.8e:m_sha1.obj
 0001:00011aa0       _EVP_sha224                10012aa0 f   libeay32_EM_dbg.0.9.8e:m_sha1.obj
 0001:00011ab0       _EVP_sha256                10012ab0 f   libeay32_EM_dbg.0.9.8e:m_sha1.obj
 0001:00011b40       _EVP_sha384                10012b40 f   libeay32_EM_dbg.0.9.8e:m_sha1.obj
 0001:00011b50       _EVP_sha512                10012b50 f   libeay32_EM_dbg.0.9.8e:m_sha1.obj
 0001:00011b60       _BIO_new_file              10012b60 f   libeay32_EM_dbg.0.9.8e:bss_file.obj
 0001:00011c60       _BIO_new_fp                10012c60 f   libeay32_EM_dbg.0.9.8e:bss_file.obj
 0001:00011cc0       _BIO_s_file                10012cc0 f   libeay32_EM_dbg.0.9.8e:bss_file.obj
 0001:00012670       _EVP_des_cbc               10013670 f   libeay32_EM_dbg.0.9.8e:e_des.obj
 0001:00012680       _EVP_des_cfb64             10013680 f   libeay32_EM_dbg.0.9.8e:e_des.obj
 0001:00012690       _EVP_des_ofb               10013690 f   libeay32_EM_dbg.0.9.8e:e_des.obj
 0001:000126a0       _EVP_des_ecb               100136a0 f   libeay32_EM_dbg.0.9.8e:e_des.obj
 0001:000126b0       _EVP_des_cfb1              100136b0 f   libeay32_EM_dbg.0.9.8e:e_des.obj
 0001:000126c0       _EVP_des_cfb8              100136c0 f   libeay32_EM_dbg.0.9.8e:e_des.obj
 0001:00012890       _EVP_rc2_cbc               10013890 f   libeay32_EM_dbg.0.9.8e:e_rc2.obj
 0001:000128a0       _EVP_rc2_cfb64             100138a0 f   libeay32_EM_dbg.0.9.8e:e_rc2.obj
 0001:000128b0       _EVP_rc2_ofb               100138b0 f   libeay32_EM_dbg.0.9.8e:e_rc2.obj
 0001:000128c0       _EVP_rc2_ecb               100138c0 f   libeay32_EM_dbg.0.9.8e:e_rc2.obj
 0001:000128d0       _EVP_rc2_64_cbc            100138d0 f   libeay32_EM_dbg.0.9.8e:e_rc2.obj
 0001:000128e0       _EVP_rc2_40_cbc            100138e0 f   libeay32_EM_dbg.0.9.8e:e_rc2.obj
 0001:00012bd0       _RAND_get_rand_method      10013bd0 f   libeay32_EM_dbg.0.9.8e:rand_lib.obj
 0001:00012c50       _RAND_add                  10013c50 f   libeay32_EM_dbg.0.9.8e:rand_lib.obj
 0001:00012ca0       _RAND_bytes                10013ca0 f   libeay32_EM_dbg.0.9.8e:rand_lib.obj
 0001:00012ce0       _RAND_pseudo_bytes         10013ce0 f   libeay32_EM_dbg.0.9.8e:rand_lib.obj
 0001:00012d20       _RAND_status               10013d20 f   libeay32_EM_dbg.0.9.8e:rand_lib.obj
 0001:00012d60       _X509_NAME_entry_count     10013d60 f   libeay32_EM_dbg.0.9.8e:x509name.obj
 0001:00012d80       _X509_NAME_get_index_by_NID 10013d80 f   libeay32_EM_dbg.0.9.8e:x509name.obj
 0001:00012dd0       _X509_NAME_get_index_by_OBJ 10013dd0 f   libeay32_EM_dbg.0.9.8e:x509name.obj
 0001:00012e60       _X509_NAME_get_entry       10013e60 f   libeay32_EM_dbg.0.9.8e:x509name.obj
 0001:00012ea0       _X509_NAME_delete_entry    10013ea0 f   libeay32_EM_dbg.0.9.8e:x509name.obj
 0001:00012fb0       _X509_NAME_add_entry_by_txt 10013fb0 f   libeay32_EM_dbg.0.9.8e:x509name.obj
 0001:00013020       _X509_NAME_add_entry       10014020 f   libeay32_EM_dbg.0.9.8e:x509name.obj
 0001:000131e0       _X509_NAME_ENTRY_create_by_txt 100141e0 f   libeay32_EM_dbg.0.9.8e:x509name.obj
 0001:00013270       _X509_NAME_ENTRY_create_by_OBJ 10014270 f   libeay32_EM_dbg.0.9.8e:x509name.obj
 0001:00013320       _X509_NAME_ENTRY_set_object 10014320 f   libeay32_EM_dbg.0.9.8e:x509name.obj
 0001:00013380       _X509_NAME_ENTRY_set_data  10014380 f   libeay32_EM_dbg.0.9.8e:x509name.obj
 0001:00013460       _UI_get0_output_string     10014460 f   libeay32_EM_dbg.0.9.8e:ui_lib.obj
 0001:00013460       _X509_NAME_ENTRY_get_data  10014460 f   libeay32_EM_dbg.0.9.8e:x509name.obj
 0001:00013490       _PKCS7_it                  10014490 f   libeay32_EM_dbg.0.9.8e:pk7_asn1.obj
 0001:000134a0       _i2d_PKCS7                 100144a0 f   libeay32_EM_dbg.0.9.8e:pk7_asn1.obj
 0001:000134c0       _PKCS7_new                 100144c0 f   libeay32_EM_dbg.0.9.8e:pk7_asn1.obj
 0001:000134e0       _PKCS7_free                100144e0 f   libeay32_EM_dbg.0.9.8e:pk7_asn1.obj
 0001:00013500       _PKCS7_SIGNED_it           10014500 f   libeay32_EM_dbg.0.9.8e:pk7_asn1.obj
 0001:00013510       _PKCS7_SIGNED_new          10014510 f   libeay32_EM_dbg.0.9.8e:pk7_asn1.obj
 0001:00013530       _PKCS7_SIGNED_free         10014530 f   libeay32_EM_dbg.0.9.8e:pk7_asn1.obj
 0001:00013590       _PKCS7_SIGNER_INFO_it      10014590 f   libeay32_EM_dbg.0.9.8e:pk7_asn1.obj
 0001:000135a0       _PKCS7_SIGNER_INFO_new     100145a0 f   libeay32_EM_dbg.0.9.8e:pk7_asn1.obj
 0001:000135c0       _PKCS7_SIGNER_INFO_free    100145c0 f   libeay32_EM_dbg.0.9.8e:pk7_asn1.obj
 0001:000135e0       _PKCS7_ISSUER_AND_SERIAL_it 100145e0 f   libeay32_EM_dbg.0.9.8e:pk7_asn1.obj
 0001:000135f0       _PKCS7_ENVELOPE_it         100145f0 f   libeay32_EM_dbg.0.9.8e:pk7_asn1.obj
 0001:00013600       _PKCS7_ENVELOPE_new        10014600 f   libeay32_EM_dbg.0.9.8e:pk7_asn1.obj
 0001:00013660       _PKCS7_RECIP_INFO_it       10014660 f   libeay32_EM_dbg.0.9.8e:pk7_asn1.obj
 0001:00013670       _PKCS7_RECIP_INFO_new      10014670 f   libeay32_EM_dbg.0.9.8e:pk7_asn1.obj
 0001:00013690       _PKCS7_RECIP_INFO_free     10014690 f   libeay32_EM_dbg.0.9.8e:pk7_asn1.obj
 0001:000136b0       _PKCS7_ENC_CONTENT_it      100146b0 f   libeay32_EM_dbg.0.9.8e:pk7_asn1.obj
 0001:000136c0       _PKCS7_SIGN_ENVELOPE_it    100146c0 f   libeay32_EM_dbg.0.9.8e:pk7_asn1.obj
 0001:000136d0       _PKCS7_SIGN_ENVELOPE_new   100146d0 f   libeay32_EM_dbg.0.9.8e:pk7_asn1.obj
 0001:000136f0       _PKCS7_ENCRYPT_it          100146f0 f   libeay32_EM_dbg.0.9.8e:pk7_asn1.obj
 0001:00013700       _PKCS7_ENCRYPT_new         10014700 f   libeay32_EM_dbg.0.9.8e:pk7_asn1.obj
 0001:00013720       _PKCS7_DIGEST_it           10014720 f   libeay32_EM_dbg.0.9.8e:pk7_asn1.obj
 0001:00013730       _PKCS7_DIGEST_new          10014730 f   libeay32_EM_dbg.0.9.8e:pk7_asn1.obj
 0001:00013750       _PKCS7_ATTR_SIGN_it        10014750 f   libeay32_EM_dbg.0.9.8e:pk7_asn1.obj
 0001:00013760       _PKCS7_ATTR_VERIFY_it      10014760 f   libeay32_EM_dbg.0.9.8e:pk7_asn1.obj
 0001:00013770       _OBJ_nid2obj               10014770 f   libeay32_EM_dbg.0.9.8e:obj_dat.obj
 0001:00013840       _OBJ_nid2sn                10014840 f   libeay32_EM_dbg.0.9.8e:obj_dat.obj
 0001:00013910       _OBJ_nid2ln                10014910 f   libeay32_EM_dbg.0.9.8e:obj_dat.obj
 0001:000139e0       _OBJ_obj2nid               100149e0 f   libeay32_EM_dbg.0.9.8e:obj_dat.obj
 0001:00013a80       _OBJ_txt2obj               10014a80 f   libeay32_EM_dbg.0.9.8e:obj_dat.obj
 0001:00013ba0       _OBJ_obj2txt               10014ba0 f   libeay32_EM_dbg.0.9.8e:obj_dat.obj
 0001:00013f80       _OBJ_ln2nid                10014f80 f   libeay32_EM_dbg.0.9.8e:obj_dat.obj
 0001:00014050       _OBJ_sn2nid                10015050 f   libeay32_EM_dbg.0.9.8e:obj_dat.obj
 0001:00014180       _OBJ_bsearch               10015180 f   libeay32_EM_dbg.0.9.8e:obj_dat.obj
 0001:000141b0       _OBJ_bsearch_ex            100151b0 f   libeay32_EM_dbg.0.9.8e:obj_dat.obj
 0001:000142b0       _X509_SIG_it               100152b0 f   libeay32_EM_dbg.0.9.8e:x_sig.obj
 0001:000142c0       _d2i_X509_SIG              100152c0 f   libeay32_EM_dbg.0.9.8e:x_sig.obj
 0001:000142e0       _i2d_X509_SIG              100152e0 f   libeay32_EM_dbg.0.9.8e:x_sig.obj
 0001:00014300       _X509_SIG_new              10015300 f   libeay32_EM_dbg.0.9.8e:x_sig.obj
 0001:00014320       _X509_SIG_free             10015320 f   libeay32_EM_dbg.0.9.8e:x_sig.obj
 0001:00014340       _X509v3_get_ext_count      10015340 f   libeay32_EM_dbg.0.9.8e:x509_v3.obj
 0001:00014360       _X509v3_get_ext_by_NID     10015360 f   libeay32_EM_dbg.0.9.8e:x509_v3.obj
 0001:000143b0       _X509v3_get_ext_by_OBJ     100153b0 f   libeay32_EM_dbg.0.9.8e:x509_v3.obj
 0001:00014440       _X509v3_get_ext            10015440 f   libeay32_EM_dbg.0.9.8e:x509_v3.obj
 0001:00014480       _UI_get_string_type        10015480 f   libeay32_EM_dbg.0.9.8e:ui_lib.obj
 0001:00014480       _X509_NAME_ENTRY_get_object 10015480 f   libeay32_EM_dbg.0.9.8e:x509name.obj
 0001:00014480       _X509_EXTENSION_get_object 10015480 f   libeay32_EM_dbg.0.9.8e:x509_v3.obj
 0001:000144a0       _X509_EXTENSION_get_critical 100154a0 f   libeay32_EM_dbg.0.9.8e:x509_v3.obj
 0001:000144d0       _X509_verify               100154d0 f   libeay32_EM_dbg.0.9.8e:x_all.obj
 0001:00014500       _X509_CRL_verify           10015500 f   libeay32_EM_dbg.0.9.8e:x_all.obj
 0001:00014530       _d2i_X509_fp               10015530 f   libeay32_EM_dbg.0.9.8e:x_all.obj
 0001:00014550       _d2i_X509_bio              10015550 f   libeay32_EM_dbg.0.9.8e:x_all.obj
 0001:00014570       _d2i_X509_CRL_bio          10015570 f   libeay32_EM_dbg.0.9.8e:x_all.obj
 0001:00014590       _d2i_PKCS7_fp              10015590 f   libeay32_EM_dbg.0.9.8e:x_all.obj
 0001:000145b0       _i2d_PKCS7_fp              100155b0 f   libeay32_EM_dbg.0.9.8e:x_all.obj
 0001:000145d0       _d2i_PKCS7_bio             100155d0 f   libeay32_EM_dbg.0.9.8e:x_all.obj
 0001:000145f0       _X509_digest               100155f0 f   libeay32_EM_dbg.0.9.8e:x_all.obj
 0001:00014620       _d2i_PKCS8_bio             10015620 f   libeay32_EM_dbg.0.9.8e:x_all.obj
 0001:00014640       _d2i_PrivateKey_bio        10015640 f   libeay32_EM_dbg.0.9.8e:x_all.obj
 0001:000146a0       _EVP_aes_128_cbc           100156a0 f   libeay32_EM_dbg.0.9.8e:e_aes.obj
 0001:000146b0       _EVP_aes_128_cfb128        100156b0 f   libeay32_EM_dbg.0.9.8e:e_aes.obj
 0001:000146c0       _EVP_aes_128_ofb           100156c0 f   libeay32_EM_dbg.0.9.8e:e_aes.obj
 0001:000146d0       _EVP_aes_128_ecb           100156d0 f   libeay32_EM_dbg.0.9.8e:e_aes.obj
 0001:000147a0       _EVP_aes_192_cbc           100157a0 f   libeay32_EM_dbg.0.9.8e:e_aes.obj
 0001:000147b0       _EVP_aes_192_cfb128        100157b0 f   libeay32_EM_dbg.0.9.8e:e_aes.obj
 0001:000147c0       _EVP_aes_192_ofb           100157c0 f   libeay32_EM_dbg.0.9.8e:e_aes.obj
 0001:000147d0       _EVP_aes_192_ecb           100157d0 f   libeay32_EM_dbg.0.9.8e:e_aes.obj
 0001:00014820       _EVP_aes_256_cbc           10015820 f   libeay32_EM_dbg.0.9.8e:e_aes.obj
 0001:00014830       _EVP_aes_256_cfb128        10015830 f   libeay32_EM_dbg.0.9.8e:e_aes.obj
 0001:00014840       _EVP_aes_256_ofb           10015840 f   libeay32_EM_dbg.0.9.8e:e_aes.obj
 0001:00014850       _EVP_aes_256_ecb           10015850 f   libeay32_EM_dbg.0.9.8e:e_aes.obj
 0001:000148a0       _EVP_aes_128_cfb1          100158a0 f   libeay32_EM_dbg.0.9.8e:e_aes.obj
 0001:000148b0       _EVP_aes_192_cfb1          100158b0 f   libeay32_EM_dbg.0.9.8e:e_aes.obj
 0001:000148c0       _EVP_aes_256_cfb1          100158c0 f   libeay32_EM_dbg.0.9.8e:e_aes.obj
 0001:000148d0       _EVP_aes_128_cfb8          100158d0 f   libeay32_EM_dbg.0.9.8e:e_aes.obj
 0001:00014920       _EVP_aes_192_cfb8          10015920 f   libeay32_EM_dbg.0.9.8e:e_aes.obj
 0001:00014930       _EVP_aes_256_cfb8          10015930 f   libeay32_EM_dbg.0.9.8e:e_aes.obj
 0001:000149f0       _X509_STORE_set_default_paths 100159f0 f   libeay32_EM_dbg.0.9.8e:x509_d2.obj
 0001:00014a80       _X509_STORE_load_locations 10015a80 f   libeay32_EM_dbg.0.9.8e:x509_d2.obj
 0001:00014b90       _RSAPrivateKey_it          10015b90 f   libeay32_EM_dbg.0.9.8e:rsa_asn1.obj
 0001:00014ba0       _RSAPublicKey_it           10015ba0 f   libeay32_EM_dbg.0.9.8e:rsa_asn1.obj
 0001:00014bb0       _d2i_RSAPrivateKey         10015bb0 f   libeay32_EM_dbg.0.9.8e:rsa_asn1.obj
 0001:00014bd0       _i2d_RSAPrivateKey         10015bd0 f   libeay32_EM_dbg.0.9.8e:rsa_asn1.obj
 0001:00014bf0       _d2i_RSAPublicKey          10015bf0 f   libeay32_EM_dbg.0.9.8e:rsa_asn1.obj
 0001:00014c10       _RSAPublicKey_dup          10015c10 f   libeay32_EM_dbg.0.9.8e:rsa_asn1.obj
 0001:00014c30       _RSAPrivateKey_dup         10015c30 f   libeay32_EM_dbg.0.9.8e:rsa_asn1.obj
 0001:00014c50       _asc2uni                   10015c50 f   libeay32_EM_dbg.0.9.8e:p12_utl.obj
 0001:00014d10       _X509_EXTENSION_it         10015d10 f   libeay32_EM_dbg.0.9.8e:x_exten.obj
 0001:00014d20       _PKCS7_ctrl                10015d20 f   libeay32_EM_dbg.0.9.8e:pk7_lib.obj
 0001:00014e60       _PKCS7_content_new         10015e60 f   libeay32_EM_dbg.0.9.8e:pk7_lib.obj
 0001:00014ed0       _PKCS7_set_content         10015ed0 f   libeay32_EM_dbg.0.9.8e:pk7_lib.obj
 0001:00014f90       _PKCS7_set_type            10015f90 f   libeay32_EM_dbg.0.9.8e:pk7_lib.obj
 0001:000151f0       _PKCS7_add_signer          100161f0 f   libeay32_EM_dbg.0.9.8e:pk7_lib.obj
 0001:000153a0       _PKCS7_add_certificate     100163a0 f   libeay32_EM_dbg.0.9.8e:pk7_lib.obj
 0001:00015490       _PKCS7_SIGNER_INFO_set     10016490 f   libeay32_EM_dbg.0.9.8e:pk7_lib.obj
 0001:000156e0       _PKCS7_add_signature       100166e0 f   libeay32_EM_dbg.0.9.8e:pk7_lib.obj
 0001:00015750       _PKCS7_get_signer_info     10016750 f   libeay32_EM_dbg.0.9.8e:pk7_lib.obj
 0001:000157a0       _PKCS7_add_recipient       100167a0 f   libeay32_EM_dbg.0.9.8e:pk7_lib.obj
 0001:00015800       _PKCS7_add_recipient_info  10016800 f   libeay32_EM_dbg.0.9.8e:pk7_lib.obj
 0001:00015890       _PKCS7_RECIP_INFO_set      10016890 f   libeay32_EM_dbg.0.9.8e:pk7_lib.obj
 0001:00015980       _PKCS7_set_cipher          10016980 f   libeay32_EM_dbg.0.9.8e:pk7_lib.obj
 0001:00015a40       _PKCS7_dataInit            10016a40 f   libeay32_EM_dbg.0.9.8e:pk7_doit.obj
 0001:00016290       _PKCS7_dataDecode          10017290 f   libeay32_EM_dbg.0.9.8e:pk7_doit.obj
 0001:000169e0       _PKCS7_dataFinal           100179e0 f   libeay32_EM_dbg.0.9.8e:pk7_doit.obj
 0001:00017180       _PKCS7_signatureVerify     10018180 f   libeay32_EM_dbg.0.9.8e:pk7_doit.obj
 0001:000174d0       _PKCS7_get_signed_attribute 100184d0 f   libeay32_EM_dbg.0.9.8e:pk7_doit.obj
 0001:000175b0       _PKCS7_digest_from_attributes 100185b0 f   libeay32_EM_dbg.0.9.8e:pk7_doit.obj
 0001:000175f0       _PKCS7_add_signed_attribute 100185f0 f   libeay32_EM_dbg.0.9.8e:pk7_doit.obj
 0001:00017760       _PKCS12_MAC_DATA_it        10018760 f   libeay32_EM_dbg.0.9.8e:p12_asn.obj
 0001:00017780       _PKCS12_BAGS_it            10018780 f   libeay32_EM_dbg.0.9.8e:p12_asn.obj
 0001:000177a0       _PKCS12_SAFEBAG_it         100187a0 f   libeay32_EM_dbg.0.9.8e:p12_asn.obj
 0001:000177b0       _X509V3_get_section        100187b0 f   libeay32_EM_dbg.0.9.8e:v3_conf.obj
 0001:00017820       _X509V3_section_free       10018820 f   libeay32_EM_dbg.0.9.8e:v3_conf.obj
 0001:00017a20       _EVP_cast5_cbc             10018a20 f   libeay32_EM_dbg.0.9.8e:e_cast.obj
 0001:00017a30       _EVP_cast5_cfb64           10018a30 f   libeay32_EM_dbg.0.9.8e:e_cast.obj
 0001:00017a40       _EVP_cast5_ofb             10018a40 f   libeay32_EM_dbg.0.9.8e:e_cast.obj
 0001:00017a50       _EVP_cast5_ecb             10018a50 f   libeay32_EM_dbg.0.9.8e:e_cast.obj
 0001:00017a90       _sk_set_cmp_func           10018a90 f   libeay32_EM_dbg.0.9.8e:stack.obj
 0001:00017ad0       _sk_dup                    10018ad0 f   libeay32_EM_dbg.0.9.8e:stack.obj
 0001:00017ba0       _sk_new_null               10018ba0 f   libeay32_EM_dbg.0.9.8e:stack.obj
 0001:00017bb0       _sk_new                    10018bb0 f   libeay32_EM_dbg.0.9.8e:stack.obj
 0001:00017c70       _sk_insert                 10018c70 f   libeay32_EM_dbg.0.9.8e:stack.obj
 0001:00017d80       _sk_delete_ptr             10018d80 f   libeay32_EM_dbg.0.9.8e:stack.obj
 0001:00017de0       _sk_delete                 10018de0 f   libeay32_EM_dbg.0.9.8e:stack.obj
 0001:00017e80       _sk_find                   10018e80 f   libeay32_EM_dbg.0.9.8e:stack.obj
 0001:00017f60       _sk_push                   10018f60 f   libeay32_EM_dbg.0.9.8e:stack.obj
 0001:00017f80       _sk_shift                  10018f80 f   libeay32_EM_dbg.0.9.8e:stack.obj
 0001:00017fb0       _sk_pop                    10018fb0 f   libeay32_EM_dbg.0.9.8e:stack.obj
 0001:00017fe0       _sk_zero                   10018fe0 f   libeay32_EM_dbg.0.9.8e:stack.obj
 0001:00018020       _sk_pop_free               10019020 f   libeay32_EM_dbg.0.9.8e:stack.obj
 0001:00018090       _sk_free                   10019090 f   libeay32_EM_dbg.0.9.8e:stack.obj
 0001:000180d0       _sk_num                    100190d0 f   libeay32_EM_dbg.0.9.8e:stack.obj
 0001:000180f0       _sk_value                  100190f0 f   libeay32_EM_dbg.0.9.8e:stack.obj
 0001:00018120       _sk_set                    10019120 f   libeay32_EM_dbg.0.9.8e:stack.obj
 0001:00018160       _sk_sort                   10019160 f   libeay32_EM_dbg.0.9.8e:stack.obj
 0001:000181b0       _sk_is_sorted              100191b0 f   libeay32_EM_dbg.0.9.8e:stack.obj
 0001:000181d0       _BIO_new                   100191d0 f   libeay32_EM_dbg.0.9.8e:bio_lib.obj
 0001:00018250       _BIO_set                   10019250 f   libeay32_EM_dbg.0.9.8e:bio_lib.obj
 0001:00018330       _BIO_free                  10019330 f   libeay32_EM_dbg.0.9.8e:bio_lib.obj
 0001:00018410       _BIO_clear_flags           10019410 f   libeay32_EM_dbg.0.9.8e:bio_lib.obj
 0001:00018430       _BIO_test_flags            10019430 f   libeay32_EM_dbg.0.9.8e:bio_lib.obj
 0001:00018440       _BIO_set_flags             10019440 f   libeay32_EM_dbg.0.9.8e:bio_lib.obj
 0001:00018460       _BIO_set_callback          10019460 f   libeay32_EM_dbg.0.9.8e:bio_lib.obj
 0001:00018470       _BIO_set_callback_arg      10019470 f   libeay32_EM_dbg.0.9.8e:bio_lib.obj
 0001:00018480       _BIO_method_type           10019480 f   libeay32_EM_dbg.0.9.8e:bio_lib.obj
 0001:00018490       _BIO_read                  10019490 f   libeay32_EM_dbg.0.9.8e:bio_lib.obj
 0001:000185a0       _BIO_write                 100195a0 f   libeay32_EM_dbg.0.9.8e:bio_lib.obj
 0001:000186b0       _BIO_puts                  100196b0 f   libeay32_EM_dbg.0.9.8e:bio_lib.obj
 0001:000187b0       _BIO_gets                  100197b0 f   libeay32_EM_dbg.0.9.8e:bio_lib.obj
 0001:000188a0       _BIO_int_ctrl              100198a0 f   libeay32_EM_dbg.0.9.8e:bio_lib.obj
 0001:000188d0       _BIO_ctrl                  100198d0 f   libeay32_EM_dbg.0.9.8e:bio_lib.obj
 0001:000189b0       _BIO_callback_ctrl         100199b0 f   libeay32_EM_dbg.0.9.8e:bio_lib.obj
 0001:00018a80       _BIO_ctrl_pending          10019a80 f   libeay32_EM_dbg.0.9.8e:bio_lib.obj
 0001:00018aa0       _BIO_push                  10019aa0 f   libeay32_EM_dbg.0.9.8e:bio_lib.obj
 0001:00018b10       _BIO_pop                   10019b10 f   libeay32_EM_dbg.0.9.8e:bio_lib.obj
 0001:00018b90       _BIO_find_type             10019b90 f   libeay32_EM_dbg.0.9.8e:bio_lib.obj
 0001:00018c00       _BIO_next                  10019c00 f   libeay32_EM_dbg.0.9.8e:bio_lib.obj
 0001:00018c20       _BIO_free_all              10019c20 f   libeay32_EM_dbg.0.9.8e:bio_lib.obj
 0001:00018c70       _BIO_dup_chain             10019c70 f   libeay32_EM_dbg.0.9.8e:bio_lib.obj
 0001:00018da0       _BIO_copy_next_retry       10019da0 f   libeay32_EM_dbg.0.9.8e:bio_lib.obj
 0001:00018de0       _AUTHORITY_KEYID_it        10019de0 f   libeay32_EM_dbg.0.9.8e:v3_akeya.obj
 0001:00018df0       _AUTHORITY_KEYID_new       10019df0 f   libeay32_EM_dbg.0.9.8e:v3_akeya.obj
 0001:00018e10       _AUTHORITY_KEYID_free      10019e10 f   libeay32_EM_dbg.0.9.8e:v3_akeya.obj
 0001:00018e50       _X509V3_EXT_get_nid        10019e50 f   libeay32_EM_dbg.0.9.8e:v3_lib.obj
 0001:00018ef0       _X509V3_EXT_get            10019ef0 f   libeay32_EM_dbg.0.9.8e:v3_lib.obj
 0001:00018f30       _X509V3_EXT_d2i            10019f30 f   libeay32_EM_dbg.0.9.8e:v3_lib.obj
 0001:00018fb0       _X509V3_get_d2i            10019fb0 f   libeay32_EM_dbg.0.9.8e:v3_lib.obj
 0001:000190f0       _X509_get_ext_count        1001a0f0 f   libeay32_EM_dbg.0.9.8e:x509_ext.obj
 0001:00019110       _X509_get_ext_by_NID       1001a110 f   libeay32_EM_dbg.0.9.8e:x509_ext.obj
 0001:00019130       _X509_get_ext              1001a130 f   libeay32_EM_dbg.0.9.8e:x509_ext.obj
 0001:00019150       _X509_get_ext_d2i          1001a150 f   libeay32_EM_dbg.0.9.8e:x509_ext.obj
 0001:00019180       _X509_NAME_ENTRY_it        1001a180 f   libeay32_EM_dbg.0.9.8e:x_name.obj
 0001:00019190       _X509_NAME_ENTRY_new       1001a190 f   libeay32_EM_dbg.0.9.8e:x_name.obj
 0001:000191b0       _X509_NAME_ENTRY_free      1001a1b0 f   libeay32_EM_dbg.0.9.8e:x_name.obj
 0001:000191d0       _X509_NAME_ENTRY_dup       1001a1d0 f   libeay32_EM_dbg.0.9.8e:x_name.obj
 0001:000191f0       _X509_NAME_ENTRIES_it      1001a1f0 f   libeay32_EM_dbg.0.9.8e:x_name.obj
 0001:00019200       _X509_NAME_INTERNAL_it     1001a200 f   libeay32_EM_dbg.0.9.8e:x_name.obj
 0001:00019210       _X509_NAME_it              1001a210 f   libeay32_EM_dbg.0.9.8e:x_name.obj
 0001:00019220       _d2i_X509_NAME             1001a220 f   libeay32_EM_dbg.0.9.8e:x_name.obj
 0001:00019240       _i2d_X509_NAME             1001a240 f   libeay32_EM_dbg.0.9.8e:x_name.obj
 0001:00019260       _X509_NAME_new             1001a260 f   libeay32_EM_dbg.0.9.8e:x_name.obj
 0001:00019280       _X509_NAME_free            1001a280 f   libeay32_EM_dbg.0.9.8e:x_name.obj
 0001:000192a0       _X509_NAME_dup             1001a2a0 f   libeay32_EM_dbg.0.9.8e:x_name.obj
 0001:000197d0       _X509_NAME_set             1001a7d0 f   libeay32_EM_dbg.0.9.8e:x_name.obj
 0001:00019840       _PKCS7_add_attrib_smimecap 1001a840 f   libeay32_EM_dbg.0.9.8e:pk7_attr.obj
 0001:00019950       _PKCS7_simple_smimecap     1001a950 f   libeay32_EM_dbg.0.9.8e:pk7_attr.obj
 0001:00019a70       _X509_issuer_and_serial_cmp 1001aa70 f   libeay32_EM_dbg.0.9.8e:x509_cmp.obj
 0001:00019ad0       _X509_subject_name_cmp     1001aad0 f   libeay32_EM_dbg.0.9.8e:x509_cmp.obj
 0001:00019af0       _X509_CRL_cmp              1001aaf0 f   libeay32_EM_dbg.0.9.8e:x509_cmp.obj
 0001:00019b10       _EVP_CIPHER_CTX_iv_length  1001ab10 f   libeay32_EM_dbg.0.9.8e:evp_lib.obj
 0001:00019b10       _X509_get_issuer_name      1001ab10 f   libeay32_EM_dbg.0.9.8e:x509_cmp.obj
 0001:00019b20       _X509_get_subject_name     1001ab20 f   libeay32_EM_dbg.0.9.8e:x509_cmp.obj
 0001:00019b30       _EVP_CIPHER_CTX_block_size 1001ab30 f   libeay32_EM_dbg.0.9.8e:evp_lib.obj
 0001:00019b30       _X509_get_serialNumber     1001ab30 f   libeay32_EM_dbg.0.9.8e:x509_cmp.obj
 0001:00019b40       _X509_cmp                  1001ab40 f   libeay32_EM_dbg.0.9.8e:x509_cmp.obj
 0001:00019b80       _X509_NAME_cmp             1001ab80 f   libeay32_EM_dbg.0.9.8e:x509_cmp.obj
 0001:0001a0a0       _X509_NAME_hash            1001b0a0 f   libeay32_EM_dbg.0.9.8e:x509_cmp.obj
 0001:0001a130       _X509_find_by_issuer_and_serial 1001b130 f   libeay32_EM_dbg.0.9.8e:x509_cmp.obj
 0001:0001a1e0       _X509_get_pubkey           1001b1e0 f   libeay32_EM_dbg.0.9.8e:x509_cmp.obj
 0001:0001a210       _X509_check_private_key    1001b210 f   libeay32_EM_dbg.0.9.8e:x509_cmp.obj
 0001:0001a340       _X509_ALGOR_it             1001b340 f   libeay32_EM_dbg.0.9.8e:x_algor.obj
 0001:0001a350       _i2d_X509_ALGOR            1001b350 f   libeay32_EM_dbg.0.9.8e:x_algor.obj
 0001:0001a370       _X509_ALGOR_new            1001b370 f   libeay32_EM_dbg.0.9.8e:x_algor.obj
 0001:0001a390       _X509_ALGOR_free           1001b390 f   libeay32_EM_dbg.0.9.8e:x_algor.obj
 0001:0001a3b0       _X509_ALGOR_dup            1001b3b0 f   libeay32_EM_dbg.0.9.8e:x_algor.obj
 0001:0001a3d0       _BN_generate_prime         1001b3d0 f   libeay32_EM_dbg.0.9.8e:bn_depr.obj
 0001:0001a490       _ASN1_OCTET_STRING_cmp     1001b490 f   libeay32_EM_dbg.0.9.8e:a_octet.obj
 0001:0001a4b0       _ASN1_OCTET_STRING_set     1001b4b0 f   libeay32_EM_dbg.0.9.8e:a_octet.obj
 0001:0001a4d0       _X509_CINF_it              1001b4d0 f   libeay32_EM_dbg.0.9.8e:x_x509.obj
 0001:0001a620       _X509_it                   1001b620 f   libeay32_EM_dbg.0.9.8e:x_x509.obj
 0001:0001a630       _d2i_X509                  1001b630 f   libeay32_EM_dbg.0.9.8e:x_x509.obj
 0001:0001a650       _i2d_X509                  1001b650 f   libeay32_EM_dbg.0.9.8e:x_x509.obj
 0001:0001a670       _X509_new                  1001b670 f   libeay32_EM_dbg.0.9.8e:x_x509.obj
 0001:0001a690       _X509_free                 1001b690 f   libeay32_EM_dbg.0.9.8e:x_x509.obj
 0001:0001a6b0       _d2i_X509_AUX              1001b6b0 f   libeay32_EM_dbg.0.9.8e:x_x509.obj
 0001:0001a740       _X509_LOOKUP_new           1001b740 f   libeay32_EM_dbg.0.9.8e:x509_lu.obj
 0001:0001a7d0       _X509_LOOKUP_free          1001b7d0 f   libeay32_EM_dbg.0.9.8e:x509_lu.obj
 0001:0001a810       _X509_LOOKUP_shutdown      1001b810 f   libeay32_EM_dbg.0.9.8e:x509_lu.obj
 0001:0001a850       _X509_LOOKUP_ctrl          1001b850 f   libeay32_EM_dbg.0.9.8e:x509_lu.obj
 0001:0001a8a0       _X509_LOOKUP_by_subject    1001b8a0 f   libeay32_EM_dbg.0.9.8e:x509_lu.obj
 0001:0001a8f0       _X509_STORE_new            1001b8f0 f   libeay32_EM_dbg.0.9.8e:x509_lu.obj
 0001:0001aa70       _X509_STORE_free           1001ba70 f   libeay32_EM_dbg.0.9.8e:x509_lu.obj
 0001:0001ab90       _X509_STORE_add_lookup     1001bb90 f   libeay32_EM_dbg.0.9.8e:x509_lu.obj
 0001:0001ac50       _X509_STORE_get_by_subject 1001bc50 f   libeay32_EM_dbg.0.9.8e:x509_lu.obj
 0001:0001ad50       _X509_STORE_add_cert       1001bd50 f   libeay32_EM_dbg.0.9.8e:x509_lu.obj
 0001:0001ae70       _X509_STORE_add_crl        1001be70 f   libeay32_EM_dbg.0.9.8e:x509_lu.obj
 0001:0001af90       _X509_OBJECT_up_ref_count  1001bf90 f   libeay32_EM_dbg.0.9.8e:x509_lu.obj
 0001:0001b000       _X509_OBJECT_free_contents 1001c000 f   libeay32_EM_dbg.0.9.8e:x509_lu.obj
 0001:0001b050       _X509_OBJECT_idx_by_subject 1001c050 f   libeay32_EM_dbg.0.9.8e:x509_lu.obj
 0001:0001b0f0       _X509_OBJECT_retrieve_by_subject 1001c0f0 f   libeay32_EM_dbg.0.9.8e:x509_lu.obj
 0001:0001b140       _X509_OBJECT_retrieve_match 1001c140 f   libeay32_EM_dbg.0.9.8e:x509_lu.obj
 0001:0001b210       _X509_STORE_CTX_get1_issuer 1001c210 f   libeay32_EM_dbg.0.9.8e:x509_lu.obj
 0001:0001b6c0       _EVP_des_ede_cbc           1001c6c0 f   libeay32_EM_dbg.0.9.8e:e_des3.obj
 0001:0001b6d0       _EVP_des_ede_cfb64         1001c6d0 f   libeay32_EM_dbg.0.9.8e:e_des3.obj
 0001:0001b6e0       _EVP_des_ede_ofb           1001c6e0 f   libeay32_EM_dbg.0.9.8e:e_des3.obj
 0001:0001b6f0       _EVP_des_ede3_cbc          1001c6f0 f   libeay32_EM_dbg.0.9.8e:e_des3.obj
 0001:0001b700       _EVP_des_ede3_cfb64        1001c700 f   libeay32_EM_dbg.0.9.8e:e_des3.obj
 0001:0001b710       _EVP_des_ede3_ofb          1001c710 f   libeay32_EM_dbg.0.9.8e:e_des3.obj
 0001:0001b890       _EVP_des_ede               1001c890 f   libeay32_EM_dbg.0.9.8e:e_des3.obj
 0001:0001b8a0       _EVP_des_ede3              1001c8a0 f   libeay32_EM_dbg.0.9.8e:e_des3.obj
 0001:0001b8b0       _d2i_PKCS8PrivateKey_bio   1001c8b0 f   libeay32_EM_dbg.0.9.8e:pem_pk8.obj
 0001:0001ba20       _d2i_PKCS8PrivateKey_fp    1001ca20 f   libeay32_EM_dbg.0.9.8e:pem_pk8.obj
 0001:0001ba90       _ERR_load_crypto_strings   1001ca90 f   libeay32_EM_dbg.0.9.8e:err_all.obj
 0001:0001c1f0       _ERR_load_ERR_strings      1001d1f0 f   libeay32_EM_dbg.0.9.8e:err.obj
 0001:0001c3f0       _ERR_load_strings          1001d3f0 f   libeay32_EM_dbg.0.9.8e:err.obj
 0001:0001c410       _ERR_free_strings          1001d410 f   libeay32_EM_dbg.0.9.8e:err.obj
 0001:0001c430       _ERR_put_error             1001d430 f   libeay32_EM_dbg.0.9.8e:err.obj
 0001:0001c5a0       _ERR_clear_error           1001d5a0 f   libeay32_EM_dbg.0.9.8e:err.obj
 0001:0001c6a0       _ERR_get_error             1001d6a0 f   libeay32_EM_dbg.0.9.8e:err.obj
 0001:0001c6c0       _ERR_get_error_line_data   1001d6c0 f   libeay32_EM_dbg.0.9.8e:err.obj
 0001:0001c6f0       _ERR_peek_error            1001d6f0 f   libeay32_EM_dbg.0.9.8e:err.obj
 0001:0001c710       _ERR_peek_last_error       1001d710 f   libeay32_EM_dbg.0.9.8e:err.obj
 0001:0001c940       _ERR_error_string_n        1001d940 f   libeay32_EM_dbg.0.9.8e:err.obj
 0001:0001cb70       _ERR_error_string          1001db70 f   libeay32_EM_dbg.0.9.8e:err.obj
 0001:0001cba0       _ERR_lib_error_string      1001dba0 f   libeay32_EM_dbg.0.9.8e:err.obj
 0001:0001cc10       _ERR_func_error_string     1001dc10 f   libeay32_EM_dbg.0.9.8e:err.obj
 0001:0001cc90       _ERR_reason_error_string   1001dc90 f   libeay32_EM_dbg.0.9.8e:err.obj
 0001:0001cda0       _ERR_get_state             1001dda0 f   libeay32_EM_dbg.0.9.8e:err.obj
 0001:0001cf10       _ERR_set_error_data        1001df10 f   libeay32_EM_dbg.0.9.8e:err.obj
 0001:0001cfc0       _ERR_add_error_data        1001dfc0 f   libeay32_EM_dbg.0.9.8e:err.obj
 0001:0001d120       _EVP_sha                   1001e120 f   libeay32_EM_dbg.0.9.8e:m_sha.obj
 0001:0001d130       _PEM_read_bio_PrivateKey   1001e130 f   libeay32_EM_dbg.0.9.8e:pem_pkey.obj
 0001:0001d430       _PEM_read_PrivateKey       1001e430 f   libeay32_EM_dbg.0.9.8e:pem_pkey.obj
 0001:0001d4c0       _EVP_rc4                   1001e4c0 f   libeay32_EM_dbg.0.9.8e:e_rc4.obj
 0001:0001d4d0       _EVP_rc4_40                1001e4d0 f   libeay32_EM_dbg.0.9.8e:e_rc4.obj
 0001:0001d540       _EVP_add_cipher            1001e540 f   libeay32_EM_dbg.0.9.8e:names.obj
 0001:0001d5a0       _EVP_add_digest            1001e5a0 f   libeay32_EM_dbg.0.9.8e:names.obj
 0001:0001d670       _EVP_get_cipherbyname      1001e670 f   libeay32_EM_dbg.0.9.8e:names.obj
 0001:0001d6a0       _EVP_get_digestbyname      1001e6a0 f   libeay32_EM_dbg.0.9.8e:names.obj
 0001:0001d6d0       _EVP_cleanup               1001e6d0 f   libeay32_EM_dbg.0.9.8e:names.obj
 0001:0001d760       _EVP_md4                   1001e760 f   libeay32_EM_dbg.0.9.8e:m_md4.obj
 0001:0001d770       _X509_REQ_get_pubkey       1001e770 f   libeay32_EM_dbg.0.9.8e:x509_req.obj
 0001:0001d7a0       _X509_verify_cert          1001e7a0 f   libeay32_EM_dbg.0.9.8e:x509_vfy.obj
 0001:0001e600       _X509_cmp_time             1001f600 f   libeay32_EM_dbg.0.9.8e:x509_vfy.obj
 0001:0001e8d0       _X509_gmtime_adj           1001f8d0 f   libeay32_EM_dbg.0.9.8e:x509_vfy.obj
 0001:0001e8f0       _X509_time_adj             1001f8f0 f   libeay32_EM_dbg.0.9.8e:x509_vfy.obj
 0001:0001e9a0       _X509_get_pubkey_parameters 1001f9a0 f   libeay32_EM_dbg.0.9.8e:x509_vfy.obj
 0001:0001eb10       _X509_STORE_CTX_get_ex_new_index 1001fb10 f   libeay32_EM_dbg.0.9.8e:x509_vfy.obj
 0001:0001eb40       _X509_STORE_CTX_set_ex_data 1001fb40 f   libeay32_EM_dbg.0.9.8e:x509_vfy.obj
 0001:0001eb60       _X509_STORE_CTX_get_error  1001fb60 f   libeay32_EM_dbg.0.9.8e:x509_vfy.obj
 0001:0001eb70       _X509_STORE_CTX_set0_crls  1001fb70 f   libeay32_EM_dbg.0.9.8e:x509_vfy.obj
 0001:0001eb70       _BN_BLINDING_set_thread_id 1001fb70 f   libeay32_EM_dbg.0.9.8e:bn_blind.obj
 0001:0001eb80       _X509_STORE_CTX_set_purpose 1001fb80 f   libeay32_EM_dbg.0.9.8e:x509_vfy.obj
 0001:0001eba0       _X509_STORE_CTX_purpose_inherit 1001fba0 f   libeay32_EM_dbg.0.9.8e:x509_vfy.obj
 0001:0001ecf0       _X509_STORE_CTX_init       1001fcf0 f   libeay32_EM_dbg.0.9.8e:x509_vfy.obj
 0001:0001f990       _X509_STORE_CTX_cleanup    10020990 f   libeay32_EM_dbg.0.9.8e:x509_vfy.obj
 0001:0001fa40       _X509_VERIFY_PARAM_set_depth 10020a40 f   libeay32_EM_dbg.0.9.8e:x509_vpm.obj
 0001:0001fa40       _X509_STORE_CTX_set_verify_cb 10020a40 f   libeay32_EM_dbg.0.9.8e:x509_vfy.obj
 0001:0001fa50       _X509_STORE_CTX_set_default 10020a50 f   libeay32_EM_dbg.0.9.8e:x509_vfy.obj
 0001:0001fa90       _ENGINE_get_ECDH           10020a90 f   libeay32_EM_dbg.0.9.8e:tb_ecdh.obj
 0001:0001fa90       _X509_STORE_CTX_get0_param 10020a90 f   libeay32_EM_dbg.0.9.8e:x509_vfy.obj
 0001:0001faa0       _RAND_poll                 10020aa0 f   libeay32_EM_dbg.0.9.8e:rand_win.obj
 0001:00020450       _RAND_screen               10021450 f   libeay32_EM_dbg.0.9.8e:rand_win.obj
 0001:000206b0       _EVP_PKEY_bits             100216b0 f   libeay32_EM_dbg.0.9.8e:p_lib.obj
 0001:00020790       _EVP_PKEY_size             10021790 f   libeay32_EM_dbg.0.9.8e:p_lib.obj
 0001:00020800       _EVP_PKEY_copy_parameters  10021800 f   libeay32_EM_dbg.0.9.8e:p_lib.obj
 0001:000209b0       _EVP_PKEY_missing_parameters 100219b0 f   libeay32_EM_dbg.0.9.8e:p_lib.obj
 0001:00020a20       _EVP_PKEY_cmp_parameters   10021a20 f   libeay32_EM_dbg.0.9.8e:p_lib.obj
 0001:00020b10       _EVP_PKEY_cmp              10021b10 f   libeay32_EM_dbg.0.9.8e:p_lib.obj
 0001:00020c80       _EVP_PKEY_new              10021c80 f   libeay32_EM_dbg.0.9.8e:p_lib.obj
 0001:00020d00       _EVP_PKEY_assign           10021d00 f   libeay32_EM_dbg.0.9.8e:p_lib.obj
 0001:00020d50       _EVP_PKEY_get1_RSA         10021d50 f   libeay32_EM_dbg.0.9.8e:p_lib.obj
 0001:00020d90       _EVP_PKEY_type             10021d90 f   libeay32_EM_dbg.0.9.8e:p_lib.obj
 0001:00020e60       _EVP_PKEY_free             10021e60 f   libeay32_EM_dbg.0.9.8e:p_lib.obj
 0001:00021110       _EVP_rc5_32_12_16_cbc      10022110 f   libeay32_EM_dbg.0.9.8e:e_rc5.obj
 0001:00021120       _EVP_rc5_32_12_16_cfb64    10022120 f   libeay32_EM_dbg.0.9.8e:e_rc5.obj
 0001:00021130       _EVP_rc5_32_12_16_ofb      10022130 f   libeay32_EM_dbg.0.9.8e:e_rc5.obj
 0001:00021140       _EVP_rc5_32_12_16_ecb      10022140 f   libeay32_EM_dbg.0.9.8e:e_rc5.obj
 0001:00021280       _ASN1_const_check_infinite_end 10022280 f   libeay32_EM_dbg.0.9.8e:asn1_lib.obj
 0001:000212a0       _ASN1_get_object           100222a0 f   libeay32_EM_dbg.0.9.8e:asn1_lib.obj
 0001:00021580       _ASN1_put_object           10022580 f   libeay32_EM_dbg.0.9.8e:asn1_lib.obj
 0001:000216a0       _ASN1_put_eoc              100226a0 f   libeay32_EM_dbg.0.9.8e:asn1_lib.obj
 0001:000217b0       _ASN1_object_size          100227b0 f   libeay32_EM_dbg.0.9.8e:asn1_lib.obj
 0001:00021830       _asn1_GetSequence          10022830 f   libeay32_EM_dbg.0.9.8e:asn1_lib.obj
 0001:00021910       _ASN1_STRING_dup           10022910 f   libeay32_EM_dbg.0.9.8e:asn1_lib.obj
 0001:00021990       _ASN1_STRING_set           10022990 f   libeay32_EM_dbg.0.9.8e:asn1_lib.obj
 0001:00021aa0       _ASN1_STRING_new           10022aa0 f   libeay32_EM_dbg.0.9.8e:asn1_lib.obj
 0001:00021ab0       _ASN1_STRING_type_new      10022ab0 f   libeay32_EM_dbg.0.9.8e:asn1_lib.obj
 0001:00021b30       _ASN1_STRING_free          10022b30 f   libeay32_EM_dbg.0.9.8e:asn1_lib.obj
 0001:00021b70       _ASN1_STRING_cmp           10022b70 f   libeay32_EM_dbg.0.9.8e:asn1_lib.obj
 0001:00021bd0       _asn1_add_error            10022bd0 f   libeay32_EM_dbg.0.9.8e:asn1_lib.obj
 0001:00021c40       _PEM_read_bio_X509_CRL     10022c40 f   libeay32_EM_dbg.0.9.8e:pem_all.obj
 0001:00021cd0       _PEM_read_RSAPrivateKey    10022cd0 f   libeay32_EM_dbg.0.9.8e:pem_all.obj
 0001:000226c0       _CRYPTO_cleanup_all_ex_data 100236c0 f   libeay32_EM_dbg.0.9.8e:ex_data.obj
 0001:000226e0       _CRYPTO_get_ex_new_index   100236e0 f   libeay32_EM_dbg.0.9.8e:ex_data.obj
 0001:00022740       _CRYPTO_new_ex_data        10023740 f   libeay32_EM_dbg.0.9.8e:ex_data.obj
 0001:00022770       _CRYPTO_dup_ex_data        10023770 f   libeay32_EM_dbg.0.9.8e:ex_data.obj
 0001:000227a0       _CRYPTO_free_ex_data       100237a0 f   libeay32_EM_dbg.0.9.8e:ex_data.obj
 0001:000227d0       _CRYPTO_set_ex_data        100237d0 f   libeay32_EM_dbg.0.9.8e:ex_data.obj
 0001:00022890       _CRYPTO_get_ex_data        10023890 f   libeay32_EM_dbg.0.9.8e:ex_data.obj
 0001:000228d0       _a2d_ASN1_OBJECT           100238d0 f   libeay32_EM_dbg.0.9.8e:a_object.obj
 0001:00022d10       _i2t_ASN1_OBJECT           10023d10 f   libeay32_EM_dbg.0.9.8e:a_object.obj
 0001:00022d30       _i2a_ASN1_OBJECT           10023d30 f   libeay32_EM_dbg.0.9.8e:a_object.obj
 0001:00022e30       _d2i_ASN1_OBJECT           10023e30 f   libeay32_EM_dbg.0.9.8e:a_object.obj
 0001:00022f00       _c2i_ASN1_OBJECT           10023f00 f   libeay32_EM_dbg.0.9.8e:a_object.obj
 0001:00023070       _ASN1_OBJECT_new           10024070 f   libeay32_EM_dbg.0.9.8e:a_object.obj
 0001:00023100       _ASN1_OBJECT_free          10024100 f   libeay32_EM_dbg.0.9.8e:a_object.obj
 0001:000231b0       _ASN1_item_i2d             100241b0 f   libeay32_EM_dbg.0.9.8e:tasn_enc.obj
 0001:00023280       _ASN1_item_ex_i2d          10024280 f   libeay32_EM_dbg.0.9.8e:tasn_enc.obj
 0001:00023e00       _asn1_ex_i2c               10024e00 f   libeay32_EM_dbg.0.9.8e:tasn_enc.obj
 0001:00024090       _BIO_s_mem                 10025090 f   libeay32_EM_dbg.0.9.8e:bss_mem.obj
 0001:000240a0       _BIO_new_mem_buf           100250a0 f   libeay32_EM_dbg.0.9.8e:bss_mem.obj
 0001:000247b0       _CRYPTO_free_locked        100257b0 f   libeay32_EM_dbg.0.9.8e:mem.obj
 0001:000247f0       _CRYPTO_malloc             100257f0 f   libeay32_EM_dbg.0.9.8e:mem.obj
 0001:000248b0       _CRYPTO_realloc            100258b0 f   libeay32_EM_dbg.0.9.8e:mem.obj
 0001:00024960       _CRYPTO_realloc_clean      10025960 f   libeay32_EM_dbg.0.9.8e:mem.obj
 0001:00024a50       _CRYPTO_free               10025a50 f   libeay32_EM_dbg.0.9.8e:mem.obj
 0001:00024a90       _ERR_print_errors_cb       10025a90 f   libeay32_EM_dbg.0.9.8e:err_prn.obj
 0001:00024b90       _ERR_print_errors_fp       10025b90 f   libeay32_EM_dbg.0.9.8e:err_prn.obj
 0001:00024c40       _EVP_md5                   10025c40 f   libeay32_EM_dbg.0.9.8e:m_md5.obj
 0001:00024d90       _EVP_bf_cbc                10025d90 f   libeay32_EM_dbg.0.9.8e:e_bf.obj
 0001:00024da0       _EVP_bf_cfb64              10025da0 f   libeay32_EM_dbg.0.9.8e:e_bf.obj
 0001:00024db0       _EVP_bf_ofb                10025db0 f   libeay32_EM_dbg.0.9.8e:e_bf.obj
 0001:00024dc0       _EVP_bf_ecb                10025dc0 f   libeay32_EM_dbg.0.9.8e:e_bf.obj
 0001:00024e00       _ASN1_INTEGER_cmp          10025e00 f   libeay32_EM_dbg.0.9.8e:a_int.obj
 0001:00024e70       _i2c_ASN1_INTEGER          10025e70 f   libeay32_EM_dbg.0.9.8e:a_int.obj
 0001:000250a0       _c2i_ASN1_INTEGER          100260a0 f   libeay32_EM_dbg.0.9.8e:a_int.obj
 0001:00025330       _ASN1_INTEGER_set          10026330 f   libeay32_EM_dbg.0.9.8e:a_int.obj
 0001:00025490       _ASN1_INTEGER_get          10026490 f   libeay32_EM_dbg.0.9.8e:a_int.obj
 0001:00025550       _BN_to_ASN1_INTEGER        10026550 f   libeay32_EM_dbg.0.9.8e:a_int.obj
[...]
 0001:000b5ac9       __unwindfunclet$?getValorVar@CConfigFile@@QAEHPBD0PAV?$basic_string@DU?$char_traits@D@std@@V?$allocator@D@2@@std@@@Z$8 100b6ac9 f    CIL library: CIL module
 0001:000b5ad2       __unwindfunclet$?getValorVar@CConfigFile@@QAEHPBD0PAV?$basic_string@DU?$char_traits@D@std@@V?$allocator@D@2@@std@@@Z$9 100b6ad2 f    CIL library: CIL module
 0001:000b5adb       __unwindfunclet$?getValorVar@CConfigFile@@QAEHPBD0PAV?$basic_string@DU?$char_traits@D@std@@V?$allocator@D@2@@std@@@Z$30 100b6adb f    CIL library: CIL module
 0001:000b5ae7       __unwindfunclet$?getValorVar@CConfigFile@@QAEHPBD0PAV?$basic_string@DU?$char_traits@D@std@@V?$allocator@D@2@@std@@@Z$33 100b6ae7 f    CIL library: CIL module
 0001:000b5af3       __unwindfunclet$?getValorVar@CConfigFile@@QAEHPBD0PAV?$basic_string@DU?$char_traits@D@std@@V?$allocator@D@2@@std@@@Z$36 100b6af3 f    CIL library: CIL module
 0001:000b5aff       __ehhandler$?getValorVar@CConfigFile@@QAEHPBD0PAV?$basic_string@DU?$char_traits@D@std@@V?$allocator@D@2@@std@@@Z 100b6aff f    CIL library: CIL module
 0001:000b5b30       __unwindfunclet$?m_leeTagPrincipal@CConfigFile@@AAEHPAV?$basic_fstream@DU?$char_traits@D@std@@@std@@V?$basic_string@DU?$char_traits@D@std@@V?$allocator@D@2@@3@@Z$0 100b6b30 f    CIL library: CIL module
 0001:000b5b39       __unwindfunclet$?m_leeTagPrincipal@CConfigFile@@AAEHPAV?$basic_fstream@DU?$char_traits@D@std@@@std@@V?$basic_string@DU?$char_traits@D@std@@V?$allocator@D@2@@3@@Z$1 100b6b39 f    CIL library: CIL module
 0001:000b5b45       __unwindfunclet$?m_leeTagPrincipal@CConfigFile@@AAEHPAV?$basic_fstream@DU?$char_traits@D@std@@@std@@V?$basic_string@DU?$char_traits@D@std@@V?$allocator@D@2@@3@@Z$4 100b6b45 f    CIL library: CIL module
 0001:000b5b51       __unwindfunclet$?m_leeTagPrincipal@CConfigFile@@AAEHPAV?$basic_fstream@DU?$char_traits@D@std@@@std@@V?$basic_string@DU?$char_traits@D@std@@V?$allocator@D@2@@3@@Z$2 100b6b51 f    CIL library: CIL module
 0001:000b5b5e       __unwindfunclet$?m_leeTagPrincipal@CConfigFile@@AAEHPAV?$basic_fstream@DU?$char_traits@D@std@@@std@@V?$basic_string@DU?$char_traits@D@std@@V?$allocator@D@2@@3@@Z$9 100b6b5e f    CIL library: CIL module
 0001:000b5b6a       __unwindfunclet$?m_leeTagPrincipal@CConfigFile@@AAEHPAV?$basic_fstream@DU?$char_traits@D@std@@@std@@V?$basic_string@DU?$char_traits@D@std@@V?$allocator@D@2@@3@@Z$10 100b6b6a f    CIL library: CIL module
 0001:000b5b76       __ehhandler$?m_leeTagPrincipal@CConfigFile@@AAEHPAV?$basic_fstream@DU?$char_traits@D@std@@@std@@V?$basic_string@DU?$char_traits@D@std@@V?$allocator@D@2@@3@@Z 100b6b76 f    CIL library: CIL module
 0001:000b5bb0       __unwindfunclet$??Eiterator@?$_Tree@V?$_Tmap_traits@V?$basic_string@DU?$char_traits@D@std@@V?$allocator@D@2@@std@@V12@U?$less@V?$basic_string@DU?$char_traits@D@std@@V?$allocator@D@2@@std@@@2@V?$allocator@U?$pair@$$CBV?$basic_string@DU?$char_traits@D@std@@V?$allocator@D@2@@std@@V12@@std@@@2@$00@std@@@std@@QAE?AV012@H@Z$0 100b6bb0 f    CIL library: CIL module
 0001:000b5bc9       __ehhandler$??Eiterator@?$_Tree@V?$_Tmap_traits@V?$basic_string@DU?$char_traits@D@std@@V?$allocator@D@2@@std@@V12@U?$less@V?$basic_string@DU?$char_traits@D@std@@V?$allocator@D@2@@std@@@2@V?$allocator@U?$pair@$$CBV?$basic_string@DU?$char_traits@D@std@@V?$allocator@D@2@@std@@V12@@std@@@2@$00@std@@@std@@QAE?AV012@H@Z 100b6bc9 f    CIL library: CIL module
 0001:000b5bf0       __unwindfunclet$?erase@?$_Tree@V?$_Tmap_traits@V?$basic_string@DU?$char_traits@D@std@@V?$allocator@D@2@@std@@V12@U?$less@V?$basic_string@DU?$char_traits@D@std@@V?$allocator@D@2@@std@@@2@V?$allocator@U?$pair@$$CBV?$basic_string@DU?$char_traits@D@std@@V?$allocator@D@2@@std@@V12@@std@@@2@$00@std@@@std@@QAE?AViterator@12@V312@@Z$0 100b6bf0 f    CIL library: CIL module
 0001:000b5bf8       __unwindfunclet$?erase@?$_Tree@V?$_Tmap_traits@V?$basic_string@DU?$char_traits@D@std@@V?$allocator@D@2@@std@@V12@U?$less@V?$basic_string@DU?$char_traits@D@std@@V?$allocator@D@2@@std@@@2@V?$allocator@U?$pair@$$CBV?$basic_string@DU?$char_traits@D@std@@V?$allocator@D@2@@std@@V12@@std@@@2@$00@std@@@std@@QAE?AViterator@12@V312@@Z$3 100b6bf8 f    CIL library: CIL module
 0001:000b5c01       __unwindfunclet$?erase@?$_Tree@V?$_Tmap_traits@V?$basic_string@DU?$char_traits@D@std@@V?$allocator@D@2@@std@@V12@U?$less@V?$basic_string@DU?$char_traits@D@std@@V?$allocator@D@2@@std@@@2@V?$allocator@U?$pair@$$CBV?$basic_string@DU?$char_traits@D@std@@V?$allocator@D@2@@std@@V12@@std@@@2@$00@std@@@std@@QAE?AViterator@12@V312@@Z$8 100b6c01 f    CIL library: CIL module
 0001:000b5c0a       __unwindfunclet$?erase@?$_Tree@V?$_Tmap_traits@V?$basic_string@DU?$char_traits@D@std@@V?$allocator@D@2@@std@@V12@U?$less@V?$basic_string@DU?$char_traits@D@std@@V?$allocator@D@2@@std@@@2@V?$allocator@U?$pair@$$CBV?$basic_string@DU?$char_traits@D@std@@V?$allocator@D@2@@std@@V12@@std@@@2@$00@std@@@std@@QAE?AViterator@12@V312@@Z$1 100b6c0a f    CIL library: CIL module
 0001:000b5c23       __unwindfunclet$?erase@?$_Tree@V?$_Tmap_traits@V?$basic_string@DU?$char_traits@D@std@@V?$allocator@D@2@@std@@V12@U?$less@V?$basic_string@DU?$char_traits@D@std@@V?$allocator@D@2@@std@@@2@V?$allocator@U?$pair@$$CBV?$basic_string@DU?$char_traits@D@std@@V?$allocator@D@2@@std@@V12@@std@@@2@$00@std@@@std@@QAE?AViterator@12@V312@@Z$12 100b6c23 f    CIL library: CIL module
 0001:000b5c2c       __ehhandler$?erase@?$_Tree@V?$_Tmap_traits@V?$basic_string@DU?$char_traits@D@std@@V?$allocator@D@2@@std@@V12@U?$less@V?$basic_string@DU?$char_traits@D@std@@V?$allocator@D@2@@std@@@2@V?$allocator@U?$pair@$$CBV?$basic_string@DU?$char_traits@D@std@@V?$allocator@D@2@@std@@V12@@std@@@2@$00@std@@@std@@QAE?AViterator@12@V312@@Z 100b6c2c f    CIL library: CIL module
 0001:000b5c50       __unwindfunclet$?erase@?$_Tree@V?$_Tmap_traits@V?$basic_string@DU?$char_traits@D@std@@V?$allocator@D@2@@std@@V12@U?$less@V?$basic_string@DU?$char_traits@D@std@@V?$allocator@D@2@@std@@@2@V?$allocator@U?$pair@$$CBV?$basic_string@DU?$char_traits@D@std@@V?$allocator@D@2@@std@@V12@@std@@@2@$00@std@@@std@@QAE?AViterator@12@V312@0@Z$0 100b6c50 f    CIL library: CIL module
 0001:000b5c58       __unwindfunclet$?erase@?$_Tree@V?$_Tmap_traits@V?$basic_string@DU?$char_traits@D@std@@V?$allocator@D@2@@std@@V12@U?$less@V?$basic_string@DU?$char_traits@D@std@@V?$allocator@D@2@@std@@@2@V?$allocator@U?$pair@$$CBV?$basic_string@DU?$char_traits@D@std@@V?$allocator@D@2@@std@@V12@@std@@@2@$00@std@@@std@@QAE?AViterator@12@V312@0@Z$1 100b6c58 f    CIL library: CIL module
 0001:000b5c60       __unwindfunclet$?erase@?$_Tree@V?$_Tmap_traits@V?$basic_string@DU?$char_traits@D@std@@V?$allocator@D@2@@std@@V12@U?$less@V?$basic_string@DU?$char_traits@D@std@@V?$allocator@D@2@@std@@@2@V?$allocator@U?$pair@$$CBV?$basic_string@DU?$char_traits@D@std@@V?$allocator@D@2@@std@@V12@@std@@@2@$00@std@@@std@@QAE?AViterator@12@V312@0@Z$2 100b6c60 f    CIL library: CIL module
 0001:000b5c79       __unwindfunclet$?erase@?$_Tree@V?$_Tmap_traits@V?$basic_string@DU?$char_traits@D@std@@V?$allocator@D@2@@std@@V12@U?$less@V?$basic_string@DU?$char_traits@D@std@@V?$allocator@D@2@@std@@@2@V?$allocator@U?$pair@$$CBV?$basic_string@DU?$char_traits@D@std@@V?$allocator@D@2@@std@@V12@@std@@@2@$00@std@@@std@@QAE?AViterator@12@V312@0@Z$3 100b6c79 f    CIL library: CIL module
 0001:000b5c92       __unwindfunclet$?erase@?$_Tree@V?$_Tmap_traits@V?$basic_string@DU?$char_traits@D@std@@V?$allocator@D@2@@std@@V12@U?$less@V?$basic_string@DU?$char_traits@D@std@@V?$allocator@D@2@@std@@@2@V?$allocator@U?$pair@$$CBV?$basic_string@DU?$char_traits@D@std@@V?$allocator@D@2@@std@@V12@@std@@@2@$00@std@@@std@@QAE?AViterator@12@V312@0@Z$10 100b6c92 f    CIL library: CIL module
 0001:000b5c9b       __unwindfunclet$?erase@?$_Tree@V?$_Tmap_traits@V?$basic_string@DU?$char_traits@D@std@@V?$allocator@D@2@@std@@V12@U?$less@V?$basic_string@DU?$char_traits@D@std@@V?$allocator@D@2@@std@@@2@V?$allocator@U?$pair@$$CBV?$basic_string@DU?$char_traits@D@std@@V?$allocator@D@2@@std@@V12@@std@@@2@$00@std@@@std@@QAE?AViterator@12@V312@0@Z$14 100b6c9b f    CIL library: CIL module
 0001:000b5ca4       __unwindfunclet$?erase@?$_Tree@V?$_Tmap_traits@V?$basic_string@DU?$char_traits@D@std@@V?$allocator@D@2@@std@@V12@U?$less@V?$basic_string@DU?$char_traits@D@std@@V?$allocator@D@2@@std@@@2@V?$allocator@U?$pair@$$CBV?$basic_string@DU?$char_traits@D@std@@V?$allocator@D@2@@std@@V12@@std@@@2@$00@std@@@std@@QAE?AViterator@12@V312@0@Z$4 100b6ca4 f    CIL library: CIL module
 0001:000b5cbd       __unwindfunclet$?erase@?$_Tree@V?$_Tmap_traits@V?$basic_string@DU?$char_traits@D@std@@V?$allocator@D@2@@std@@V12@U?$less@V?$basic_string@DU?$char_traits@D@std@@V?$allocator@D@2@@std@@@2@V?$allocator@U?$pair@$$CBV?$basic_string@DU?$char_traits@D@std@@V?$allocator@D@2@@std@@V12@@std@@@2@$00@std@@@std@@QAE?AViterator@12@V312@0@Z$18 100b6cbd f    CIL library: CIL module
 0001:000b5cc6       __unwindfunclet$?erase@?$_Tree@V?$_Tmap_traits@V?$basic_string@DU?$char_traits@D@std@@V?$allocator@D@2@@std@@V12@U?$less@V?$basic_string@DU?$char_traits@D@std@@V?$allocator@D@2@@std@@@2@V?$allocator@U?$pair@$$CBV?$basic_string@DU?$char_traits@D@std@@V?$allocator@D@2@@std@@V12@@std@@@2@$00@std@@@std@@QAE?AViterator@12@V312@0@Z$22 100b6cc6 f    CIL library: CIL module
 0001:000b5ccf       __unwindfunclet$?erase@?$_Tree@V?$_Tmap_traits@V?$basic_string@DU?$char_traits@D@std@@V?$allocator@D@2@@std@@V12@U?$less@V?$basic_string@DU?$char_traits@D@std@@V?$allocator@D@2@@std@@@2@V?$allocator@U?$pair@$$CBV?$basic_string@DU?$char_traits@D@std@@V?$allocator@D@2@@std@@V12@@std@@@2@$00@std@@@std@@QAE?AViterator@12@V312@0@Z$26 100b6ccf f    CIL library: CIL module
 0001:000b5cd8       __unwindfunclet$?erase@?$_Tree@V?$_Tmap_traits@V?$basic_string@DU?$char_traits@D@std@@V?$allocator@D@2@@std@@V12@U?$less@V?$basic_string@DU?$char_traits@D@std@@V?$allocator@D@2@@std@@@2@V?$allocator@U?$pair@$$CBV?$basic_string@DU?$char_traits@D@std@@V?$allocator@D@2@@std@@V12@@std@@@2@$00@std@@@std@@QAE?AViterator@12@V312@0@Z$33 100b6cd8 f    CIL library: CIL module
 0001:000b5ce1       __unwindfunclet$?erase@?$_Tree@V?$_Tmap_traits@V?$basic_string@DU?$char_traits@D@std@@V?$allocator@D@2@@std@@V12@U?$less@V?$basic_string@DU?$char_traits@D@std@@V?$allocator@D@2@@std@@@2@V?$allocator@U?$pair@$$CBV?$basic_string@DU?$char_traits@D@std@@V?$allocator@D@2@@std@@V12@@std@@@2@$00@std@@@std@@QAE?AViterator@12@V312@0@Z$37 100b6ce1 f    CIL library: CIL module
 0001:000b5cea       __ehhandler$?erase@?$_Tree@V?$_Tmap_traits@V?$basic_string@DU?$char_traits@D@std@@V?$allocator@D@2@@std@@V12@U?$less@V?$basic_string@DU?$char_traits@D@std@@V?$allocator@D@2@@std@@@2@V?$allocator@U?$pair@$$CBV?$basic_string@DU?$char_traits@D@std@@V?$allocator@D@2@@std@@V12@@std@@@2@$00@std@@@std@@QAE?AViterator@12@V312@0@Z 100b6cea f    CIL library: CIL module
 0001:000b5d10       __unwindfunclet$?_Tidy@?$_Tree@V?$_Tmap_traits@V?$basic_string@DU?$char_traits@D@std@@V?$allocator@D@2@@std@@V12@U?$less@V?$basic_string@DU?$char_traits@D@std@@V?$allocator@D@2@@std@@@2@V?$allocator@U?$pair@$$CBV?$basic_string@DU?$char_traits@D@std@@V?$allocator@D@2@@std@@V12@@std@@@2@$00@std@@@std@@IAEXXZ$0 100b6d10 f    CIL library: CIL module
 0001:000b5d18       __unwindfunclet$?_Tidy@?$_Tree@V?$_Tmap_traits@V?$basic_string@DU?$char_traits@D@std@@V?$allocator@D@2@@std@@V12@U?$less@V?$basic_string@DU?$char_traits@D@std@@V?$allocator@D@2@@std@@@2@V?$allocator@U?$pair@$$CBV?$basic_string@DU?$char_traits@D@std@@V?$allocator@D@2@@std@@V12@@std@@@2@$00@std@@@std@@IAEXXZ$6 100b6d18 f    CIL library: CIL module
 0001:000b5d21       __ehhandler$?_Tidy@?$_Tree@V?$_Tmap_traits@V?$basic_string@DU?$char_traits@D@std@@V?$allocator@D@2@@std@@V12@U?$less@V?$basic_string@DU?$char_traits@D@std@@V?$allocator@D@2@@std@@@2@V?$allocator@U?$pair@$$CBV?$basic_string@DU?$char_traits@D@std@@V?$allocator@D@2@@std@@V12@@std@@@2@$00@std@@@std@@IAEXXZ 100b6d21 f    CIL library: CIL module
 0001:000b5d40       __unwindfunclet$?RecMsgErrorARA@CSgiARA@@IAEHPBD@Z$0 100b6d40 f    CIL library: CIL module
 0001:000b5d49       __unwindfunclet$?RecMsgErrorARA@CSgiARA@@IAEHPBD@Z$1 100b6d49 f    CIL library: CIL module
 0001:000b5d55       __unwindfunclet$?RecMsgErrorARA@CSgiARA@@IAEHPBD@Z$2 100b6d55 f    CIL library: CIL module
 0001:000b5d5e       __unwindfunclet$?RecMsgErrorARA@CSgiARA@@IAEHPBD@Z$3 100b6d5e f    CIL library: CIL module
 0001:000b5d67       __unwindfunclet$?RecMsgErrorARA@CSgiARA@@IAEHPBD@Z$4 100b6d67 f    CIL library: CIL module
 0001:000b5d70       __unwindfunclet$?RecMsgErrorARA@CSgiARA@@IAEHPBD@Z$5 100b6d70 f    CIL library: CIL module
 0001:000b5d79       __unwindfunclet$?RecMsgErrorARA@CSgiARA@@IAEHPBD@Z$6 100b6d79 f    CIL library: CIL module
 0001:000b5d85       __ehhandler$?RecMsgErrorARA@CSgiARA@@IAEHPBD@Z 100b6d85 f    CIL library: CIL module
 0001:000b5dc0       __unwindfunclet$?Conecta@CSgiARA@@QAEHXZ$0 100b6dc0 f    CIL library: CIL module
 0001:000b5dcd       __ehhandler$?Conecta@CSgiARA@@QAEHXZ 100b6dcd f    CIL library: CIL module
 0001:000b5e00       __unwindfunclet$??1CSgiARA@@QAE@XZ$0 100b6e00 f    CIL library: CIL module
 0001:000b5e09       __unwindfunclet$??1CSgiARA@@QAE@XZ$1 100b6e09 f    CIL library: CIL module
 0001:000b5e15       __unwindfunclet$??1CSgiARA@@QAE@XZ$2 100b6e15 f    CIL library: CIL module
 0001:000b5e21       __unwindfunclet$??1CSgiARA@@QAE@XZ$3 100b6e21 f    CIL library: CIL module
 0001:000b5e2d       __unwindfunclet$??1CSgiARA@@QAE@XZ$4 100b6e2d f    CIL library: CIL module
 0001:000b5e3c       __unwindfunclet$??1CSgiARA@@QAE@XZ$5 100b6e3c f    CIL library: CIL module
 0001:000b5e4b       __unwindfunclet$??1CSgiARA@@QAE@XZ$6 100b6e4b f    CIL library: CIL module
 0001:000b5e58       __ehhandler$??1CSgiARA@@QAE@XZ 100b6e58 f    CIL library: CIL module
 0001:000b5e80       __unwindfunclet$??1?$multimap@V?$basic_string@DU?$char_traits@D@std@@V?$allocator@D@2@@std@@V12@U?$less@V?$basic_string@DU?$char_traits@D@std@@V?$allocator@D@2@@std@@@2@V?$allocator@U?$pair@$$CBV?$basic_string@DU?$char_traits@D@std@@V?$allocator@D@2@@std@@V12@@std@@@2@@std@@QAE@XZ$1 100b6e80 f    CIL library: CIL module
 0001:000b5e88       __ehhandler$??1?$multimap@V?$basic_string@DU?$char_traits@D@std@@V?$allocator@D@2@@std@@V12@U?$less@V?$basic_string@DU?$char_traits@D@std@@V?$allocator@D@2@@std@@@2@V?$allocator@U?$pair@$$CBV?$basic_string@DU?$char_traits@D@std@@V?$allocator@D@2@@std@@V12@@std@@@2@@std@@QAE@XZ 100b6e88 f    CIL library: CIL module
 0001:000b5eb0       __unwindfunclet$??1CConfigFile@@QAE@XZ$0 100b6eb0 f    CIL library: CIL module
 0001:000b5eb9       __unwindfunclet$??1CConfigFile@@QAE@XZ$3 100b6eb9 f    CIL library: CIL module
 0001:000b5ec1       __ehhandler$??1CConfigFile@@QAE@XZ 100b6ec1 f    CIL library: CIL module
 0001:000b5ee0       __unwindfunclet$?genP7@CSgi_Cripto@SgiCripto@@QAE?AW4tError@2@PBD000H0H0@Z$0 100b6ee0 f    CIL library: CIL module
 0001:000b5ee5       __ehhandler$?genP7@CSgi_Cripto@SgiCripto@@QAE?AW4tError@2@PBD000H0H0@Z 100b6ee5 f    CIL library: CIL module
 0001:000b5f00       __unwindfunclet$??1CSgi_Cripto@SgiCripto@@QAE@XZ$0 100b6f00 f    CIL library: CIL module
 0001:000b5f0c       __ehhandler$??1CSgi_Cripto@SgiCripto@@QAE@XZ 100b6f0c f    CIL library: CIL module
 0001:000b5f30       __unwindfunclet$?m_readCfgFile@CConfigFile@@AAEHXZ$0 100b6f30 f    CIL library: CIL module
 0001:000b5f3e       __ehhandler$?m_readCfgFile@CConfigFile@@AAEHXZ 100b6f3e f    CIL library: CIL module
 0001:000b5f70       __unwindfunclet$??0CConfigFile@@QAE@V?$basic_string@DU?$char_traits@D@std@@V?$allocator@D@2@@std@@@Z$0 100b6f70 f    CIL library: CIL module
 0001:000b5f79       __unwindfunclet$??0CConfigFile@@QAE@V?$basic_string@DU?$char_traits@D@std@@V?$allocator@D@2@@std@@@Z$1 100b6f79 f    CIL library: CIL module
 0001:000b5f82       __unwindfunclet$??0CConfigFile@@QAE@V?$basic_string@DU?$char_traits@D@std@@V?$allocator@D@2@@std@@@Z$2 100b6f82 f    CIL library: CIL module
 0001:000b5f8f       __ehhandler$??0CConfigFile@@QAE@V?$basic_string@DU?$char_traits@D@std@@V?$allocator@D@2@@std@@@Z 100b6f8f f    CIL library: CIL module
 0001:000b5fb0       __unwindfunclet$?LeeCfgUsr@CSgiARA@@IAEXXZ$0 100b6fb0 f    CIL library: CIL module
 0001:000b5fb9       __unwindfunclet$?LeeCfgUsr@CSgiARA@@IAEXXZ$1 100b6fb9 f    CIL library: CIL module
 0001:000b5fc4       __unwindfunclet$?LeeCfgUsr@CSgiARA@@IAEXXZ$3 100b6fc4 f    CIL library: CIL module
 0001:000b5fcd       __unwindfunclet$?LeeCfgUsr@CSgiARA@@IAEXXZ$4 100b6fcd f    CIL library: CIL module
 0001:000b5fd6       __ehhandler$?LeeCfgUsr@CSgiARA@@IAEXXZ 100b6fd6 f    CIL library: CIL module
 0001:000b6000       __unwindfunclet$?LeeCfg@CSgiARA@@IAEHXZ$0 100b7000 f    CIL library: CIL module
 0001:000b6009       __unwindfunclet$?LeeCfg@CSgiARA@@IAEHXZ$1 100b7009 f    CIL library: CIL module
 0001:000b6014       __ehhandler$?LeeCfg@CSgiARA@@IAEHXZ 100b7014 f    CIL library: CIL module
 0001:000b6040       __unwindfunclet$?inicia@CSgi_Cripto@SgiCripto@@QAE?AW4tError@2@_NPBD@Z$0 100b7040 f    CIL library: CIL module
 0001:000b604b       __unwindfunclet$?inicia@CSgi_Cripto@SgiCripto@@QAE?AW4tError@2@_NPBD@Z$1 100b704b f    CIL library: CIL module
 0001:000b6056       __ehhandler$?inicia@CSgi_Cripto@SgiCripto@@QAE?AW4tError@2@_NPBD@Z 100b7056 f    CIL library: CIL module
 0001:000b6080       __unwindfunclet$?procesaPKCS7ara@CSgi_Cripto@SgiCripto@@IAE?AW4tError@2@PBEH0HPBD111HPAV?$basic_string@DU?$char_traits@D@std@@V?$allocator@D@2@@std@@@Z$27 100b7080 f    CIL library: CIL module
 0001:000b608b       __unwindfunclet$?procesaPKCS7ara@CSgi_Cripto@SgiCripto@@IAE?AW4tError@2@PBEH0HPBD111HPAV?$basic_string@DU?$char_traits@D@std@@V?$allocator@D@2@@std@@@Z$28 100b708b f    CIL library: CIL module
 0001:000b6097       __unwindfunclet$?procesaPKCS7ara@CSgi_Cripto@SgiCripto@@IAE?AW4tError@2@PBEH0HPBD111HPAV?$basic_string@DU?$char_traits@D@std@@V?$allocator@D@2@@std@@@Z$29 100b7097 f    CIL library: CIL module
 0001:000b60a3       __ehhandler$?procesaPKCS7ara@CSgi_Cripto@SgiCripto@@IAE?AW4tError@2@PBEH0HPBD111HPAV?$basic_string@DU?$char_traits@D@std@@V?$allocator@D@2@@std@@@Z 100b70a3 f    CIL library: CIL module
 0001:000b60e0       __unwindfunclet$?procesaPKCS7ara@CSgi_Cripto@SgiCripto@@IAE?AW4tError@2@PBEH0HPBDPAUpkcs7_st@@PAPAUbio_st@@1HPAV?$basic_string@DU?$char_traits@D@std@@V?$allocator@D@2@@std@@@Z$22 100b70e0 f    CIL library: CIL module
 0001:000b60eb       __unwindfunclet$?procesaPKCS7ara@CSgi_Cripto@SgiCripto@@IAE?AW4tError@2@PBEH0HPBDPAUpkcs7_st@@PAPAUbio_st@@1HPAV?$basic_string@DU?$char_traits@D@std@@V?$allocator@D@2@@std@@@Z$23 100b70eb f    CIL library: CIL module
 0001:000b60f7       __unwindfunclet$?procesaPKCS7ara@CSgi_Cripto@SgiCripto@@IAE?AW4tError@2@PBEH0HPBDPAUpkcs7_st@@PAPAUbio_st@@1HPAV?$basic_string@DU?$char_traits@D@std@@V?$allocator@D@2@@std@@@Z$24 100b70f7 f    CIL library: CIL module
 0001:000b6103       __ehhandler$?procesaPKCS7ara@CSgi_Cripto@SgiCripto@@IAE?AW4tError@2@PBEH0HPBDPAUpkcs7_st@@PAPAUbio_st@@1HPAV?$basic_string@DU?$char_traits@D@std@@V?$allocator@D@2@@std@@@Z 100b7103 f    CIL library: CIL module
 0001:000b6140       __unwindfunclet$?procP7@CSgi_Cripto@SgiCripto@@QAE?AW4tError@2@PBD000HPAPADPAH0H@Z$0 100b7140 f    CIL library: CIL module
 0001:000b6148       __unwindfunclet$?procP7@CSgi_Cripto@SgiCripto@@QAE?AW4tError@2@PBD000HPAPADPAH0H@Z$1 100b7148 f    CIL library: CIL module
 0001:000b6150       __ehhandler$?procP7@CSgi_Cripto@SgiCripto@@QAE?AW4tError@2@PBD000HPAPADPAH0H@Z 100b7150 f    CIL library: CIL module
 0001:000b6170       __unwindfunclet$?procP7@CSgi_Cripto@SgiCripto@@QAE?AW4tError@2@PBD00000H@Z$0 100b7170 f    CIL library: CIL module
 0001:000b6178       __unwindfunclet$?procP7@CSgi_Cripto@SgiCripto@@QAE?AW4tError@2@PBD00000H@Z$1 100b7178 f    CIL library: CIL module
 0001:000b6180       __ehhandler$?procP7@CSgi_Cripto@SgiCripto@@QAE?AW4tError@2@PBD00000H@Z 100b7180 f    CIL library: CIL module
