 SgiCripto2

 Timestamp is 477ecbc8 (Fri Jan 04 18:14:00 2008)

 Preferred load address is 10000000

 Start         Length     Name                   Class
 0001:00000000 000870e4H .text                   CODE
 0001:000870f0 00000bcbH .text$x                 CODE
 0002:00000000 00000324H .idata$5                DATA
 0002:00000324 00000004H .CRT$XCA                DATA
 0002:00000328 00000004H .CRT$XCZ                DATA
 0002:0000032c 00000004H .CRT$XIA                DATA
 0002:00000330 00000004H .CRT$XIAA               DATA
 0002:00000334 00000004H .CRT$XIC                DATA
 0002:00000338 00000004H .CRT$XIZ                DATA
 0002:00000340 00028ac2H .rdata                  DATA
 0002:00028e04 00000504H .rdata$r                DATA
 0002:00029308 00000004H .rtc$IAA                DATA
 0002:0002930c 00000004H .rtc$IZZ                DATA
 0002:00029310 00000004H .rtc$TAA                DATA
 0002:00029314 00000004H .rtc$TZZ                DATA
 0002:00029318 00000bc0H .xdata$x                DATA
 0002:00029ed8 0000008cH .idata$2                DATA
 0002:00029f64 00000014H .idata$3                DATA
 0002:00029f78 00000324H .idata$4                DATA
 0002:0002a29c 000014b0H .idata$6                DATA
 0002:0002b750 00000a7fH .edata                  DATA
 0003:00000000 0000ea83H .data                   DATA
 0003:0000ea88 00002600H .bss                    DATA
 0004:00000000 00000058H .rsrc$01                DATA
 0004:00000060 00000330H .rsrc$02                DATA

  Address         Publics by Value              Rva+Base       Lib:Object

 0000:00000000       ___safe_se_handler_table   00000000     <absolute>
 0000:00000000       ___safe_se_handler_count   00000000     <absolute>
 0000:00000000       __except_list              00000000     <absolute>
 0000:00009876       __fltused                  00009876     <absolute>
 0000:00009876       __ldused                   00009876     <absolute>
 0000:00000000       ___ImageBase               10000000     <linker-defined>
 0001:00000000       _DllMain@12                10001000 f   SgiCripto.obj
 0001:00000050       ?new_SgiCripto@SgiCripto@@YAPAXXZ 10001050 f   SgiCripto.obj
 0001:000000d0       ?delete_SgiCripto@SgiCripto@@YAXPAX@Z 100010d0 f   SgiCripto.obj
 0001:000000f0       ?new_SgiCertificado@SgiCripto@@YAPAXXZ 100010f0 f   SgiCripto.obj
 0001:00000160       ?delete_SgiCertificado@SgiCripto@@YAXPAX@Z 10001160 f   SgiCripto.obj
 0001:00000180       ?inicia@SgiCripto@@YA?AW4tError@1@PAX_NPBD@Z 10001180 f   SgiCripto.obj
 0001:000001b0       ?conectaARA@SgiCripto@@YA?AW4tError@1@PAX@Z 100011b0 f   SgiCripto.obj
 0001:000001e0       ?desconectaARA@SgiCripto@@YAXPAX@Z 100011e0 f   SgiCripto.obj
 0001:00000200       ?keepaliveARA@SgiCripto@@YA?AW4tError@1@PAX@Z 10001200 f   SgiCripto.obj
 0001:00000230       ?solCDxNS@SgiCripto@@YA?AW4tError@1@PAXPBDPAW4tCertEdo@1@PAW4tCertTipo@1@PAV?$basic_string@DU?$char_traits@D@std@@V?$allocator@D@2@@std@@4PAEPAH@Z 10001230 f   SgiCripto.obj
 0001:00000280       ?solEdoCDxNS@SgiCripto@@YA?AW4tError@1@PAXPBDPAW4tCertEdo@1@PAW4tCertTipo@1@PAV?$basic_string@DU?$char_traits@D@std@@V?$allocator@D@2@@std@@4@Z 10001280 f   SgiCripto.obj
 0001:000002d0       ?solNSCDFEAxRFC@SgiCripto@@YA?AW4tError@1@PAXPBDPAV?$basic_string@DU?$char_traits@D@std@@V?$allocator@D@2@@std@@@Z 100012d0 f   SgiCripto.obj
 0001:00000310       ?solListaCDxRFC@SgiCripto@@YA?AW4tError@1@PAXPBDW4tCertEdo@1@W4tCertTipo@1@GPAV?$basic_string@DU?$char_traits@D@std@@V?$allocator@D@2@@std@@@Z 10001310 f   SgiCripto.obj
 0001:00000360       ?verificaLlaves@SgiCripto@@YA?AW4tError@1@PAXPBD11@Z 10001360 f   SgiCripto.obj
 0001:00000380       ?generaFirma@SgiCripto@@YA?AW4tError@1@PAXPBD11W4tAlgDig@1@PAV?$basic_string@DU?$char_traits@D@std@@V?$allocator@D@2@@std@@@Z 10001380 f   SgiCripto.obj
 0001:000003c0       ?verFirmaIni@SgiCripto@@YA?AW4tError@1@PAX0PBD@Z 100013c0 f   SgiCripto.obj
 0001:000003e0       ?verFirmaProceso@SgiCripto@@YA?AW4tError@1@PAXPBDI@Z 100013e0 f   SgiCripto.obj
 0001:00000420       ?verFirmaFin@SgiCripto@@YA?AW4tError@1@PAX@Z 10001420 f   SgiCripto.obj
 0001:00000440       ?verFirma@SgiCripto@@YA?AW4tError@1@PAX0PBD1@Z 10001440 f   SgiCripto.obj
 0001:000004b0       ?genP7@SgiCripto@@YA?AW4tError@1@PAXPBD111W4tTipoPKCS7@1@1W4tAlgEnc@1@1@Z 100014b0 f   SgiCripto.obj
 0001:000004f0       ?obtieneNumSerieP7@SgiCripto@@YA?AW4tError@1@PAXPBDPAV?$basic_string@DU?$char_traits@D@std@@V?$allocator@D@2@@std@@@Z 100014f0 f   SgiCripto.obj
 0001:00000510       ?procP7@SgiCripto@@YA?AW4tError@1@PAXPBD11111W4tCertTipo@1@@Z 10001510 f   SgiCripto.obj
 0001:00000550       ?procP7@SgiCripto@@YA?AW4tError@1@PAXPBD111HPAPADPAH1W4tCertTipo@1@@Z 10001550 f   SgiCripto.obj
 0001:00000590       ?encripta@SgiCripto@@YA?AW4tError@1@PAXPBEGW4tAlgEnc@1@1HPAEPAG@Z 10001590 f   SgiCripto.obj
 0001:000005e0       ?desencripta@SgiCripto@@YA?AW4tError@1@PAXPBEGW4tAlgEnc@1@1HPAEPAG@Z 100015e0 f   SgiCripto.obj
 0001:00000630       ?inicializa@SgiCripto@@YA?AW4tError@1@PAXPBEH@Z 10001630 f   SgiCripto.obj
 0001:00000650       ?getNSerie@SgiCripto@@YA?AW4tError@1@PAXPAV?$basic_string@DU?$char_traits@D@std@@V?$allocator@D@2@@std@@@Z 10001650 f   SgiCripto.obj
 0001:00000680       ?getRFC@SgiCripto@@YA?AW4tError@1@PAXPAV?$basic_string@DU?$char_traits@D@std@@V?$allocator@D@2@@std@@@Z 10001680 f   SgiCripto.obj
 0001:000006b0       ?getNom@SgiCripto@@YA?AW4tError@1@PAXPAV?$basic_string@DU?$char_traits@D@std@@V?$allocator@D@2@@std@@@Z 100016b0 f   SgiCripto.obj
 0001:000006e0       ?getVigIni@SgiCripto@@YA?AW4tError@1@PAXPAV?$basic_string@DU?$char_traits@D@std@@V?$allocator@D@2@@std@@@Z 100016e0 f   SgiCripto.obj
 0001:00000710       ?getVigFin@SgiCripto@@YA?AW4tError@1@PAXPAV?$basic_string@DU?$char_traits@D@std@@V?$allocator@D@2@@std@@@Z 10001710 f   SgiCripto.obj
 0001:00000740       ?msgError@SgiCripto@@YAPBDW4tError@1@@Z 10001740 f   SgiCripto.obj
 0001:00000c60       ?what@logic_error@std@@UBEPBDXZ 10001c60 f i Sgi_ARA.obj
 0001:00000c70       ??_Elength_error@std@@UAEPAXI@Z 10001c70 f i  CIL library: CIL module
 0001:00000c70       ??_Glogic_error@std@@UAEPAXI@Z 10001c70 f i Sgi_ARA.obj
 0001:00000c70       ??_Elogic_error@std@@UAEPAXI@Z 10001c70 f i  CIL library: CIL module
 0001:00000c70       ??_Gout_of_range@std@@UAEPAXI@Z 10001c70 f i Sgi_ARA.obj
 0001:00000c70       ??_Glength_error@std@@UAEPAXI@Z 10001c70 f i Sgi_ConfigFile.obj
 0001:00000c70       ??_Eout_of_range@std@@UAEPAXI@Z 10001c70 f i  CIL library: CIL module
 0001:00000ca0       ??0out_of_range@std@@QAE@ABV01@@Z 10001ca0 f i Sgi_ARA.obj
 0001:00000cc0       ??0logic_error@std@@QAE@ABV01@@Z 10001cc0 f i Sgi_ARA.obj
 0001:00000d30       ??1?$multimap@V?$basic_string@DU?$char_traits@D@std@@V?$allocator@D@2@@std@@V12@U?$less@V?$basic_string@DU?$char_traits@D@std@@V?$allocator@D@2@@std@@@2@V?$allocator@U?$pair@$$CBV?$basic_string@DU?$char_traits@D@std@@V?$allocator@D@2@@std@@V12@@std@@@2@@std@@QAE@XZ 10001d30 f i Sgi_ARA.obj
 0001:00000d40       ??0CSgiARA@@QAE@PBD@Z      10001d40 f   Sgi_ARA.obj
 0001:00000ec0       ??1MensajesARA@@QAE@XZ     10001ec0 f i Sgi_ARA.obj
 0001:00000ed0       ??1Mensajes@@QAE@XZ        10001ed0 f i Sgi_ARA.obj
 0001:00000fb0       ??1ManArchivo@@QAE@XZ      10001fb0 f i Sgi_ARA.obj
 0001:00000fc0       ??1CSgiARA@@QAE@XZ         10001fc0 f   Sgi_ARA.obj
 0001:00001080       ?Inicia@CSgiARA@@QAEHXZ    10002080 f   Sgi_ARA.obj
 0001:000011a0       ?LeeCfg@CSgiARA@@IAEHXZ    100021a0 f   Sgi_ARA.obj
 0001:00001360       ??_GCConfigFile@@QAEPAXI@Z 10002360 f i Sgi_ARA.obj
 0001:000013d0       ?LeeCfgUsr@CSgiARA@@IAEXXZ 100023d0 f   Sgi_ARA.obj
 0001:000015d0       ?Crea_Bitacora@CSgiARA@@IAEPAVCBitacora@@PBD@Z 100025d0 f   Sgi_ARA.obj
 0001:00001670       ?Conecta@CSgiARA@@QAEHXZ   10002670 f   Sgi_ARA.obj
 0001:00001870       ??1CSSL_parms@@QAE@XZ      10002870 f i Sgi_ARA.obj
 0001:00001900       ?Desconecta@CSgiARA@@QAEXXZ 10002900 f   Sgi_ARA.obj
 0001:00001960       ?EnviaRecibe@CSgiARA@@IAEHXZ 10002960 f   Sgi_ARA.obj
 0001:000019c0       ?getMsgError@CSgiARA@@IAEPBDH@Z 100029c0 f   Sgi_ARA.obj
 0001:00001aa0       ?RegErrorBitTxt@CSgiARA@@IAEXPBDHH@Z 10002aa0 f   Sgi_ARA.obj
 0001:00001b80       ?RecMsgErrorARA@CSgiARA@@IAEHPBD@Z 10002b80 f   Sgi_ARA.obj
 0001:00001eb0       ?TrataFecha@CSgiARA@@IAEXQADHPAV?$basic_string@DU?$char_traits@D@std@@V?$allocator@D@2@@std@@@Z 10002eb0 f   Sgi_ARA.obj
 0001:00001ef0       ?SolCDxNS@CSgiARA@@QAEHPBDAADAAEPAV?$basic_string@DU?$char_traits@D@std@@V?$allocator@D@2@@std@@3PAEAAH@Z 10002ef0 f   Sgi_ARA.obj
 0001:00002220       ?SolEdoCDxNS@CSgiARA@@QAEHPBDAADAAEPAV?$basic_string@DU?$char_traits@D@std@@V?$allocator@D@2@@std@@3@Z 10003220 f   Sgi_ARA.obj
 0001:00002530       ?SolNSCDFEAxRFC@CSgiARA@@QAEHPBDPAV?$basic_string@DU?$char_traits@D@std@@V?$allocator@D@2@@std@@@Z 10003530 f   Sgi_ARA.obj
 0001:00002700       ?SolListaCDxRFC@CSgiARA@@QAEHPBDDEGPAV?$basic_string@DU?$char_traits@D@std@@V?$allocator@D@2@@std@@@Z 10003700 f   Sgi_ARA.obj
 0001:00002940       ?KeepAlive@CSgiARA@@QAEHXZ 10003940 f   Sgi_ARA.obj
 0001:00002a00       ?_Tidy@?$_Tree@V?$_Tmap_traits@V?$basic_string@DU?$char_traits@D@std@@V?$allocator@D@2@@std@@V12@U?$less@V?$basic_string@DU?$char_traits@D@std@@V?$allocator@D@2@@std@@@2@V?$allocator@U?$pair@$$CBV?$basic_string@DU?$char_traits@D@std@@V?$allocator@D@2@@std@@V12@@std@@@2@$00@std@@@std@@IAEXXZ 10003a00 f i Sgi_ARA.obj
 0001:00002a40       ?erase@?$_Tree@V?$_Tmap_traits@V?$basic_string@DU?$char_traits@D@std@@V?$allocator@D@2@@std@@V12@U?$less@V?$basic_string@DU?$char_traits@D@std@@V?$allocator@D@2@@std@@@2@V?$allocator@U?$pair@$$CBV?$basic_string@DU?$char_traits@D@std@@V?$allocator@D@2@@std@@V12@@std@@@2@$00@std@@@std@@QAE?AViterator@12@V312@0@Z 10003a40 f i Sgi_ARA.obj
 0001:00002b60       ?erase@?$_Tree@V?$_Tmap_traits@V?$basic_string@DU?$char_traits@D@std@@V?$allocator@D@2@@std@@V12@U?$less@V?$basic_string@DU?$char_traits@D@std@@V?$allocator@D@2@@std@@@2@V?$allocator@U?$pair@$$CBV?$basic_string@DU?$char_traits@D@std@@V?$allocator@D@2@@std@@V12@@std@@@2@$00@std@@@std@@QAE?AViterator@12@V312@@Z 10003b60 f i Sgi_ARA.obj
 0001:00002e90       ?_Erase@?$_Tree@V?$_Tmap_traits@V?$basic_string@DU?$char_traits@D@std@@V?$allocator@D@2@@std@@V12@U?$less@V?$basic_string@DU?$char_traits@D@std@@V?$allocator@D@2@@std@@@2@V?$allocator@U?$pair@$$CBV?$basic_string@DU?$char_traits@D@std@@V?$allocator@D@2@@std@@V12@@std@@@2@$00@std@@@std@@IAEXPAU_Node@?$_Tree_nod@V?$_Tmap_traits@V?$basic_string@DU?$char_traits@D@std@@V?$allocator@D@2@@std@@V12@U?$less@V?$basic_string@DU?$char_traits@D@std@@V?$allocator@D@2@@std@@@2@V?$allocator@U?$pair@$$CBV?$basic_string@DU?$char_traits@D@std@@V?$allocator@D@2@@std@@V12@@std@@@2@$00@std@@@2@@Z 10003e90 f i Sgi_ARA.obj
 0001:00002f20       ?_Lrotate@?$_Tree@V?$_Tmap_traits@V?$basic_string@DU?$char_traits@D@std@@V?$allocator@D@2@@std@@V12@U?$less@V?$basic_string@DU?$char_traits@D@std@@V?$allocator@D@2@@std@@@2@V?$allocator@U?$pair@$$CBV?$basic_string@DU?$char_traits@D@std@@V?$allocator@D@2@@std@@V12@@std@@@2@$00@std@@@std@@IAEXPAU_Node@?$_Tree_nod@V?$_Tmap_traits@V?$basic_string@DU?$char_traits@D@std@@V?$allocator@D@2@@std@@V12@U?$less@V?$basic_string@DU?$char_traits@D@std@@V?$allocator@D@2@@std@@@2@V?$allocator@U?$pair@$$CBV?$basic_string@DU?$char_traits@D@std@@V?$allocator@D@2@@std@@V12@@std@@@2@$00@std@@@2@@Z 10003f20 f i Sgi_ARA.obj
 0001:00002f70       ?_Max@?$_Tree@V?$_Tmap_traits@V?$basic_string@DU?$char_traits@D@std@@V?$allocator@D@2@@std@@V12@U?$less@V?$basic_string@DU?$char_traits@D@std@@V?$allocator@D@2@@std@@@2@V?$allocator@U?$pair@$$CBV?$basic_string@DU?$char_traits@D@std@@V?$allocator@D@2@@std@@V12@@std@@@2@$00@std@@@std@@KAPAU_Node@?$_Tree_nod@V?$_Tmap_traits@V?$basic_string@DU?$char_traits@D@std@@V?$allocator@D@2@@std@@V12@U?$less@V?$basic_string@DU?$char_traits@D@std@@V?$allocator@D@2@@std@@@2@V?$allocator@U?$pair@$$CBV?$basic_string@DU?$char_traits@D@std@@V?$allocator@D@2@@std@@V12@@std@@@2@$00@std@@@2@PAU342@@Z 10003f70 f i Sgi_ARA.obj
 0001:00002f90       ?_Rrotate@?$_Tree@V?$_Tmap_traits@V?$basic_string@DU?$char_traits@D@std@@V?$allocator@D@2@@std@@V12@U?$less@V?$basic_string@DU?$char_traits@D@std@@V?$allocator@D@2@@std@@@2@V?$allocator@U?$pair@$$CBV?$basic_string@DU?$char_traits@D@std@@V?$allocator@D@2@@std@@V12@@std@@@2@$00@std@@@std@@IAEXPAU_Node@?$_Tree_nod@V?$_Tmap_traits@V?$basic_string@DU?$char_traits@D@std@@V?$allocator@D@2@@std@@V12@U?$less@V?$basic_string@DU?$char_traits@D@std@@V?$allocator@D@2@@std@@@2@V?$allocator@U?$pair@$$CBV?$basic_string@DU?$char_traits@D@std@@V?$allocator@D@2@@std@@V12@@std@@@2@$00@std@@@2@@Z 10003f90 f i Sgi_ARA.obj
 0001:00002fe0       ?_Inc@const_iterator@?$_Tree@V?$_Tmap_traits@V?$basic_string@DU?$char_traits@D@std@@V?$allocator@D@2@@std@@V12@U?$less@V?$basic_string@DU?$char_traits@D@std@@V?$allocator@D@2@@std@@@2@V?$allocator@U?$pair@$$CBV?$basic_string@DU?$char_traits@D@std@@V?$allocator@D@2@@std@@V12@@std@@@2@$00@std@@@std@@QAEXXZ 10003fe0 f i Sgi_ARA.obj
 0001:00003050       ??1?$pair@$$CBV?$basic_string@DU?$char_traits@D@std@@V?$allocator@D@2@@std@@V12@@std@@QAE@XZ 10004050 f i Sgi_ARA.obj
 0001:000030b0       ??_GCArchivo@@UAEPAXI@Z    100040b0 f i Sgi_Archivo.obj
 0001:000030b0       ??_ECArchivo@@UAEPAXI@Z    100040b0 f i  CIL library: CIL module
 0001:000030f0       ??1CArchivo@@UAE@XZ        100040f0 f   Sgi_Archivo.obj
 0001:00003120       ?Lee@CArchivo@@UAEIPBD@Z   10004120 f   Sgi_Archivo.obj
 0001:00003270       ?B64_Decodifica@@YA_NPADGPAEPAG@Z 10004270 f   Sgi_B64.obj
 0001:00003480       ?B64_Codifica@@YA_NPAEGPADPAG@Z 10004480 f   Sgi_B64.obj
 0001:00003610       ??0CBitacora@@QAE@V?$basic_string@DU?$char_traits@D@std@@V?$allocator@D@2@@std@@@Z 10004610 f   Sgi_Bitacora.obj
 0001:00003690       ?escribe@CBitacora@@QAEXW4BIT_NIVEL@@PBD@Z 10004690 f   Sgi_Bitacora.obj
 0001:00003840       ?escribePV@CBitacora@@QAAXW4BIT_NIVEL@@PBDZZ 10004840 f   Sgi_Bitacora.obj
 0001:000038a0       ?ObtenerFecha@CBitacora@@AAEXPAD@Z 100048a0 f   Sgi_Bitacora.obj
 0001:00003970       ??0sentry@?$basic_ostream@DU?$char_traits@D@std@@@std@@QAE@AAV12@@Z 10004970 f i Sgi_Bitacora.obj
 0001:00003a00       ??1sentry@?$basic_ostream@DU?$char_traits@D@std@@@std@@QAE@XZ 10004a00 f i Sgi_Bitacora.obj
 0001:00003a80       ??1_Sentry_base@?$basic_ostream@DU?$char_traits@D@std@@@std@@QAE@XZ 10004a80 f i Sgi_Bitacora.obj
 0001:00003aa0       ??$?6U?$char_traits@D@std@@@std@@YAAAV?$basic_ostream@DU?$char_traits@D@std@@@0@AAV10@PBD@Z 10004aa0 f i Sgi_Bitacora.obj
 0001:00003c70       ??1length_error@std@@UAE@XZ 10004c70 f i Sgi_ConfigFile.obj
 0001:00003c70       ??1out_of_range@std@@UAE@XZ 10004c70 f i Sgi_ARA.obj
 0001:00003c90       ??0CConfigFile@@QAE@V?$basic_string@DU?$char_traits@D@std@@V?$allocator@D@2@@std@@@Z 10004c90 f   Sgi_ConfigFile.obj
 0001:00003d30       ?m_leeTagPrincipal@CConfigFile@@AAEHPAV?$basic_fstream@DU?$char_traits@D@std@@@std@@V?$basic_string@DU?$char_traits@D@std@@V?$allocator@D@2@@3@@Z 10004d30 f   Sgi_ConfigFile.obj
 0001:00003ee0       ?formCadena@CConfigFile@@AAE_NV?$basic_string@DU?$char_traits@D@std@@V?$allocator@D@2@@std@@PAV23@@Z 10004ee0 f   Sgi_ConfigFile.obj
 0001:00003ff0       ?getValorVar@CConfigFile@@QAEHPBD0PAV?$basic_string@DU?$char_traits@D@std@@V?$allocator@D@2@@std@@@Z 10004ff0 f   Sgi_ConfigFile.obj
 0001:00004400       ?m_readCfgFile@CConfigFile@@AAEHXZ 10005400 f   Sgi_ConfigFile.obj
 0001:00004590       ??_E?$basic_fstream@DU?$char_traits@D@std@@@std@@UAEPAXI@Z 10005590 f i  CIL library: CIL module
 0001:00004590       ??_G?$basic_fstream@DU?$char_traits@D@std@@@std@@UAEPAXI@Z 10005590 f i Sgi_ConfigFile.obj
 0001:000045c0       ?find@?$_Tree@V?$_Tmap_traits@V?$basic_string@DU?$char_traits@D@std@@V?$allocator@D@2@@std@@V12@U?$less@V?$basic_string@DU?$char_traits@D@std@@V?$allocator@D@2@@std@@@2@V?$allocator@U?$pair@$$CBV?$basic_string@DU?$char_traits@D@std@@V?$allocator@D@2@@std@@V12@@std@@@2@$00@std@@@std@@QAE?AViterator@12@ABV?$basic_string@DU?$char_traits@D@std@@V?$allocator@D@2@@2@@Z 100055c0 f i Sgi_ConfigFile.obj
 0001:00004630       ?insert@?$_Tree@V?$_Tmap_traits@V?$basic_string@DU?$char_traits@D@std@@V?$allocator@D@2@@std@@V12@U?$less@V?$basic_string@DU?$char_traits@D@std@@V?$allocator@D@2@@std@@@2@V?$allocator@U?$pair@$$CBV?$basic_string@DU?$char_traits@D@std@@V?$allocator@D@2@@std@@V12@@std@@@2@$00@std@@@std@@QAE?AU?$pair@Viterator@?$_Tree@V?$_Tmap_traits@V?$basic_string@DU?$char_traits@D@std@@V?$allocator@D@2@@std@@V12@U?$less@V?$basic_string@DU?$char_traits@D@std@@V?$allocator@D@2@@std@@@2@V?$allocator@U?$pair@$$CBV?$basic_string@DU?$char_traits@D@std@@V?$allocator@D@2@@std@@V12@@std@@@2@$00@std@@@std@@_N@2@ABU?$pair@$$CBV?$basic_string@DU?$char_traits@D@std@@V?$allocator@D@2@@std@@V12@@2@@Z 10005630 f i Sgi_ConfigFile.obj
 0001:000046b0       ?_Insert@?$_Tree@V?$_Tmap_traits@V?$basic_string@DU?$char_traits@D@std@@V?$allocator@D@2@@std@@V12@U?$less@V?$basic_string@DU?$char_traits@D@std@@V?$allocator@D@2@@std@@@2@V?$allocator@U?$pair@$$CBV?$basic_string@DU?$char_traits@D@std@@V?$allocator@D@2@@std@@V12@@std@@@2@$00@std@@@std@@IAE?AViterator@12@_NPAU_Node@?$_Tree_nod@V?$_Tmap_traits@V?$basic_string@DU?$char_traits@D@std@@V?$allocator@D@2@@std@@V12@U?$less@V?$basic_string@DU?$char_traits@D@std@@V?$allocator@D@2@@std@@@2@V?$allocator@U?$pair@$$CBV?$basic_string@DU?$char_traits@D@std@@V?$allocator@D@2@@std@@V12@@std@@@2@$00@std@@@2@ABU?$pair@$$CBV?$basic_string@DU?$char_traits@D@std@@V?$allocator@D@2@@std@@V12@@2@@Z 100056b0 f i Sgi_ConfigFile.obj
 0001:00004940       ?_Lbound@?$_Tree@V?$_Tmap_traits@V?$basic_string@DU?$char_traits@D@std@@V?$allocator@D@2@@std@@V12@U?$less@V?$basic_string@DU?$char_traits@D@std@@V?$allocator@D@2@@std@@@2@V?$allocator@U?$pair@$$CBV?$basic_string@DU?$char_traits@D@std@@V?$allocator@D@2@@std@@V12@@std@@@2@$00@std@@@std@@IBEPAU_Node@?$_Tree_nod@V?$_Tmap_traits@V?$basic_string@DU?$char_traits@D@std@@V?$allocator@D@2@@std@@V12@U?$less@V?$basic_string@DU?$char_traits@D@std@@V?$allocator@D@2@@std@@@2@V?$allocator@U?$pair@$$CBV?$basic_string@DU?$char_traits@D@std@@V?$allocator@D@2@@std@@V12@@std@@@2@$00@std@@@2@ABV?$basic_string@DU?$char_traits@D@std@@V?$allocator@D@2@@2@@Z 10005940 f i Sgi_ConfigFile.obj
 0001:00004990       ??0length_error@std@@QAE@ABV01@@Z 10005990 f i Sgi_ConfigFile.obj
 0001:000049b0       ?_Buynode@?$_Tree@V?$_Tmap_traits@V?$basic_string@DU?$char_traits@D@std@@V?$allocator@D@2@@std@@V12@U?$less@V?$basic_string@DU?$char_traits@D@std@@V?$allocator@D@2@@std@@@2@V?$allocator@U?$pair@$$CBV?$basic_string@DU?$char_traits@D@std@@V?$allocator@D@2@@std@@V12@@std@@@2@$00@std@@@std@@IAEPAU_Node@?$_Tree_nod@V?$_Tmap_traits@V?$basic_string@DU?$char_traits@D@std@@V?$allocator@D@2@@std@@V12@U?$less@V?$basic_string@DU?$char_traits@D@std@@V?$allocator@D@2@@std@@@2@V?$allocator@U?$pair@$$CBV?$basic_string@DU?$char_traits@D@std@@V?$allocator@D@2@@std@@V12@@std@@@2@$00@std@@@2@XZ 100059b0 f i Sgi_ConfigFile.obj
 0001:000049f0       ?_Buynode@?$_Tree@V?$_Tmap_traits@V?$basic_string@DU?$char_traits@D@std@@V?$allocator@D@2@@std@@V12@U?$less@V?$basic_string@DU?$char_traits@D@std@@V?$allocator@D@2@@std@@@2@V?$allocator@U?$pair@$$CBV?$basic_string@DU?$char_traits@D@std@@V?$allocator@D@2@@std@@V12@@std@@@2@$00@std@@@std@@IAEPAU_Node@?$_Tree_nod@V?$_Tmap_traits@V?$basic_string@DU?$char_traits@D@std@@V?$allocator@D@2@@std@@V12@U?$less@V?$basic_string@DU?$char_traits@D@std@@V?$allocator@D@2@@std@@@2@V?$allocator@U?$pair@$$CBV?$basic_string@DU?$char_traits@D@std@@V?$allocator@D@2@@std@@V12@@std@@@2@$00@std@@@2@PAU342@00ABU?$pair@$$CBV?$basic_string@DU?$char_traits@D@std@@V?$allocator@D@2@@std@@V12@@2@D@Z 100059f0 f i Sgi_ConfigFile.obj
 0001:00004a80       ??0_Node@?$_Tree_nod@V?$_Tmap_traits@V?$basic_string@DU?$char_traits@D@std@@V?$allocator@D@2@@std@@V12@U?$less@V?$basic_string@DU?$char_traits@D@std@@V?$allocator@D@2@@std@@@2@V?$allocator@U?$pair@$$CBV?$basic_string@DU?$char_traits@D@std@@V?$allocator@D@2@@std@@V12@@std@@@2@$00@std@@@std@@QAE@PAU012@00ABU?$pair@$$CBV?$basic_string@DU?$char_traits@D@std@@V?$allocator@D@2@@std@@V12@@2@D@Z 10005a80 f i Sgi_ConfigFile.obj
 0001:00004b00       ??0Mensajes@@QAE@XZ        10005b00 f   Sgi_MsgPKI.obj
 0001:00004ba0       ?setMensaje@Mensajes@@QAAHHZZ 10005ba0 f   Sgi_MsgPKI.obj
 0001:00004d70       ?getMensaje@Mensajes@@QAAHHZZ 10005d70 f   Sgi_MsgPKI.obj
 0001:00005100       ?Firmar@Mensajes@@QAEIH@Z  10006100 f   Sgi_MsgPKI.obj
 0001:000051b0       ?VerificarFirma@Mensajes@@QAEIPADPAH@Z 100061b0 f   Sgi_MsgPKI.obj
 0001:00005240       ?Firma@Mensajes@@QAEIPAEGPADPAGPAUrsa_st@@@Z 10006240 f   Sgi_MsgPKI.obj
 0001:000052e0       ?VerificaFirma@Mensajes@@QAEIPADH@Z 100062e0 f   Sgi_MsgPKI.obj
 0001:000053e0       ?Encripta@Mensajes@@QAEIPAEH0PAGPAUrsa_st@@@Z 100063e0 f   Sgi_MsgPKI.obj
 0001:00005490       ?Intercambio@Mensajes@@QAEIPAVCSSL_Skt@@@Z 10006490 f   Sgi_MsgPKI.obj
 0001:000054e0       ?Recibe@Mensajes@@QAEHPAVCSSL_Skt@@@Z 100064e0 f   Sgi_MsgPKI.obj
 0001:00005560       ?setVersion@MensajesARA@@QAEIH@Z 10006560 f   Sgi_MsgPKI.obj
 0001:000055d0       ?Inicia@MensajesARA@@QAEHPBD@Z 100065d0 f   Sgi_MsgPKI.obj
 0001:000057b0       ?ConectaCliente@MensajesARA@@QAEIPAVCSSL_Skt@@@Z 100067b0 f   Sgi_MsgPKI.obj
 0001:00005d60       ?Desconecta@MensajesARA@@QAEIPAVCSSL_Skt@@@Z 10006d60 f   Sgi_MsgPKI.obj
 0001:00005dd0       ?iniciaLibOpenSSL@@YAXI@Z  10006dd0 f   Sgi_OpenSSL.obj
 0001:00005e80       ??0SNames@@QAE@XZ          10006e80 f   Sgi_OpenSSL.obj
 0001:00005e90       ??1SNames@@QAE@XZ          10006e90 f   Sgi_OpenSSL.obj
 0001:00005ec0       ?AsignaLlavePrivada_EVP@ManejaEVP_RSA@@QAEIPAUrsa_st@@@Z 10006ec0 f   Sgi_OpenSSL.obj
 0001:00005f20       ?GetllavePub@Getllave@@QAEIPAPAUrsa_st@@PAUx509_st@@PAUX509_req_st@@@Z 10006f20 f   Sgi_OpenSSL.obj
 0001:00005f80       ?GetllavePri@Getllave@@QAEIDPAU_iobuf@@PADPAPAUrsa_st@@@Z 10006f80 f   Sgi_OpenSSL.obj
 0001:00006040       ??1SGIX509@@QAE@XZ         10007040 f   Sgi_OpenSSL.obj
 0001:00006090       ?ObtienePbK@SGIX509@@QAEIPBEHPAPAUrsa_st@@PAEPAD@Z 10007090 f   Sgi_OpenSSL.obj
 0001:000061f0       ??1SGIRSA@@QAE@XZ          100071f0 f   Sgi_OpenSSL.obj
 0001:00006240       ?getLlave@SGIRSA@@QAEHPAEH0PAPAUrsa_st@@@Z 10007240 f   Sgi_OpenSSL.obj
 0001:000062f0       ?asignaAlgDigestion@SGIRSA@@QAEPBUenv_md_st@@HPAH@Z 100072f0 f   Sgi_OpenSSL.obj
 0001:000063a0       ?DecodPvKey@SGIRSA@@QAEIPAD0PAPAUrsa_st@@@Z 100073a0 f   Sgi_OpenSSL.obj
 0001:000064e0       ?EncPb@SGIRSA@@QAEIPAEHPAUrsa_st@@0PAH@Z 100074e0 f   Sgi_OpenSSL.obj
 0001:00006550       ?RSAFirma@SGIRSA@@QAEIPAEIPAUrsa_st@@0PAIH@Z 10007550 f   Sgi_OpenSSL.obj
 0001:00006670       ?VerificaFirma@SGIRSA@@QAEIPBEHPAUrsa_st@@HPAEPAH@Z 10007670 f   Sgi_OpenSSL.obj
 0001:00006800       ?GenAleatorio@SGIRSA@@QAEIHPADPAH@Z 10007800 f   Sgi_OpenSSL.obj
 0001:00006920       ?setPublica@SGIRSA@@QAEIPAUrsa_st@@PAUsgi_publicRSA_st@@@Z 10007920 f   Sgi_OpenSSL.obj
 0001:00006a10       ??1SGIPKCS7@@QAE@XZ        10007a10 f   Sgi_OpenSSL.obj
 0001:00006a30       ?TerminaGenPKCS7@SGIPKCS7@@AAEIPAEPAUx509_st@@1PAUstack_st@@PAUbio_st@@IPAU_iobuf@@4PAVManejaEVP_RSA@@PAUrsa_st@@PAUpkcs7_st@@3@Z 10007a30 f   Sgi_OpenSSL.obj
 0001:00006b60       ?GenPKCS7@SGIPKCS7@@QAEIPAD000HQAUcertificados_st@@HPAE0H@Z 10007b60 f   Sgi_OpenSSL.obj
 0001:00007d40       ?CreaArchivo@ManArchivo@@QAE_NPAEHPBD@Z 10008d40 f   Sgi_OpenSSL.obj
 0001:00007d90       ?ProcesaArchivo@ManArchivo@@QAE_NPBDPAEPAH@Z 10008d90 f   Sgi_OpenSSL.obj
 0001:00007e30       ??_GCSSL_Skt@@UAEPAXI@Z    10008e30 f i Sgi_SSL.obj
 0001:00007e30       ??_ECSSL_Skt@@UAEPAXI@Z    10008e30 f i  CIL library: CIL module
 0001:00007e50       ??0CSSL_parms@@QAE@XZ      10008e50 f   Sgi_SSL.obj
 0001:00007f00       ?LecPendiente@CSSL_Skt@@UAEHXZ 10008f00 f   Sgi_SSL.obj
 0001:00007f50       ??0CSSL_Skt_Ssl@@QAE@PAUssl_ctx_st@@PAUssl_st@@@Z 10008f50 f   Sgi_SSL.obj
 0001:00007f80       ??_GCSSL_Skt_Ssl@@UAEPAXI@Z 10008f80 f i Sgi_SSL.obj
 0001:00007f80       ??_ECSSL_Skt_Ssl@@UAEPAXI@Z 10008f80 f i  CIL library: CIL module
 0001:00007ff0       ?Envia@CSSL_Skt_Ssl@@UAEIPAEH@Z 10008ff0 f   Sgi_SSL.obj
 0001:00008030       ?Recibe@CSSL_Skt_Ssl@@UAEIPAEAAH@Z 10009030 f   Sgi_SSL.obj
 0001:00008090       ??0CSSL_Skt_Bio@@QAE@PAUbio_st@@@Z 10009090 f   Sgi_SSL.obj
 0001:000080c0       ??_ECSSL_Skt_Bio@@UAEPAXI@Z 100090c0 f i  CIL library: CIL module
 0001:000080c0       ??_GCSSL_Skt_Bio@@UAEPAXI@Z 100090c0 f i Sgi_SSL.obj
 0001:00008110       ?Envia@CSSL_Skt_Bio@@UAEIPAEH@Z 10009110 f   Sgi_SSL.obj
 0001:00008170       ?Recibe@CSSL_Skt_Bio@@UAEIPAEAAH@Z 10009170 f   Sgi_SSL.obj
 0001:000081d0       ??0CSSL_parms@@QAE@ABU0@@Z 100091d0 f i Sgi_SSL.obj
 0001:000082d0       ?Set_CTX@Sgi_SSL@@CAIAAPAUssl_ctx_st@@_NUCSSL_parms@@@Z 100092d0 f   Sgi_SSL.obj
 0001:000084d0       ?Cliente@Sgi_SSL@@SAIAAUCSSL_parms@@AAPAVCSSL_Skt@@@Z 100094d0 f   Sgi_SSL.obj
 0001:000086c0       ??0CSgi_Certificado@SgiCripto@@QAE@XZ 100096c0 f   Sgi_Certificado.obj
 0001:00008760       ??1CSgi_Certificado@SgiCripto@@QAE@XZ 10009760 f   Sgi_Certificado.obj
 0001:00008840       ?inicializa@CSgi_Certificado@SgiCripto@@QAE?AW4tError@2@PBEH@Z 10009840 f   Sgi_Certificado.obj
 0001:000088e0       ?procesa@CSgi_Certificado@SgiCripto@@IAE?AW4tError@2@PBEH@Z 100098e0 f   Sgi_Certificado.obj
 0001:00008d70       ??1CSgi_Cripto@SgiCripto@@QAE@XZ 10009d70 f   sgi_cripto.obj
 0001:00008de0       ?inicia@CSgi_Cripto@SgiCripto@@QAE?AW4tError@2@_NPBD@Z 10009de0 f   sgi_cripto.obj
 0001:00008ec0       ?solEdoCDxNS@CSgi_Cripto@SgiCripto@@QAE?AW4tError@2@PBDPADPAEPAV?$basic_string@DU?$char_traits@D@std@@V?$allocator@D@2@@std@@3@Z 10009ec0 f   sgi_cripto.obj
 0001:00008f00       ?verificaLlaves@CSgi_Cripto@SgiCripto@@QAE?AW4tError@2@PBD00@Z 10009f00 f   sgi_cripto.obj
 0001:00009040       ?generaFirma@CSgi_Cripto@SgiCripto@@QAE?AW4tError@2@PBD00HPAV?$basic_string@DU?$char_traits@D@std@@V?$allocator@D@2@@std@@@Z 1000a040 f   sgi_cripto.obj
 0001:00009220       ?verFirmaIni@CSgi_Cripto@SgiCripto@@QAE?AW4tError@2@PAVCSgi_Certificado@2@PBD@Z 1000a220 f   sgi_cripto.obj
 0001:00009360       ?verFirmaFin@CSgi_Cripto@SgiCripto@@QAE?AW4tError@2@XZ 1000a360 f   sgi_cripto.obj
 0001:00009480       ?genP7@CSgi_Cripto@SgiCripto@@QAE?AW4tError@2@PBD000H0H0@Z 1000a480 f   sgi_cripto.obj
 0001:00009540       ?obtieneNumSerieP7@CSgi_Cripto@SgiCripto@@QAE?AW4tError@2@PBDPAV?$basic_string@DU?$char_traits@D@std@@V?$allocator@D@2@@std@@@Z 1000a540 f   sgi_cripto.obj
 0001:000096d0       ?procP7@CSgi_Cripto@SgiCripto@@QAE?AW4tError@2@PBD00000H@Z 1000a6d0 f   sgi_cripto.obj
 0001:00009860       ?procP7@CSgi_Cripto@SgiCripto@@QAE?AW4tError@2@PBD000HPAPADPAH0H@Z 1000a860 f   sgi_cripto.obj
 0001:00009ad0       ?procesaPKCS7ara@CSgi_Cripto@SgiCripto@@IAE?AW4tError@2@PBEH0HPBDPAUpkcs7_st@@PAPAUbio_st@@1HPAV?$basic_string@DU?$char_traits@D@std@@V?$allocator@D@2@@std@@@Z 1000aad0 f   sgi_cripto.obj
 0001:0000a270       ?procesaPKCS7ara@CSgi_Cripto@SgiCripto@@IAE?AW4tError@2@PBEH0HPBD111HPAV?$basic_string@DU?$char_traits@D@std@@V?$allocator@D@2@@std@@@Z 1000b270 f   sgi_cripto.obj
 0001:0000ac00       ?encripta@CSgi_Cripto@SgiCripto@@QAE?AW4tError@2@PBEGH0HPAEPAG@Z 1000bc00 f   sgi_cripto.obj
 0001:0000ad80       ?desencripta@CSgi_Cripto@SgiCripto@@QAE?AW4tError@2@PBEFH0HPAEPAG@Z 1000bd80 f   sgi_cripto.obj
 0001:0000af90       ?asignaAlgoritmo@SGIRSA@@QAEPBUevp_cipher_st@@H@Z 1000bf90 f   Sgi_OpenSSL.obj
 0001:0000af90       ?setAlgEncripcion@CSgi_Cripto@SgiCripto@@IAEPBUevp_cipher_st@@H@Z 1000bf90 f   sgi_cripto.obj
 0001:0000b0f0       ?procStDigestion@CSgi_Cripto@SgiCripto@@IAE?AW4tError@2@PBEHPAPBUenv_md_st@@PAEPAI@Z 1000c0f0 f   sgi_cripto.obj
 0001:0000b540       ?ConvError@SgiCripto@@YA?AW4tError@1@_NH@Z 1000c540 f   sgi_cripto.obj
 0001:0000b810       ?forzaVer@@YAHPAUx509_st@@PAUpkcs7_st@@PAUstack_st@@PAUx509_store_st@@PAUbio_st@@4H@Z 1000c810 f   SgiOpenSSL_AraFnc.obj
 0001:0000ba30       ?forzaDec@@YAHPAUpkcs7_st@@PAUevp_pkey_st@@PAUx509_st@@PAUbio_st@@H@Z 1000ca30 f   SgiOpenSSL_AraFnc.obj
 0001:0000bd70       ?forzaDesen@@YAPAUbio_st@@PAUpkcs7_st@@PAUevp_pkey_st@@PAU1@PAUx509_st@@@Z 1000cd70 f   SgiOpenSSL_AraFnc.obj
 0001:0000c0f0       _RSA_new_method            1000d0f0 f   libeay32_EM.0.9.8e:rsa_lib.obj
 0001:0000c260       _RSA_free                  1000d260 f   libeay32_EM.0.9.8e:rsa_lib.obj
 0001:0000c380       _RSA_up_ref                1000d380 f   libeay32_EM.0.9.8e:rsa_lib.obj
 0001:0000c3b0       _RSA_size                  1000d3b0 f   libeay32_EM.0.9.8e:rsa_lib.obj
 0001:0000c3d0       _RSA_public_encrypt        1000d3d0 f   libeay32_EM.0.9.8e:rsa_lib.obj
 0001:0000c3e0       _RSA_private_encrypt       1000d3e0 f   libeay32_EM.0.9.8e:rsa_lib.obj
 0001:0000c3f0       _RSA_private_decrypt       1000d3f0 f   libeay32_EM.0.9.8e:rsa_lib.obj
 0001:0000c400       _RSA_public_decrypt        1000d400 f   libeay32_EM.0.9.8e:rsa_lib.obj
 0001:0000c410       _RSA_flags                 1000d410 f   libeay32_EM.0.9.8e:rsa_lib.obj
 0001:0000c500       _RSA_setup_blinding        1000d500 f   libeay32_EM.0.9.8e:rsa_lib.obj
 0001:0000c650       _RSA_new                   1000d650 f   libeay32_EM.0.9.8e:rsa_lib.obj
 0001:0000c750       _PKCS7_dataInit            1000d750 f   libeay32_EM.0.9.8e:pk7_doit.obj
 0001:0000cc80       _PKCS7_dataDecode          1000dc80 f   libeay32_EM.0.9.8e:pk7_doit.obj
 0001:0000d460       _PKCS7_signatureVerify     1000e460 f   libeay32_EM.0.9.8e:pk7_doit.obj
 0001:0000d790       _PKCS7_add_signed_attribute 1000e790 f   libeay32_EM.0.9.8e:pk7_doit.obj
 0001:0000d7c0       _PKCS7_dataFinal           1000e7c0 f   libeay32_EM.0.9.8e:pk7_doit.obj
 0001:0000dd80       _PKCS7_add_attrib_smimecap 1000ed80 f   libeay32_EM.0.9.8e:pk7_attr.obj
 0001:0000de40       _PKCS7_simple_smimecap     1000ee40 f   libeay32_EM.0.9.8e:pk7_attr.obj
 0001:0000df00       _PKCS7_sign                1000ef00 f   libeay32_EM.0.9.8e:pk7_smime.obj
 0001:0000e1c0       _PKCS7_get0_signers        1000f1c0 f   libeay32_EM.0.9.8e:pk7_smime.obj
 0001:0000e360       _PKCS7_encrypt             1000f360 f   libeay32_EM.0.9.8e:pk7_smime.obj
 0001:0000e4a0       _PKCS7_decrypt             1000f4a0 f   libeay32_EM.0.9.8e:pk7_smime.obj
 0001:0000e690       _PKCS7_verify              1000f690 f   libeay32_EM.0.9.8e:pk7_smime.obj
 0001:0000eb20       _X509_CINF_it              1000fb20 f   libeay32_EM.0.9.8e:x_x509.obj
 0001:0000ec00       _X509_it                   1000fc00 f   libeay32_EM.0.9.8e:x_x509.obj
 0001:0000ec10       _d2i_X509                  1000fc10 f   libeay32_EM.0.9.8e:x_x509.obj
 0001:0000ec30       _i2d_X509                  1000fc30 f   libeay32_EM.0.9.8e:x_x509.obj
 0001:0000ec50       _X509_new                  1000fc50 f   libeay32_EM.0.9.8e:x_x509.obj
 0001:0000ec60       _X509_free                 1000fc60 f   libeay32_EM.0.9.8e:x_x509.obj
 0001:0000ec80       _d2i_X509_AUX              1000fc80 f   libeay32_EM.0.9.8e:x_x509.obj
 0001:0000ed10       _X509_REQ_INFO_it          1000fd10 f   libeay32_EM.0.9.8e:x_req.obj
 0001:0000ed20       _X509_REQ_free             1000fd20 f   libeay32_EM.0.9.8e:x_req.obj
 0001:0000ed40       _X509_verify               1000fd40 f   libeay32_EM.0.9.8e:x_all.obj
 0001:0000ed70       _X509_CRL_verify           1000fd70 f   libeay32_EM.0.9.8e:x_all.obj
 0001:0000eda0       _d2i_X509_fp               1000fda0 f   libeay32_EM.0.9.8e:x_all.obj
 0001:0000edc0       _d2i_X509_bio              1000fdc0 f   libeay32_EM.0.9.8e:x_all.obj
 0001:0000ede0       _d2i_X509_CRL_bio          1000fde0 f   libeay32_EM.0.9.8e:x_all.obj
 0001:0000ee00       _d2i_PKCS7_fp              1000fe00 f   libeay32_EM.0.9.8e:x_all.obj
 0001:0000ee20       _i2d_PKCS7_fp              1000fe20 f   libeay32_EM.0.9.8e:x_all.obj
 0001:0000ee40       _d2i_PKCS7_bio             1000fe40 f   libeay32_EM.0.9.8e:x_all.obj
 0001:0000ee60       _X509_digest               1000fe60 f   libeay32_EM.0.9.8e:x_all.obj
 0001:0000ee90       _d2i_PKCS8_bio             1000fe90 f   libeay32_EM.0.9.8e:x_all.obj
 0001:0000eeb0       _d2i_PrivateKey_bio        1000feb0 f   libeay32_EM.0.9.8e:x_all.obj
 0001:0000eed0       _X509_get_subject_name     1000fed0 f   libeay32_EM.0.9.8e:x509_cmp.obj
 0001:0000eee0       _X509_get_serialNumber     1000fee0 f   libeay32_EM.0.9.8e:x509_cmp.obj
 0001:0000eee0       _EVP_CIPHER_CTX_block_size 1000fee0 f   libeay32_EM.0.9.8e:evp_lib.obj
 0001:0000eef0       _X509_cmp                  1000fef0 f   libeay32_EM.0.9.8e:x509_cmp.obj
 0001:0000f220       _X509_NAME_cmp             10010220 f   libeay32_EM.0.9.8e:x509_cmp.obj
 0001:0000f3a0       _X509_NAME_hash            100103a0 f   libeay32_EM.0.9.8e:x509_cmp.obj
 0001:0000f420       _X509_get_pubkey           10010420 f   libeay32_EM.0.9.8e:x509_cmp.obj
 0001:0000f440       _X509_check_private_key    10010440 f   libeay32_EM.0.9.8e:x509_cmp.obj
 0001:0000f520       _X509_subject_name_cmp     10010520 f   libeay32_EM.0.9.8e:x509_cmp.obj
 0001:0000f540       _X509_CRL_cmp              10010540 f   libeay32_EM.0.9.8e:x509_cmp.obj
 0001:0000f560       _X509_find_by_issuer_and_serial 10010560 f   libeay32_EM.0.9.8e:x509_cmp.obj
 0001:0000f5e0       _X509_ALGOR_it             100105e0 f   libeay32_EM.0.9.8e:x_algor.obj
 0001:0000f5f0       _i2d_X509_ALGOR            100105f0 f   libeay32_EM.0.9.8e:x_algor.obj
 0001:0000f610       _X509_ALGOR_new            10010610 f   libeay32_EM.0.9.8e:x_algor.obj
 0001:0000f620       _X509_ALGOR_free           10010620 f   libeay32_EM.0.9.8e:x_algor.obj
 0001:0000f640       _X509_ALGOR_dup            10010640 f   libeay32_EM.0.9.8e:x_algor.obj
 0001:0000f660       _PKCS7_ctrl                10010660 f   libeay32_EM.0.9.8e:pk7_lib.obj
 0001:0000f730       _PKCS7_set_content         10010730 f   libeay32_EM.0.9.8e:pk7_lib.obj
 0001:0000f7b0       _PKCS7_set_type            100107b0 f   libeay32_EM.0.9.8e:pk7_lib.obj
 0001:0000f960       _PKCS7_add_signer          10010960 f   libeay32_EM.0.9.8e:pk7_lib.obj
 0001:0000fa70       _PKCS7_add_certificate     10010a70 f   libeay32_EM.0.9.8e:pk7_lib.obj
 0001:0000fb20       _PKCS7_SIGNER_INFO_set     10010b20 f   libeay32_EM.0.9.8e:pk7_lib.obj
 0001:0000fcd0       _PKCS7_add_signature       10010cd0 f   libeay32_EM.0.9.8e:pk7_lib.obj
 0001:0000fd20       _PKCS7_get_signer_info     10010d20 f   libeay32_EM.0.9.8e:pk7_lib.obj
 0001:0000fd60       _PKCS7_add_recipient_info  10010d60 f   libeay32_EM.0.9.8e:pk7_lib.obj
 0001:0000fdc0       _PKCS7_RECIP_INFO_set      10010dc0 f   libeay32_EM.0.9.8e:pk7_lib.obj
 0001:0000fe70       _PKCS7_set_cipher          10010e70 f   libeay32_EM.0.9.8e:pk7_lib.obj
 0001:0000ff00       _PKCS7_content_new         10010f00 f   libeay32_EM.0.9.8e:pk7_lib.obj
 0001:0000ff50       _PKCS7_add_recipient       10010f50 f   libeay32_EM.0.9.8e:pk7_lib.obj
 0001:0000ffa0       _sk_set_cmp_func           10010fa0 f   libeay32_EM.0.9.8e:stack.obj
 0001:0000ffc0       _sk_new                    10010fc0 f   libeay32_EM.0.9.8e:stack.obj
 0001:00010030       _sk_insert                 10011030 f   libeay32_EM.0.9.8e:stack.obj
 0001:000100e0       _sk_delete                 100110e0 f   libeay32_EM.0.9.8e:stack.obj
 0001:00010130       _sk_push                   10011130 f   libeay32_EM.0.9.8e:stack.obj
 0001:00010150       _sk_shift                  10011150 f   libeay32_EM.0.9.8e:stack.obj
 0001:000101a0       _sk_pop                    100111a0 f   libeay32_EM.0.9.8e:stack.obj
 0001:000101c0       _sk_zero                   100111c0 f   libeay32_EM.0.9.8e:stack.obj
 0001:000101f0       _sk_free                   100111f0 f   libeay32_EM.0.9.8e:stack.obj
 0001:00010220       _sk_num                    10011220 f   libeay32_EM.0.9.8e:stack.obj
 0001:00010230       _sk_value                  10011230 f   libeay32_EM.0.9.8e:stack.obj
 0001:00010250       _sk_set                    10011250 f   libeay32_EM.0.9.8e:stack.obj
 0001:00010280       _sk_sort                   10011280 f   libeay32_EM.0.9.8e:stack.obj
 0001:000102b0       _sk_is_sorted              100112b0 f   libeay32_EM.0.9.8e:stack.obj
 0001:000102d0       _sk_dup                    100112d0 f   libeay32_EM.0.9.8e:stack.obj
 0001:00010360       _sk_new_null               10011360 f   libeay32_EM.0.9.8e:stack.obj
 0001:00010370       _sk_delete_ptr             10011370 f   libeay32_EM.0.9.8e:stack.obj
 0001:00010450       _sk_find                   10011450 f   libeay32_EM.0.9.8e:stack.obj
 0001:00010470       _sk_pop_free               10011470 f   libeay32_EM.0.9.8e:stack.obj
 0001:000104c0       _ASN1_OCTET_STRING_cmp     100114c0 f   libeay32_EM.0.9.8e:a_octet.obj
 0001:000104d0       _ASN1_OCTET_STRING_set     100114d0 f   libeay32_EM.0.9.8e:a_octet.obj
 0001:000104e0       _d2i_PKCS8PrivateKey_bio   100114e0 f   libeay32_EM.0.9.8e:pem_pk8.obj
 0001:000105e0       _d2i_PKCS8PrivateKey_fp    100115e0 f   libeay32_EM.0.9.8e:pem_pk8.obj
 0001:00010670       _EVP_sha1                  10011670 f   libeay32_EM.0.9.8e:m_sha1.obj
 0001:000106d0       _EVP_sha224                100116d0 f   libeay32_EM.0.9.8e:m_sha1.obj
 0001:000106e0       _EVP_sha256                100116e0 f   libeay32_EM.0.9.8e:m_sha1.obj
 0001:00010740       _EVP_sha384                10011740 f   libeay32_EM.0.9.8e:m_sha1.obj
 0001:00010750       _EVP_sha512                10011750 f   libeay32_EM.0.9.8e:m_sha1.obj
 0001:00010760       _EVP_MD_CTX_init           10011760 f   libeay32_EM.0.9.8e:digest.obj
 0001:00010780       _EVP_MD_CTX_create         10011780 f   libeay32_EM.0.9.8e:digest.obj
 0001:000107a0       _EVP_DigestInit_ex         100117a0 f   libeay32_EM.0.9.8e:digest.obj
 0001:000108c0       _EVP_DigestUpdate          100118c0 f   libeay32_EM.0.9.8e:digest.obj
 0001:000108d0       _EVP_DigestFinal_ex        100118d0 f   libeay32_EM.0.9.8e:digest.obj
 0001:00010950       _EVP_MD_CTX_cleanup        10011950 f   libeay32_EM.0.9.8e:digest.obj
 0001:000109e0       _EVP_DigestInit            100119e0 f   libeay32_EM.0.9.8e:digest.obj
 0001:00010a10       _EVP_DigestFinal           10011a10 f   libeay32_EM.0.9.8e:digest.obj
 0001:00010a40       _EVP_MD_CTX_copy_ex        10011a40 f   libeay32_EM.0.9.8e:digest.obj
 0001:00010b40       _EVP_Digest                10011b40 f   libeay32_EM.0.9.8e:digest.obj
 0001:00010bf0       _EVP_MD_CTX_destroy        10011bf0 f   libeay32_EM.0.9.8e:digest.obj
 0001:00010c10       _ERR_load_crypto_strings   10011c10 f   libeay32_EM.0.9.8e:err_all.obj
 0001:00010c90       _AUTHORITY_KEYID_it        10011c90 f   libeay32_EM.0.9.8e:v3_akeya.obj
 0001:00010ca0       _AUTHORITY_KEYID_new       10011ca0 f   libeay32_EM.0.9.8e:v3_akeya.obj
 0001:00010cb0       _AUTHORITY_KEYID_free      10011cb0 f   libeay32_EM.0.9.8e:v3_akeya.obj
 0001:00010f00       _EVP_des_ede_cbc           10011f00 f   libeay32_EM.0.9.8e:e_des3.obj
 0001:00010f10       _EVP_des_ede_cfb64         10011f10 f   libeay32_EM.0.9.8e:e_des3.obj
 0001:00010f20       _EVP_des_ede_ofb           10011f20 f   libeay32_EM.0.9.8e:e_des3.obj
 0001:00010f30       _EVP_des_ede3_cbc          10011f30 f   libeay32_EM.0.9.8e:e_des3.obj
 0001:00010f40       _EVP_des_ede3_cfb64        10011f40 f   libeay32_EM.0.9.8e:e_des3.obj
 0001:00010f50       _EVP_des_ede3_ofb          10011f50 f   libeay32_EM.0.9.8e:e_des3.obj
 0001:00011060       _EVP_des_ede               10012060 f   libeay32_EM.0.9.8e:e_des3.obj
 0001:00011070       _EVP_des_ede3              10012070 f   libeay32_EM.0.9.8e:e_des3.obj
 0001:00011080       _PEM_read_bio_X509         10012080 f   libeay32_EM.0.9.8e:pem_x509.obj
 0001:000110b0       _PEM_read_X509             100120b0 f   libeay32_EM.0.9.8e:pem_x509.obj
 0001:00011180       _EVP_aes_128_cbc           10012180 f   libeay32_EM.0.9.8e:e_aes.obj
 0001:00011190       _EVP_aes_128_cfb128        10012190 f   libeay32_EM.0.9.8e:e_aes.obj
 0001:000111a0       _EVP_aes_128_ofb           100121a0 f   libeay32_EM.0.9.8e:e_aes.obj
 0001:000111b0       _EVP_aes_128_ecb           100121b0 f   libeay32_EM.0.9.8e:e_aes.obj
 0001:00011220       _EVP_aes_192_cbc           10012220 f   libeay32_EM.0.9.8e:e_aes.obj
 0001:00011230       _EVP_aes_192_cfb128        10012230 f   libeay32_EM.0.9.8e:e_aes.obj
 0001:00011240       _EVP_aes_192_ofb           10012240 f   libeay32_EM.0.9.8e:e_aes.obj
 0001:00011250       _EVP_aes_192_ecb           10012250 f   libeay32_EM.0.9.8e:e_aes.obj
 0001:00011260       _EVP_aes_256_cbc           10012260 f   libeay32_EM.0.9.8e:e_aes.obj
 0001:00011270       _EVP_aes_256_cfb128        10012270 f   libeay32_EM.0.9.8e:e_aes.obj
 0001:00011280       _EVP_aes_256_ofb           10012280 f   libeay32_EM.0.9.8e:e_aes.obj
 0001:00011290       _EVP_aes_256_ecb           10012290 f   libeay32_EM.0.9.8e:e_aes.obj
 0001:000112a0       _EVP_aes_128_cfb1          100122a0 f   libeay32_EM.0.9.8e:e_aes.obj
 0001:000112f0       _EVP_aes_192_cfb1          100122f0 f   libeay32_EM.0.9.8e:e_aes.obj
 0001:00011300       _EVP_aes_256_cfb1          10012300 f   libeay32_EM.0.9.8e:e_aes.obj
 0001:00011310       _EVP_aes_128_cfb8          10012310 f   libeay32_EM.0.9.8e:e_aes.obj
 0001:00011320       _EVP_aes_192_cfb8          10012320 f   libeay32_EM.0.9.8e:e_aes.obj
 0001:00011370       _EVP_aes_256_cfb8          10012370 f   libeay32_EM.0.9.8e:e_aes.obj
 0001:00011400       _X509_NAME_entry_count     10012400 f   libeay32_EM.0.9.8e:x509name.obj
 0001:00011420       _X509_NAME_get_index_by_OBJ 10012420 f   libeay32_EM.0.9.8e:x509name.obj
 0001:00011480       _X509_NAME_get_entry       10012480 f   libeay32_EM.0.9.8e:x509name.obj
 0001:000114c0       _X509_NAME_delete_entry    100124c0 f   libeay32_EM.0.9.8e:x509name.obj
 0001:00011570       _X509_NAME_add_entry       10012570 f   libeay32_EM.0.9.8e:x509name.obj
 0001:000116a0       _X509_NAME_ENTRY_set_object 100126a0 f   libeay32_EM.0.9.8e:x509name.obj
 0001:000116f0       _X509_NAME_ENTRY_set_data  100126f0 f   libeay32_EM.0.9.8e:x509name.obj
 0001:000117b0       _X509_NAME_get_index_by_NID 100127b0 f   libeay32_EM.0.9.8e:x509name.obj
 0001:000117d0       _X509_NAME_ENTRY_create_by_OBJ 100127d0 f   libeay32_EM.0.9.8e:x509name.obj
 0001:00011840       _X509_NAME_ENTRY_create_by_txt 10012840 f   libeay32_EM.0.9.8e:x509name.obj
 0001:000118b0       _X509_NAME_add_entry_by_txt 100128b0 f   libeay32_EM.0.9.8e:x509name.obj
 0001:00011930       _EVP_sha                   10012930 f   libeay32_EM.0.9.8e:m_sha.obj
 0001:00011940       _X509_REQ_get_pubkey       10012940 f   libeay32_EM.0.9.8e:x509_req.obj
 0001:00011960       _EVP_CIPHER_CTX_init       10012960 f   libeay32_EM.0.9.8e:evp_enc.obj
 0001:00011980       _EVP_EncryptUpdate         10012980 f   libeay32_EM.0.9.8e:evp_enc.obj
 0001:00011ae0       _EVP_EncryptFinal_ex       10012ae0 f   libeay32_EM.0.9.8e:evp_enc.obj
 0001:00011ba0       _EVP_DecryptUpdate         10012ba0 f   libeay32_EM.0.9.8e:evp_enc.obj
 0001:00011c90       _EVP_DecryptFinal_ex       10012c90 f   libeay32_EM.0.9.8e:evp_enc.obj
 0001:00011dc0       _EVP_CIPHER_CTX_cleanup    10012dc0 f   libeay32_EM.0.9.8e:evp_enc.obj
 0001:00011e30       _EVP_CIPHER_CTX_ctrl       10012e30 f   libeay32_EM.0.9.8e:evp_enc.obj
 0001:00011ec0       _EVP_CIPHER_CTX_rand_key   10012ec0 f   libeay32_EM.0.9.8e:evp_enc.obj
 0001:00011f00       _EVP_CipherInit_ex         10012f00 f   libeay32_EM.0.9.8e:evp_enc.obj
 0001:00012170       _EVP_CipherUpdate          10013170 f   libeay32_EM.0.9.8e:evp_enc.obj
 0001:00012190       _EVP_CipherFinal_ex        10013190 f   libeay32_EM.0.9.8e:evp_enc.obj
 0001:000121b0       _EVP_EncryptInit_ex        100131b0 f   libeay32_EM.0.9.8e:evp_enc.obj
 0001:000121e0       _EVP_DecryptInit_ex        100131e0 f   libeay32_EM.0.9.8e:evp_enc.obj
 0001:00012210       _EVP_CIPHER_CTX_set_key_length 10013210 f   libeay32_EM.0.9.8e:evp_enc.obj
 0001:00012270       _BIO_set                   10013270 f   libeay32_EM.0.9.8e:bio_lib.obj
 0001:000122f0       _BIO_free                  100132f0 f   libeay32_EM.0.9.8e:bio_lib.obj
 0001:00012370       _BIO_clear_flags           10013370 f   libeay32_EM.0.9.8e:bio_lib.obj
 0001:00012380       _BIO_test_flags            10013380 f   libeay32_EM.0.9.8e:bio_lib.obj
 0001:00012390       _BIO_set_flags             10013390 f   libeay32_EM.0.9.8e:bio_lib.obj
 0001:000123a0       _BIO_get_callback          100133a0 f   libeay32_EM.0.9.8e:bio_lib.obj
 0001:000123a0       _EC_KEY_get0_group         100133a0 f   libeay32_EM.0.9.8e:ec_key.obj
 0001:000123a0       _EVP_CIPHER_block_size     100133a0 f   libeay32_EM.0.9.8e:evp_lib.obj
 0001:000123a0       _EVP_MD_pkey_type          100133a0 f   libeay32_EM.0.9.8e:evp_lib.obj
 0001:000123a0       _EC_GROUP_get0_generator   100133a0 f   libeay32_EM.0.9.8e:ec_lib.obj
 0001:000123b0       _BIO_set_callback          100133b0 f   libeay32_EM.0.9.8e:bio_lib.obj
 0001:000123c0       _BIO_set_callback_arg      100133c0 f   libeay32_EM.0.9.8e:bio_lib.obj
 0001:000123d0       _BIO_method_type           100133d0 f   libeay32_EM.0.9.8e:bio_lib.obj
 0001:000123e0       _BIO_read                  100133e0 f   libeay32_EM.0.9.8e:bio_lib.obj
 0001:000124a0       _BIO_write                 100134a0 f   libeay32_EM.0.9.8e:bio_lib.obj
 0001:00012560       _BIO_puts                  10013560 f   libeay32_EM.0.9.8e:bio_lib.obj
 0001:00012610       _BIO_gets                  10013610 f   libeay32_EM.0.9.8e:bio_lib.obj
 0001:000126c0       _BIO_ctrl                  100136c0 f   libeay32_EM.0.9.8e:bio_lib.obj
 0001:00012750       _BIO_callback_ctrl         10013750 f   libeay32_EM.0.9.8e:bio_lib.obj
 0001:000127e0       _BIO_ctrl_pending          100137e0 f   libeay32_EM.0.9.8e:bio_lib.obj
 0001:00012800       _BIO_push                  10013800 f   libeay32_EM.0.9.8e:bio_lib.obj
 0001:00012850       _BIO_pop                   10013850 f   libeay32_EM.0.9.8e:bio_lib.obj
 0001:000128a0       _BIO_find_type             100138a0 f   libeay32_EM.0.9.8e:bio_lib.obj
 0001:000128e0       _BIO_next                  100138e0 f   libeay32_EM.0.9.8e:bio_lib.obj
 0001:000128f0       _BIO_free_all              100138f0 f   libeay32_EM.0.9.8e:bio_lib.obj
 0001:00012920       _BIO_copy_next_retry       10013920 f   libeay32_EM.0.9.8e:bio_lib.obj
 0001:00012940       _BIO_new                   10013940 f   libeay32_EM.0.9.8e:bio_lib.obj
 0001:000129a0       _BIO_int_ctrl              100139a0 f   libeay32_EM.0.9.8e:bio_lib.obj
 0001:000129d0       _BIO_dup_chain             100139d0 f   libeay32_EM.0.9.8e:bio_lib.obj
 0001:00012b30       _d2i_RSAPrivateKey         10013b30 f   libeay32_EM.0.9.8e:rsa_asn1.obj
 0001:00012b50       _i2d_RSAPrivateKey         10013b50 f   libeay32_EM.0.9.8e:rsa_asn1.obj
 0001:00012b70       _d2i_RSAPublicKey          10013b70 f   libeay32_EM.0.9.8e:rsa_asn1.obj
 0001:00012b90       _RSAPublicKey_dup          10013b90 f   libeay32_EM.0.9.8e:rsa_asn1.obj
 0001:00012bb0       _RSAPrivateKey_dup         10013bb0 f   libeay32_EM.0.9.8e:rsa_asn1.obj
 0001:00012cd0       _EVP_rc2_cbc               10013cd0 f   libeay32_EM.0.9.8e:e_rc2.obj
 0001:00012ce0       _EVP_rc2_cfb64             10013ce0 f   libeay32_EM.0.9.8e:e_rc2.obj
 0001:00012cf0       _EVP_rc2_ofb               10013cf0 f   libeay32_EM.0.9.8e:e_rc2.obj
 0001:00012d00       _EVP_rc2_ecb               10013d00 f   libeay32_EM.0.9.8e:e_rc2.obj
 0001:00012d10       _EVP_rc2_64_cbc            10013d10 f   libeay32_EM.0.9.8e:e_rc2.obj
 0001:00012d20       _EVP_rc2_40_cbc            10013d20 f   libeay32_EM.0.9.8e:e_rc2.obj
 0001:00012fa0       _EVP_rc4                   10013fa0 f   libeay32_EM.0.9.8e:e_rc4.obj
 0001:00012fb0       _EVP_rc4_40                10013fb0 f   libeay32_EM.0.9.8e:e_rc4.obj
 0001:00013020       _BN_value_one              10014020 f   libeay32_EM.0.9.8e:bn_lib.obj
 0001:00013030       _BN_num_bits_word          10014030 f   libeay32_EM.0.9.8e:bn_lib.obj
 0001:00013080       _BN_num_bits               10014080 f   libeay32_EM.0.9.8e:bn_lib.obj
 0001:000130b0       _BN_clear_free             100140b0 f   libeay32_EM.0.9.8e:bn_lib.obj
 0001:00013110       _BN_free                   10014110 f   libeay32_EM.0.9.8e:bn_lib.obj
 0001:00013150       _BN_init                   10014150 f   libeay32_EM.0.9.8e:bn_lib.obj
 0001:00013170       _BN_new                    10014170 f   libeay32_EM.0.9.8e:bn_lib.obj
 0001:000132c0       _bn_expand2                100142c0 f   libeay32_EM.0.9.8e:bn_lib.obj
 0001:00013300       _BN_copy                   10014300 f   libeay32_EM.0.9.8e:bn_lib.obj
 0001:000133b0       _BN_clear                  100143b0 f   libeay32_EM.0.9.8e:bn_lib.obj
 0001:000133e0       _BN_set_word               100143e0 f   libeay32_EM.0.9.8e:bn_lib.obj
 0001:00013440       _BN_bin2bn                 10014440 f   libeay32_EM.0.9.8e:bn_lib.obj
 0001:00013540       _BN_bn2bin                 10014540 f   libeay32_EM.0.9.8e:bn_lib.obj
 0001:000135c0       _BN_ucmp                   100145c0 f   libeay32_EM.0.9.8e:bn_lib.obj
 0001:00013610       _BN_cmp                    10014610 f   libeay32_EM.0.9.8e:bn_lib.obj
 0001:000136b0       _BN_set_bit                100146b0 f   libeay32_EM.0.9.8e:bn_lib.obj
 0001:00013740       _BN_is_bit_set             10014740 f   libeay32_EM.0.9.8e:bn_lib.obj
 0001:00013790       _BN_set_negative           10014790 f   libeay32_EM.0.9.8e:bn_lib.obj
 0001:000137c0       _bn_cmp_words              100147c0 f   libeay32_EM.0.9.8e:bn_lib.obj
 0001:00013810       _bn_cmp_part_words         10014810 f   libeay32_EM.0.9.8e:bn_lib.obj
 0001:000138b0       _BN_dup                    100148b0 f   libeay32_EM.0.9.8e:bn_lib.obj
 0001:000138f0       _EVP_PKEY_bits             100148f0 f   libeay32_EM.0.9.8e:p_lib.obj
 0001:00013980       _EVP_PKEY_size             10014980 f   libeay32_EM.0.9.8e:p_lib.obj
 0001:000139d0       _EVP_PKEY_missing_parameters 100149d0 f   libeay32_EM.0.9.8e:p_lib.obj
 0001:00013a20       _EVP_PKEY_cmp_parameters   10014a20 f   libeay32_EM.0.9.8e:p_lib.obj
 0001:00013ad0       _EVP_PKEY_cmp              10014ad0 f   libeay32_EM.0.9.8e:p_lib.obj
 0001:00013bb0       _EVP_PKEY_new              10014bb0 f   libeay32_EM.0.9.8e:p_lib.obj
 0001:00013c00       _EVP_PKEY_get1_RSA         10014c00 f   libeay32_EM.0.9.8e:p_lib.obj
 0001:00013c40       _EVP_PKEY_type             10014c40 f   libeay32_EM.0.9.8e:p_lib.obj
 0001:00013da0       _EVP_PKEY_copy_parameters  10014da0 f   libeay32_EM.0.9.8e:p_lib.obj
 0001:00013f00       _EVP_PKEY_assign           10014f00 f   libeay32_EM.0.9.8e:p_lib.obj
 0001:00013f40       _EVP_PKEY_free             10014f40 f   libeay32_EM.0.9.8e:p_lib.obj
 0001:000141b0       _RAND_poll                 100151b0 f   libeay32_EM.0.9.8e:rand_win.obj
 0001:000148f0       _RAND_screen               100158f0 f   libeay32_EM.0.9.8e:rand_win.obj
 0001:00014900       _ASN1_const_check_infinite_end 10015900 f   libeay32_EM.0.9.8e:asn1_lib.obj
 0001:000149d0       _ASN1_put_eoc              100159d0 f   libeay32_EM.0.9.8e:asn1_lib.obj
 0001:000149f0       _ASN1_object_size          100159f0 f   libeay32_EM.0.9.8e:asn1_lib.obj
 0001:00014a30       _ASN1_STRING_set           10015a30 f   libeay32_EM.0.9.8e:asn1_lib.obj
 0001:00014b00       _ASN1_STRING_type_new      10015b00 f   libeay32_EM.0.9.8e:asn1_lib.obj
 0001:00014b50       _ASN1_STRING_free          10015b50 f   libeay32_EM.0.9.8e:asn1_lib.obj
 0001:00014b80       _ASN1_STRING_cmp           10015b80 f   libeay32_EM.0.9.8e:asn1_lib.obj
 0001:00014c30       _asn1_add_error            10015c30 f   libeay32_EM.0.9.8e:asn1_lib.obj
 0001:00014ca0       _ASN1_get_object           10015ca0 f   libeay32_EM.0.9.8e:asn1_lib.obj
 0001:00014dc0       _ASN1_put_object           10015dc0 f   libeay32_EM.0.9.8e:asn1_lib.obj
 0001:00014eb0       _asn1_GetSequence          10015eb0 f   libeay32_EM.0.9.8e:asn1_lib.obj
 0001:00014f40       _ASN1_STRING_dup           10015f40 f   libeay32_EM.0.9.8e:asn1_lib.obj
 0001:00014fa0       _ASN1_STRING_new           10015fa0 f   libeay32_EM.0.9.8e:asn1_lib.obj
 0001:00015030       _EVP_md4                   10016030 f   libeay32_EM.0.9.8e:m_md4.obj
 0001:00015040       _PEM_read_bio_X509_CRL     10016040 f   libeay32_EM.0.9.8e:pem_all.obj
 0001:00015070       _PEM_read_RSAPrivateKey    10016070 f   libeay32_EM.0.9.8e:pem_all.obj
 0001:000150d0       _X509v3_get_ext_count      100160d0 f   libeay32_EM.0.9.8e:x509_v3.obj
 0001:000150f0       _X509v3_get_ext_by_OBJ     100160f0 f   libeay32_EM.0.9.8e:x509_v3.obj
 0001:00015150       _X509v3_get_ext            10016150 f   libeay32_EM.0.9.8e:x509_v3.obj
 0001:00015180       _UI_get_string_type        10016180 f   libeay32_EM.0.9.8e:ui_lib.obj
 0001:00015180       _X509_EXTENSION_get_object 10016180 f   libeay32_EM.0.9.8e:x509_v3.obj
 0001:00015180       _X509_NAME_ENTRY_get_object 10016180 f   libeay32_EM.0.9.8e:x509name.obj
 0001:00015190       _X509_EXTENSION_get_critical 10016190 f   libeay32_EM.0.9.8e:x509_v3.obj
 0001:000151b0       _X509v3_get_ext_by_NID     100161b0 f   libeay32_EM.0.9.8e:x509_v3.obj
 0001:000151d0       _PEM_read_bio_PrivateKey   100161d0 f   libeay32_EM.0.9.8e:pem_pkey.obj
 0001:00015450       _PEM_read_PrivateKey       10016450 f   libeay32_EM.0.9.8e:pem_pkey.obj
 0001:000155c0       _EVP_rc5_32_12_16_cbc      100165c0 f   libeay32_EM.0.9.8e:e_rc5.obj
 0001:000155d0       _EVP_rc5_32_12_16_cfb64    100165d0 f   libeay32_EM.0.9.8e:e_rc5.obj
 0001:000155e0       _EVP_rc5_32_12_16_ofb      100165e0 f   libeay32_EM.0.9.8e:e_rc5.obj
 0001:000155f0       _EVP_rc5_32_12_16_ecb      100165f0 f   libeay32_EM.0.9.8e:e_rc5.obj
 0001:00015c60       _ERR_free_strings          10016c60 f   libeay32_EM.0.9.8e:err.obj
 0001:00015cc0       _ERR_lib_error_string      10016cc0 f   libeay32_EM.0.9.8e:err.obj
 0001:00015d40       _ERR_func_error_string     10016d40 f   libeay32_EM.0.9.8e:err.obj
 0001:00015dd0       _ERR_reason_error_string   10016dd0 f   libeay32_EM.0.9.8e:err.obj
 0001:00015ee0       _ERR_get_state             10016ee0 f   libeay32_EM.0.9.8e:err.obj
 0001:00016000       _ERR_set_error_data        10017000 f   libeay32_EM.0.9.8e:err.obj
 0001:00016090       _ERR_add_error_data        10017090 f   libeay32_EM.0.9.8e:err.obj
 0001:00016380       _ERR_load_ERR_strings      10017380 f   libeay32_EM.0.9.8e:err.obj
 0001:00016480       _ERR_load_strings          10017480 f   libeay32_EM.0.9.8e:err.obj
 0001:000164a0       _ERR_put_error             100174a0 f   libeay32_EM.0.9.8e:err.obj
 0001:000165a0       _ERR_clear_error           100175a0 f   libeay32_EM.0.9.8e:err.obj
 0001:00016620       _ERR_error_string_n        10017620 f   libeay32_EM.0.9.8e:err.obj
 0001:00016790       _ERR_error_string          10017790 f   libeay32_EM.0.9.8e:err.obj
 0001:000167c0       _ERR_get_error             100177c0 f   libeay32_EM.0.9.8e:err.obj
 0001:00016840       _ERR_get_error_line_data   10017840 f   libeay32_EM.0.9.8e:err.obj
 0001:00016930       _ERR_peek_error            10017930 f   libeay32_EM.0.9.8e:err.obj
 0001:00016960       _ERR_peek_last_error       10017960 f   libeay32_EM.0.9.8e:err.obj
 0001:00016980       _asc2uni                   10017980 f   libeay32_EM.0.9.8e:p12_utl.obj
 0001:00016fa0       _X509_time_adj             10017fa0 f   libeay32_EM.0.9.8e:x509_vfy.obj
 0001:00017030       _X509_get_pubkey_parameters 10018030 f   libeay32_EM.0.9.8e:x509_vfy.obj
 0001:00017130       _X509_STORE_CTX_get_ex_new_index 10018130 f   libeay32_EM.0.9.8e:x509_vfy.obj
 0001:00017160       _X509_STORE_CTX_set_ex_data 10018160 f   libeay32_EM.0.9.8e:x509_vfy.obj
 0001:00017170       _X509_STORE_CTX_get_error  10018170 f   libeay32_EM.0.9.8e:x509_vfy.obj
 0001:00017180       _X509_STORE_CTX_set0_crls  10018180 f   libeay32_EM.0.9.8e:x509_vfy.obj
 0001:00017180       _BN_BLINDING_set_thread_id 10018180 f   libeay32_EM.0.9.8e:bn_blind.obj
 0001:00017190       _X509_STORE_CTX_cleanup    10018190 f   libeay32_EM.0.9.8e:x509_vfy.obj
 0001:00017210       _X509_VERIFY_PARAM_set_depth 10018210 f   libeay32_EM.0.9.8e:x509_vpm.obj
 0001:00017210       _X509_STORE_CTX_set_verify_cb 10018210 f   libeay32_EM.0.9.8e:x509_vfy.obj
 0001:00017220       _X509_STORE_CTX_set_default 10018220 f   libeay32_EM.0.9.8e:x509_vfy.obj
 0001:000172b0       _X509_cmp_time             100182b0 f   libeay32_EM.0.9.8e:x509_vfy.obj
 0001:000174c0       _X509_gmtime_adj           100184c0 f   libeay32_EM.0.9.8e:x509_vfy.obj
 0001:000174e0       _X509_STORE_CTX_set_purpose 100184e0 f   libeay32_EM.0.9.8e:x509_vfy.obj
 0001:00017b90       _X509_STORE_CTX_init       10018b90 f   libeay32_EM.0.9.8e:x509_vfy.obj
 0001:00017d50       _X509_verify_cert          10018d50 f   libeay32_EM.0.9.8e:x509_vfy.obj
 0001:000181b0       _RAND_add                  100191b0 f   libeay32_EM.0.9.8e:rand_lib.obj
 0001:00018220       _RAND_bytes                10019220 f   libeay32_EM.0.9.8e:rand_lib.obj
 0001:00018280       _RAND_pseudo_bytes         10019280 f   libeay32_EM.0.9.8e:rand_lib.obj
 0001:000182e0       _RAND_status               100192e0 f   libeay32_EM.0.9.8e:rand_lib.obj
 0001:00018380       _CRYPTO_free_locked        10019380 f   libeay32_EM.0.9.8e:mem.obj
 0001:000183c0       _CRYPTO_malloc             100193c0 f   libeay32_EM.0.9.8e:mem.obj
 0001:00018440       _CRYPTO_realloc            10019440 f   libeay32_EM.0.9.8e:mem.obj
 0001:000184c0       _CRYPTO_realloc_clean      100194c0 f   libeay32_EM.0.9.8e:mem.obj
 0001:00018570       _CRYPTO_free               10019570 f   libeay32_EM.0.9.8e:mem.obj
 0001:000185b0       _BIO_s_mem                 100195b0 f   libeay32_EM.0.9.8e:bss_mem.obj
 0001:000185c0       _BIO_new_mem_buf           100195c0 f   libeay32_EM.0.9.8e:bss_mem.obj
 0001:00018a50       _X509_NAME_ENTRY_it        10019a50 f   libeay32_EM.0.9.8e:x_name.obj
 0001:00018a60       _X509_NAME_ENTRY_new       10019a60 f   libeay32_EM.0.9.8e:x_name.obj
 0001:00018a70       _X509_NAME_ENTRY_free      10019a70 f   libeay32_EM.0.9.8e:x_name.obj
 0001:00018a90       _X509_NAME_ENTRY_dup       10019a90 f   libeay32_EM.0.9.8e:x_name.obj
 0001:00018ab0       _X509_NAME_ENTRIES_it      10019ab0 f   libeay32_EM.0.9.8e:x_name.obj
 0001:00018ac0       _X509_NAME_it              10019ac0 f   libeay32_EM.0.9.8e:x_name.obj
 0001:00018ad0       _d2i_X509_NAME             10019ad0 f   libeay32_EM.0.9.8e:x_name.obj
 0001:00018af0       _i2d_X509_NAME             10019af0 f   libeay32_EM.0.9.8e:x_name.obj
 0001:00018b10       _X509_NAME_new             10019b10 f   libeay32_EM.0.9.8e:x_name.obj
 0001:00018b20       _X509_NAME_free            10019b20 f   libeay32_EM.0.9.8e:x_name.obj
 0001:00018b40       _X509_NAME_dup             10019b40 f   libeay32_EM.0.9.8e:x_name.obj
 0001:00018f20       _X509_NAME_set             10019f20 f   libeay32_EM.0.9.8e:x_name.obj
 0001:00018ff0       _EVP_md5                   10019ff0 f   libeay32_EM.0.9.8e:m_md5.obj
 0001:00019000       _X509_SIG_it               1001a000 f   libeay32_EM.0.9.8e:x_sig.obj
 0001:00019010       _d2i_X509_SIG              1001a010 f   libeay32_EM.0.9.8e:x_sig.obj
 0001:00019030       _i2d_X509_SIG              1001a030 f   libeay32_EM.0.9.8e:x_sig.obj
 0001:00019050       _X509_SIG_new              1001a050 f   libeay32_EM.0.9.8e:x_sig.obj
 0001:00019060       _X509_SIG_free             1001a060 f   libeay32_EM.0.9.8e:x_sig.obj
 0001:000193b0       _CRYPTO_cleanup_all_ex_data 1001a3b0 f   libeay32_EM.0.9.8e:ex_data.obj
 0001:00019410       _CRYPTO_get_ex_new_index   1001a410 f   libeay32_EM.0.9.8e:ex_data.obj
 0001:00019470       _CRYPTO_new_ex_data        1001a470 f   libeay32_EM.0.9.8e:ex_data.obj
 0001:000194d0       _CRYPTO_dup_ex_data        1001a4d0 f   libeay32_EM.0.9.8e:ex_data.obj
 0001:00019530       _CRYPTO_free_ex_data       1001a530 f   libeay32_EM.0.9.8e:ex_data.obj
 0001:00019590       _CRYPTO_set_ex_data        1001a590 f   libeay32_EM.0.9.8e:ex_data.obj
 0001:00019a30       _a2d_ASN1_OBJECT           1001aa30 f   libeay32_EM.0.9.8e:a_object.obj
 0001:00019e20       _i2t_ASN1_OBJECT           1001ae20 f   libeay32_EM.0.9.8e:a_object.obj
 0001:00019e40       _i2a_ASN1_OBJECT           1001ae40 f   libeay32_EM.0.9.8e:a_object.obj
 0001:00019f50       _ASN1_OBJECT_new           1001af50 f   libeay32_EM.0.9.8e:a_object.obj
 0001:00019fa0       _ASN1_OBJECT_free          1001afa0 f   libeay32_EM.0.9.8e:a_object.obj
 0001:0001a010       _c2i_ASN1_OBJECT           1001b010 f   libeay32_EM.0.9.8e:a_object.obj
 0001:0001a0f0       _d2i_ASN1_OBJECT           1001b0f0 f   libeay32_EM.0.9.8e:a_object.obj
 0001:0001a190       _OBJ_nid2obj               1001b190 f   libeay32_EM.0.9.8e:obj_dat.obj
 0001:0001a220       _OBJ_nid2sn                1001b220 f   libeay32_EM.0.9.8e:obj_dat.obj
 0001:0001a2c0       _OBJ_nid2ln                1001b2c0 f   libeay32_EM.0.9.8e:obj_dat.obj
 0001:0001a410       _OBJ_bsearch_ex            1001b410 f   libeay32_EM.0.9.8e:obj_dat.obj
 0001:0001a4c0       _OBJ_bsearch               1001b4c0 f   libeay32_EM.0.9.8e:obj_dat.obj
 0001:0001a4f0       _OBJ_obj2nid               1001b4f0 f   libeay32_EM.0.9.8e:obj_dat.obj
 0001:0001a5a0       _OBJ_obj2txt               1001b5a0 f   libeay32_EM.0.9.8e:obj_dat.obj
 0001:0001a8f0       _OBJ_ln2nid                1001b8f0 f   libeay32_EM.0.9.8e:obj_dat.obj
 0001:0001a9c0       _OBJ_sn2nid                1001b9c0 f   libeay32_EM.0.9.8e:obj_dat.obj
 0001:0001aa90       _OBJ_txt2obj               1001ba90 f   libeay32_EM.0.9.8e:obj_dat.obj
 0001:0001ae30       _asn1_ex_i2c               1001be30 f   libeay32_EM.0.9.8e:tasn_enc.obj
 0001:0001b0a0       _ASN1_item_ex_i2d          1001c0a0 f   libeay32_EM.0.9.8e:tasn_enc.obj
 0001:0001b680       _ASN1_item_i2d             1001c680 f   libeay32_EM.0.9.8e:tasn_enc.obj
 0001:0001b6a0       _ERR_print_errors_cb       1001c6a0 f   libeay32_EM.0.9.8e:err_prn.obj
 0001:0001b800       _ERR_print_errors_fp       1001c800 f   libeay32_EM.0.9.8e:err_prn.obj
 0001:0001b860       _EVP_md2                   1001c860 f   libeay32_EM.0.9.8e:m_md2.obj
 0001:0001b960       _EVP_idea_cbc              1001c960 f   libeay32_EM.0.9.8e:e_idea.obj
 0001:0001b970       _EVP_idea_cfb64            1001c970 f   libeay32_EM.0.9.8e:e_idea.obj
 0001:0001b980       _EVP_idea_ofb              1001c980 f   libeay32_EM.0.9.8e:e_idea.obj
 0001:0001b990       _EVP_idea_ecb              1001c990 f   libeay32_EM.0.9.8e:e_idea.obj
 0001:0001ba40       _PKCS12_MAC_DATA_it        1001ca40 f   libeay32_EM.0.9.8e:p12_asn.obj
 0001:0001ba60       _PKCS12_BAGS_it            1001ca60 f   libeay32_EM.0.9.8e:p12_asn.obj
 0001:0001ba80       _PKCS12_SAFEBAG_it         1001ca80 f   libeay32_EM.0.9.8e:p12_asn.obj
 0001:0001baa0       _PKCS7_it                  1001caa0 f   libeay32_EM.0.9.8e:pk7_asn1.obj
 0001:0001bab0       _i2d_PKCS7                 1001cab0 f   libeay32_EM.0.9.8e:pk7_asn1.obj
 0001:0001bad0       _PKCS7_new                 1001cad0 f   libeay32_EM.0.9.8e:pk7_asn1.obj
 0001:0001bae0       _PKCS7_free                1001cae0 f   libeay32_EM.0.9.8e:pk7_asn1.obj
 0001:0001bb00       _PKCS7_SIGNED_it           1001cb00 f   libeay32_EM.0.9.8e:pk7_asn1.obj
 0001:0001bb10       _PKCS7_SIGNED_new          1001cb10 f   libeay32_EM.0.9.8e:pk7_asn1.obj
 0001:0001bb20       _PKCS7_SIGNED_free         1001cb20 f   libeay32_EM.0.9.8e:pk7_asn1.obj
 0001:0001bb60       _PKCS7_SIGNER_INFO_it      1001cb60 f   libeay32_EM.0.9.8e:pk7_asn1.obj
 0001:0001bb70       _PKCS7_SIGNER_INFO_new     1001cb70 f   libeay32_EM.0.9.8e:pk7_asn1.obj
 0001:0001bb80       _PKCS7_SIGNER_INFO_free    1001cb80 f   libeay32_EM.0.9.8e:pk7_asn1.obj
 0001:0001bba0       _PKCS7_ISSUER_AND_SERIAL_it 1001cba0 f   libeay32_EM.0.9.8e:pk7_asn1.obj
 0001:0001bbb0       _PKCS7_ENVELOPE_it         1001cbb0 f   libeay32_EM.0.9.8e:pk7_asn1.obj
 0001:0001bbc0       _PKCS7_ENVELOPE_new        1001cbc0 f   libeay32_EM.0.9.8e:pk7_asn1.obj
 0001:0001bbf0       _PKCS7_RECIP_INFO_it       1001cbf0 f   libeay32_EM.0.9.8e:pk7_asn1.obj
 0001:0001bc00       _PKCS7_RECIP_INFO_new      1001cc00 f   libeay32_EM.0.9.8e:pk7_asn1.obj
 0001:0001bc10       _PKCS7_RECIP_INFO_free     1001cc10 f   libeay32_EM.0.9.8e:pk7_asn1.obj
 0001:0001bc30       _PKCS7_ENC_CONTENT_it      1001cc30 f   libeay32_EM.0.9.8e:pk7_asn1.obj
 0001:0001bc40       _PKCS7_SIGN_ENVELOPE_it    1001cc40 f   libeay32_EM.0.9.8e:pk7_asn1.obj
 0001:0001bc50       _PKCS7_SIGN_ENVELOPE_new   1001cc50 f   libeay32_EM.0.9.8e:pk7_asn1.obj
 0001:0001bc60       _PKCS7_ENCRYPT_it          1001cc60 f   libeay32_EM.0.9.8e:pk7_asn1.obj
 0001:0001bc70       _PKCS7_ENCRYPT_new         1001cc70 f   libeay32_EM.0.9.8e:pk7_asn1.obj
 0001:0001bc80       _PKCS7_DIGEST_it           1001cc80 f   libeay32_EM.0.9.8e:pk7_asn1.obj
 0001:0001bc90       _PKCS7_DIGEST_new          1001cc90 f   libeay32_EM.0.9.8e:pk7_asn1.obj
 0001:0001bca0       _PKCS7_ATTR_SIGN_it        1001cca0 f   libeay32_EM.0.9.8e:pk7_asn1.obj
 0001:0001bcb0       _PKCS7_ATTR_VERIFY_it      1001ccb0 f   libeay32_EM.0.9.8e:pk7_asn1.obj
 0001:0001bcc0       _RSA_sign                  1001ccc0 f   libeay32_EM.0.9.8e:rsa_sign.obj
 0001:0001bed0       _RSA_verify                1001ced0 f   libeay32_EM.0.9.8e:rsa_sign.obj
 0001:0001c320       _EVP_bf_cbc                1001d320 f   libeay32_EM.0.9.8e:e_bf.obj
 0001:0001c330       _EVP_bf_cfb64              1001d330 f   libeay32_EM.0.9.8e:e_bf.obj
 0001:0001c340       _EVP_bf_ofb                1001d340 f   libeay32_EM.0.9.8e:e_bf.obj
 0001:0001c350       _EVP_bf_ecb                1001d350 f   libeay32_EM.0.9.8e:e_bf.obj
 0001:0001c3d0       _EVP_mdc2                  1001d3d0 f   libeay32_EM.0.9.8e:m_mdc2.obj
 0001:0001c3e0       _EVP_desx_cbc              1001d3e0 f   libeay32_EM.0.9.8e:e_xcbc_d.obj
 0001:0001c580       _EVP_cast5_cbc             1001d580 f   libeay32_EM.0.9.8e:e_cast.obj
 0001:0001c590       _EVP_cast5_cfb64           1001d590 f   libeay32_EM.0.9.8e:e_cast.obj
 0001:0001c5a0       _EVP_cast5_ofb             1001d5a0 f   libeay32_EM.0.9.8e:e_cast.obj
 0001:0001c5b0       _EVP_cast5_ecb             1001d5b0 f   libeay32_EM.0.9.8e:e_cast.obj
 0001:0001c5f0       _X509_STORE_set_default_paths 1001d5f0 f   libeay32_EM.0.9.8e:x509_d2.obj
 0001:0001c650       _X509_STORE_load_locations 1001d650 f   libeay32_EM.0.9.8e:x509_d2.obj
 0001:0001c960       _ASN1_mbstring_ncopy       1001d960 f   libeay32_EM.0.9.8e:a_mbstr.obj
 0001:0001cd80       _ASN1_mbstring_copy        1001dd80 f   libeay32_EM.0.9.8e:a_mbstr.obj
 0001:0001cf90       _EVP_des_cbc               1001df90 f   libeay32_EM.0.9.8e:e_des.obj
 0001:0001cfa0       _EVP_des_cfb64             1001dfa0 f   libeay32_EM.0.9.8e:e_des.obj
 0001:0001cfb0       _EVP_des_ofb               1001dfb0 f   libeay32_EM.0.9.8e:e_des.obj
 0001:0001cfc0       _EVP_des_ecb               1001dfc0 f   libeay32_EM.0.9.8e:e_des.obj
 0001:0001cfd0       _EVP_des_cfb1              1001dfd0 f   libeay32_EM.0.9.8e:e_des.obj
 0001:0001cfe0       _EVP_des_cfb8              1001dfe0 f   libeay32_EM.0.9.8e:e_des.obj
 0001:0001d050       _X509_get_ext_count        1001e050 f   libeay32_EM.0.9.8e:x509_ext.obj
 0001:0001d070       _X509_get_ext_by_NID       1001e070 f   libeay32_EM.0.9.8e:x509_ext.obj
 0001:0001d090       _X509_get_ext              1001e090 f   libeay32_EM.0.9.8e:x509_ext.obj
 0001:0001d0b0       _X509_get_ext_d2i          1001e0b0 f   libeay32_EM.0.9.8e:x509_ext.obj
 0001:0001d0d0       _ASN1_INTEGER_cmp          1001e0d0 f   libeay32_EM.0.9.8e:a_int.obj
 0001:0001d110       _i2c_ASN1_INTEGER          1001e110 f   libeay32_EM.0.9.8e:a_int.obj
 0001:0001d240       _c2i_ASN1_INTEGER          1001e240 f   libeay32_EM.0.9.8e:a_int.obj
 0001:0001d3e0       _ASN1_INTEGER_set          1001e3e0 f   libeay32_EM.0.9.8e:a_int.obj
 0001:0001d4d0       _ASN1_INTEGER_get          1001e4d0 f   libeay32_EM.0.9.8e:a_int.obj
 0001:0001d530       _BN_to_ASN1_INTEGER        1001e530 f   libeay32_EM.0.9.8e:a_int.obj
 0001:0001d610       _ASN1_INTEGER_to_BN        1001e610 f   libeay32_EM.0.9.8e:a_int.obj
 0001:0001d670       _X509V3_get_section        1001e670 f   libeay32_EM.0.9.8e:v3_conf.obj
 0001:0001d6b0       _X509V3_section_free       1001e6b0 f   libeay32_EM.0.9.8e:v3_conf.obj
 0001:0001d900       _SMIME_crlf_copy           1001e900 f   libeay32_EM.0.9.8e:pk7_mime.obj
 0001:0001de30       _SMIME_text                1001ee30 f   libeay32_EM.0.9.8e:pk7_mime.obj
 0001:0001dfd0       _BIO_s_file                1001efd0 f   libeay32_EM.0.9.8e:bss_file.obj
 0001:0001e4a0       _BIO_new_file              1001f4a0 f   libeay32_EM.0.9.8e:bss_file.obj
 0001:0001e580       _BIO_new_fp                1001f580 f   libeay32_EM.0.9.8e:bss_file.obj
 0001:0001e5c0       _BN_bn2dec                 1001f5c0 f   libeay32_EM.0.9.8e:bn_print.obj
 0001:0001e790       _BN_hex2bn                 1001f790 f   libeay32_EM.0.9.8e:bn_print.obj
 0001:0001e930       _BN_dec2bn                 1001f930 f   libeay32_EM.0.9.8e:bn_print.obj
 0001:0001ea90       _X509_EXTENSION_it         1001fa90 f   libeay32_EM.0.9.8e:x_exten.obj
 0001:0001eaa0       _OPENSSL_add_all_algorithms_noconf 1001faa0 f   libeay32_EM.0.9.8e:c_all.obj
 0001:0001eab0       _BN_generate_prime         1001fab0 f   libeay32_EM.0.9.8e:bn_depr.obj
 0001:0001eb80       _EVP_ripemd160             1001fb80 f   libeay32_EM.0.9.8e:m_ripemd.obj
 0001:0001eb90       _X509_LOOKUP_ctrl          1001fb90 f   libeay32_EM.0.9.8e:x509_lu.obj
 0001:0001ec10       _X509_STORE_new            1001fc10 f   libeay32_EM.0.9.8e:x509_lu.obj
 0001:0001ece0       _X509_STORE_free           1001fce0 f   libeay32_EM.0.9.8e:x509_lu.obj
 0001:0001ed90       _X509_STORE_add_lookup     1001fd90 f   libeay32_EM.0.9.8e:x509_lu.obj
 0001:0001ee50       _X509_OBJECT_up_ref_count  1001fe50 f   libeay32_EM.0.9.8e:x509_lu.obj
 0001:0001eea0       _X509_OBJECT_free_contents 1001fea0 f   libeay32_EM.0.9.8e:x509_lu.obj
 0001:0001eed0       _X509_OBJECT_idx_by_subject 1001fed0 f   libeay32_EM.0.9.8e:x509_lu.obj
 0001:0001ef80       _X509_OBJECT_retrieve_match 1001ff80 f   libeay32_EM.0.9.8e:x509_lu.obj
 0001:0001f050       _X509_STORE_get_by_subject 10020050 f   libeay32_EM.0.9.8e:x509_lu.obj
 0001:0001f180       _X509_STORE_add_cert       10020180 f   libeay32_EM.0.9.8e:x509_lu.obj
 0001:0001f250       _X509_STORE_add_crl        10020250 f   libeay32_EM.0.9.8e:x509_lu.obj
 0001:0001f330       _X509_STORE_CTX_get1_issuer 10020330 f   libeay32_EM.0.9.8e:x509_lu.obj
 0001:0001f500       _X509V3_EXT_get_nid        10020500 f   libeay32_EM.0.9.8e:v3_lib.obj
 0001:0001f580       _X509V3_EXT_d2i            10020580 f   libeay32_EM.0.9.8e:v3_lib.obj
 0001:0001f600       _X509V3_get_d2i            10020600 f   libeay32_EM.0.9.8e:v3_lib.obj
 0001:0001f6f0       _EVP_add_cipher            100206f0 f   libeay32_EM.0.9.8e:names.obj
 0001:0001f730       _EVP_add_digest            10020730 f   libeay32_EM.0.9.8e:names.obj
 0001:0001f7c0       _EVP_get_cipherbyname      100207c0 f   libeay32_EM.0.9.8e:names.obj
 0001:0001f7d0       _EVP_get_digestbyname      100207d0 f   libeay32_EM.0.9.8e:names.obj
 0001:0001f7e0       _EVP_cleanup               100207e0 f   libeay32_EM.0.9.8e:names.obj
 0001:0001f800       _BIO_ACCEPT_free           10020800 f   libeay32_EM.0.9.8e:bss_acpt.obj
 0001:000202d0       _BIO_CONNECT_new           100212d0 f   libeay32_EM.0.9.8e:bss_conn.obj
 0001:00020940       _BIO_new_connect           10021940 f   libeay32_EM.0.9.8e:bss_conn.obj
 0001:00020980       _BIO_new_socket            10021980 f   libeay32_EM.0.9.8e:bss_sock.obj
 0001:00020b60       _BIO_sock_should_retry     10021b60 f   libeay32_EM.0.9.8e:bss_sock.obj
 0001:00020c90       _EVP_CIPHER_param_to_asn1  10021c90 f   libeay32_EM.0.9.8e:evp_lib.obj
 0001:00020cb0       _EVP_CIPHER_asn1_to_param  10021cb0 f   libeay32_EM.0.9.8e:evp_lib.obj
 0001:00020cd0       _EVP_Cipher                10021cd0 f   libeay32_EM.0.9.8e:evp_lib.obj
 0001:00020ce0       _EC_METHOD_get_field_type  10021ce0 f   libeay32_EM.0.9.8e:ec_lib.obj
 0001:00020ce0       _EVP_CIPHER_CTX_cipher     10021ce0 f   libeay32_EM.0.9.8e:evp_lib.obj
 0001:00020ce0       _EC_GROUP_method_of        10021ce0 f   libeay32_EM.0.9.8e:ec_lib.obj
 0001:00020ce0       _EVP_MD_type               10021ce0 f   libeay32_EM.0.9.8e:evp_lib.obj
 0001:00020ce0       _SSL_version               10021ce0 f   ssleay32_EM.0.9.8e:ssl_lib.obj
 0001:00020ce0       _EVP_MD_CTX_md             10021ce0 f   libeay32_EM.0.9.8e:evp_lib.obj
 0001:00020cf0       _EVP_CIPHER_CTX_flags      10021cf0 f   libeay32_EM.0.9.8e:evp_lib.obj
 0001:00020d00       _X509_get_issuer_name      10021d00 f   libeay32_EM.0.9.8e:x509_cmp.obj
 0001:00020d00       _EVP_CIPHER_CTX_iv_length  10021d00 f   libeay32_EM.0.9.8e:evp_lib.obj
 0001:00020d10       _EVP_CIPHER_CTX_key_length 10021d10 f   libeay32_EM.0.9.8e:evp_lib.obj
 0001:00020d20       _EVP_MD_block_size         10021d20 f   libeay32_EM.0.9.8e:evp_lib.obj
 0001:00020d30       _ENGINE_get_RSA            10021d30 f   libeay32_EM.0.9.8e:tb_rsa.obj
 0001:00020d30       _EC_KEY_get0_public_key    10021d30 f   libeay32_EM.0.9.8e:ec_key.obj
 0001:00020d30       _BIO_get_callback_arg      10021d30 f   libeay32_EM.0.9.8e:bio_lib.obj
 0001:00020d30       _EVP_CIPHER_key_length     10021d30 f   libeay32_EM.0.9.8e:evp_lib.obj
 0001:00020d30       _EVP_MD_size               10021d30 f   libeay32_EM.0.9.8e:evp_lib.obj
 0001:00020d40       _EVP_MD_CTX_set_flags      10021d40 f   libeay32_EM.0.9.8e:evp_lib.obj
 0001:00020d50       _EVP_MD_CTX_clear_flags    10021d50 f   libeay32_EM.0.9.8e:evp_lib.obj
 0001:00020d60       _EVP_MD_CTX_test_flags     10021d60 f   libeay32_EM.0.9.8e:evp_lib.obj
 0001:00020d70       _EVP_CIPHER_get_asn1_iv    10021d70 f   libeay32_EM.0.9.8e:evp_lib.obj
 0001:00020de0       _EVP_CIPHER_set_asn1_iv    10021de0 f   libeay32_EM.0.9.8e:evp_lib.obj
 0001:00020e30       _EVP_CIPHER_type           10021e30 f   libeay32_EM.0.9.8e:evp_lib.obj
 0001:00021080       _X509_verify_cert_error_string 10022080 f   libeay32_EM.0.9.8e:x509_txt.obj
 0001:00021290       _BIO_f_cipher              10022290 f   libeay32_EM.0.9.8e:bio_enc.obj
 0001:000218a0       _OPENSSL_cleanse           100228a0 f   libeay32_EM.0.9.8e:mem_clr.obj
 0001:00021900       _EVP_PKEY_decrypt          10022900 f   libeay32_EM.0.9.8e:p_dec.obj
 0001:00021950       _BIO_f_md                  10022950 f   libeay32_EM.0.9.8e:bio_md.obj
 0001:00021cd0       _BIO_f_buffer              10022cd0 f   libeay32_EM.0.9.8e:bf_buff.obj
 0001:000225f0       _RSA_PKCS1_SSLeay          100235f0 f   libeay32_EM.0.9.8e:rsa_eay.obj
 0001:00023890       _engine_unlocked_init      10024890 f   libeay32_EM.0.9.8e:eng_init.obj
 0001:000238c0       _engine_unlocked_finish    100248c0 f   libeay32_EM.0.9.8e:eng_init.obj
 0001:00023950       _ENGINE_init               10024950 f   libeay32_EM.0.9.8e:eng_init.obj
 0001:000239d0       _ENGINE_finish             100249d0 f   libeay32_EM.0.9.8e:eng_init.obj
 0001:00023ac0       _ENGINE_get_default_RSA    10024ac0 f   libeay32_EM.0.9.8e:tb_rsa.obj
 0001:00023ad0       _BN_BLINDING_free          10024ad0 f   libeay32_EM.0.9.8e:bn_blind.obj
 0001:00023b20       _BN_BLINDING_convert_ex    10024b20 f   libeay32_EM.0.9.8e:bn_blind.obj
 0001:00023ba0       _ENGINE_get_DH             10024ba0 f   libeay32_EM.0.9.8e:tb_dh.obj
 0001:00023ba0       _BN_BLINDING_get_thread_id 10024ba0 f   libeay32_EM.0.9.8e:bn_blind.obj
 0001:00023bb0       _BN_BLINDING_create_param  10024bb0 f   libeay32_EM.0.9.8e:bn_blind.obj
 0001:00023d80       _BN_BLINDING_update        10024d80 f   libeay32_EM.0.9.8e:bn_blind.obj
 0001:00023e20       _BN_BLINDING_invert_ex     10024e20 f   libeay32_EM.0.9.8e:bn_blind.obj
 0001:00023ea0       _CRYPTO_destroy_dynlockid  10024ea0 f   libeay32_EM.0.9.8e:cryptlib.obj
 0001:00023f70       _CRYPTO_get_dynlock_value  10024f70 f   libeay32_EM.0.9.8e:cryptlib.obj
 0001:00023ff0       _CRYPTO_thread_id          10024ff0 f   libeay32_EM.0.9.8e:cryptlib.obj
 0001:00024010       _OPENSSL_cpuid_setup       10025010 f   libeay32_EM.0.9.8e:cryptlib.obj
 0001:00024010       ??3@YAXPAX0@Z              10025010 f   Sgi_ConfigFile.obj
 0001:00024020       _OPENSSL_isservice         10025020 f   libeay32_EM.0.9.8e:cryptlib.obj
 0001:00024100       _OPENSSL_showfatal         10025100 f   libeay32_EM.0.9.8e:cryptlib.obj
 0001:00024220       _OpenSSLDie                10025220 f   libeay32_EM.0.9.8e:cryptlib.obj
 0001:00024250       _CRYPTO_lock               10025250 f   libeay32_EM.0.9.8e:cryptlib.obj
 0001:000242e0       _CRYPTO_add_lock           100252e0 f   libeay32_EM.0.9.8e:cryptlib.obj
 0001:00024500       _BN_CTX_new                10025500 f   libeay32_EM.0.9.8e:bn_ctx.obj
 0001:00024560       _BN_CTX_free               10025560 f   libeay32_EM.0.9.8e:bn_ctx.obj
 0001:00024590       _BN_CTX_start              10025590 f   libeay32_EM.0.9.8e:bn_ctx.obj
 0001:000245e0       _BN_CTX_end                100255e0 f   libeay32_EM.0.9.8e:bn_ctx.obj
 0001:00024620       _BN_CTX_get                10025620 f   libeay32_EM.0.9.8e:bn_ctx.obj
 0001:00024680       _BN_mod_inverse            10025680 f   libeay32_EM.0.9.8e:bn_gcd.obj
 0001:00024c20       _bn_sub_part_words         10025c20 f   libeay32_EM.0.9.8e:bn_mul.obj
 0001:00024da0       _bn_mul_normal             10025da0 f   libeay32_EM.0.9.8e:bn_mul.obj
 0001:00024ec0       _bn_mul_recursive          10025ec0 f   libeay32_EM.0.9.8e:bn_mul.obj
 0001:00025310       _bn_mul_part_recursive     10026310 f   libeay32_EM.0.9.8e:bn_mul.obj
 0001:00025780       _BN_mul                    10026780 f   libeay32_EM.0.9.8e:bn_mul.obj
 0001:00025a20       _BN_uadd                   10026a20 f   libeay32_EM.0.9.8e:bn_add.obj
 0001:00025b00       _BN_usub                   10026b00 f   libeay32_EM.0.9.8e:bn_add.obj
 0001:00025c60       _BN_sub                    10026c60 f   libeay32_EM.0.9.8e:bn_add.obj
 0001:00025d30       _BN_add                    10026d30 f   libeay32_EM.0.9.8e:bn_add.obj
 0001:00025dc0       _BIO_s_null                10026dc0 f   libeay32_EM.0.9.8e:bss_null.obj
 0001:00025e80       _EVP_PKEY_encrypt          10026e80 f   libeay32_EM.0.9.8e:p_enc.obj
 0001:00025ed0       _ASN1_INTEGER_it           10026ed0 f   libeay32_EM.0.9.8e:tasn_typ.obj
 0001:00025ee0       _d2i_ASN1_INTEGER          10026ee0 f   libeay32_EM.0.9.8e:tasn_typ.obj
 0001:00025f00       _i2d_ASN1_INTEGER          10026f00 f   libeay32_EM.0.9.8e:tasn_typ.obj
 0001:00025f20       _ASN1_INTEGER_new          10026f20 f   libeay32_EM.0.9.8e:tasn_typ.obj
 0001:00025f30       _ASN1_INTEGER_free         10026f30 f   libeay32_EM.0.9.8e:tasn_typ.obj
 0001:00025f50       _ASN1_ENUMERATED_it        10026f50 f   libeay32_EM.0.9.8e:tasn_typ.obj
 0001:00025f60       _ASN1_BIT_STRING_it        10026f60 f   libeay32_EM.0.9.8e:tasn_typ.obj
 0001:00025f70       _i2d_ASN1_BIT_STRING       10026f70 f   libeay32_EM.0.9.8e:tasn_typ.obj
 0001:00025f90       _ASN1_BIT_STRING_free      10026f90 f   libeay32_EM.0.9.8e:tasn_typ.obj
 0001:00025fb0       _ASN1_OCTET_STRING_it      10026fb0 f   libeay32_EM.0.9.8e:tasn_typ.obj
 0001:00025fc0       _d2i_ASN1_OCTET_STRING     10026fc0 f   libeay32_EM.0.9.8e:tasn_typ.obj
 0001:00025fe0       _i2d_ASN1_OCTET_STRING     10026fe0 f   libeay32_EM.0.9.8e:tasn_typ.obj
 0001:00026000       _ASN1_OCTET_STRING_new     10027000 f   libeay32_EM.0.9.8e:tasn_typ.obj
 0001:00026010       _ASN1_OCTET_STRING_free    10027010 f   libeay32_EM.0.9.8e:tasn_typ.obj
[...]
 0001:00087450       __unwindfunclet$?_Erase@?$_Tree@V?$_Tmap_traits@V?$basic_string@DU?$char_traits@D@std@@V?$allocator@D@2@@std@@V12@U?$less@V?$basic_string@DU?$char_traits@D@std@@V?$allocator@D@2@@std@@@2@V?$allocator@U?$pair@$$CBV?$basic_string@DU?$char_traits@D@std@@V?$allocator@D@2@@std@@V12@@std@@@2@$00@std@@@std@@IAEXPAU_Node@?$_Tree_nod@V?$_Tmap_traits@V?$basic_string@DU?$char_traits@D@std@@V?$allocator@D@2@@std@@V12@U?$less@V?$basic_string@DU?$char_traits@D@std@@V?$allocator@D@2@@std@@@2@V?$allocator@U?$pair@$$CBV?$basic_string@DU?$char_traits@D@std@@V?$allocator@D@2@@std@@V12@@std@@@2@$00@std@@@2@@Z$1 10088450 f    CIL library: CIL module
 0001:00087459       __ehhandler$?_Erase@?$_Tree@V?$_Tmap_traits@V?$basic_string@DU?$char_traits@D@std@@V?$allocator@D@2@@std@@V12@U?$less@V?$basic_string@DU?$char_traits@D@std@@V?$allocator@D@2@@std@@@2@V?$allocator@U?$pair@$$CBV?$basic_string@DU?$char_traits@D@std@@V?$allocator@D@2@@std@@V12@@std@@@2@$00@std@@@std@@IAEXPAU_Node@?$_Tree_nod@V?$_Tmap_traits@V?$basic_string@DU?$char_traits@D@std@@V?$allocator@D@2@@std@@V12@U?$less@V?$basic_string@DU?$char_traits@D@std@@V?$allocator@D@2@@std@@@2@V?$allocator@U?$pair@$$CBV?$basic_string@DU?$char_traits@D@std@@V?$allocator@D@2@@std@@V12@@std@@@2@$00@std@@@2@@Z 10088459 f    CIL library: CIL module
 0001:00087480       __unwindfunclet$??0CSgi_Certificado@SgiCripto@@QAE@XZ$0 10088480 f    CIL library: CIL module
 0001:00087480       __unwindfunclet$??1CSgi_Certificado@SgiCripto@@QAE@XZ$0 10088480 f    CIL library: CIL module
 0001:00087488       __unwindfunclet$??0CSgi_Certificado@SgiCripto@@QAE@XZ$1 10088488 f    CIL library: CIL module
 0001:00087488       __unwindfunclet$??1CSgi_Certificado@SgiCripto@@QAE@XZ$1 10088488 f    CIL library: CIL module
 0001:00087494       __unwindfunclet$??0CSgi_Certificado@SgiCripto@@QAE@XZ$2 10088494 f    CIL library: CIL module
 0001:00087494       __unwindfunclet$??1CSgi_Certificado@SgiCripto@@QAE@XZ$2 10088494 f    CIL library: CIL module
 0001:000874a0       __unwindfunclet$??0CSgi_Certificado@SgiCripto@@QAE@XZ$3 100884a0 f    CIL library: CIL module
 0001:000874a0       __unwindfunclet$??1CSgi_Certificado@SgiCripto@@QAE@XZ$3 100884a0 f    CIL library: CIL module
 0001:000874ac       __unwindfunclet$??0CSgi_Certificado@SgiCripto@@QAE@XZ$4 100884ac f    CIL library: CIL module
 0001:000874ac       __unwindfunclet$??1CSgi_Certificado@SgiCripto@@QAE@XZ$4 100884ac f    CIL library: CIL module
 0001:000874b8       __ehhandler$??0CSgi_Certificado@SgiCripto@@QAE@XZ 100884b8 f    CIL library: CIL module
 0001:000874b8       __ehhandler$??1CSgi_Certificado@SgiCripto@@QAE@XZ 100884b8 f    CIL library: CIL module
 0001:000874e0       __unwindfunclet$?Inicia@MensajesARA@@QAEHPBD@Z$0 100884e0 f    CIL library: CIL module
 0001:000874eb       __unwindfunclet$?Inicia@MensajesARA@@QAEHPBD@Z$1 100884eb f    CIL library: CIL module
 0001:000874f6       __ehhandler$?Inicia@MensajesARA@@QAEHPBD@Z 100884f6 f    CIL library: CIL module
 0001:00087530       __unwindfunclet$?erase@?$_Tree@V?$_Tmap_traits@V?$basic_string@DU?$char_traits@D@std@@V?$allocator@D@2@@std@@V12@U?$less@V?$basic_string@DU?$char_traits@D@std@@V?$allocator@D@2@@std@@@2@V?$allocator@U?$pair@$$CBV?$basic_string@DU?$char_traits@D@std@@V?$allocator@D@2@@std@@V12@@std@@@2@$00@std@@@std@@QAE?AViterator@12@V312@@Z$0 10088530 f    CIL library: CIL module
 0001:00087539       __unwindfunclet$?erase@?$_Tree@V?$_Tmap_traits@V?$basic_string@DU?$char_traits@D@std@@V?$allocator@D@2@@std@@V12@U?$less@V?$basic_string@DU?$char_traits@D@std@@V?$allocator@D@2@@std@@@2@V?$allocator@U?$pair@$$CBV?$basic_string@DU?$char_traits@D@std@@V?$allocator@D@2@@std@@V12@@std@@@2@$00@std@@@std@@QAE?AViterator@12@V312@@Z$2 10088539 f    CIL library: CIL module
 0001:00087542       __unwindfunclet$?erase@?$_Tree@V?$_Tmap_traits@V?$basic_string@DU?$char_traits@D@std@@V?$allocator@D@2@@std@@V12@U?$less@V?$basic_string@DU?$char_traits@D@std@@V?$allocator@D@2@@std@@@2@V?$allocator@U?$pair@$$CBV?$basic_string@DU?$char_traits@D@std@@V?$allocator@D@2@@std@@V12@@std@@@2@$00@std@@@std@@QAE?AViterator@12@V312@@Z$5 10088542 f    CIL library: CIL module
 0001:0008754b       __ehhandler$?erase@?$_Tree@V?$_Tmap_traits@V?$basic_string@DU?$char_traits@D@std@@V?$allocator@D@2@@std@@V12@U?$less@V?$basic_string@DU?$char_traits@D@std@@V?$allocator@D@2@@std@@@2@V?$allocator@U?$pair@$$CBV?$basic_string@DU?$char_traits@D@std@@V?$allocator@D@2@@std@@V12@@std@@@2@$00@std@@@std@@QAE?AViterator@12@V312@@Z 1008854b f    CIL library: CIL module
 0001:00087570       __unwindfunclet$?RegErrorBitTxt@CSgiARA@@IAEXPBDHH@Z$0 10088570 f    CIL library: CIL module
 0001:00087579       __unwindfunclet$?RegErrorBitTxt@CSgiARA@@IAEXPBDHH@Z$1 10088579 f    CIL library: CIL module
 0001:00087582       __ehhandler$?RegErrorBitTxt@CSgiARA@@IAEXPBDHH@Z 10088582 f    CIL library: CIL module
 0001:000875a0       __unwindfunclet$??0CSgiARA@@QAE@PBD@Z$0 100885a0 f    CIL library: CIL module
 0001:000875a9       __unwindfunclet$??0CSgiARA@@QAE@PBD@Z$1 100885a9 f    CIL library: CIL module
 0001:000875b5       __unwindfunclet$??0CSgiARA@@QAE@PBD@Z$2 100885b5 f    CIL library: CIL module
 0001:000875c1       __unwindfunclet$??0CSgiARA@@QAE@PBD@Z$3 100885c1 f    CIL library: CIL module
 0001:000875cd       __unwindfunclet$??0CSgiARA@@QAE@PBD@Z$4 100885cd f    CIL library: CIL module
 0001:000875d9       __unwindfunclet$??0CSgiARA@@QAE@PBD@Z$5 100885d9 f    CIL library: CIL module
 0001:000875e8       __unwindfunclet$??0CSgiARA@@QAE@PBD@Z$6 100885e8 f    CIL library: CIL module
 0001:000875f5       __unwindfunclet$??0CSgiARA@@QAE@PBD@Z$7 100885f5 f    CIL library: CIL module
 0001:000875fe       __unwindfunclet$??0CSgiARA@@QAE@PBD@Z$8 100885fe f    CIL library: CIL module
 0001:00087607       __unwindfunclet$??0CSgiARA@@QAE@PBD@Z$9 10088607 f    CIL library: CIL module
 0001:00087610       __ehhandler$??0CSgiARA@@QAE@PBD@Z 10088610 f    CIL library: CIL module
 0001:00087630       __unwindfunclet$?new_SgiCertificado@SgiCripto@@YAPAXXZ$0 10088630 f    CIL library: CIL module
 0001:0008763b       __ehhandler$?new_SgiCertificado@SgiCripto@@YAPAXXZ 1008863b f    CIL library: CIL module
 0001:00087660       __unwindfunclet$?generaFirma@CSgi_Cripto@SgiCripto@@QAE?AW4tError@2@PBD00HPAV?$basic_string@DU?$char_traits@D@std@@V?$allocator@D@2@@std@@@Z$0 10088660 f    CIL library: CIL module
 0001:0008766b       __ehhandler$?generaFirma@CSgi_Cripto@SgiCripto@@QAE?AW4tError@2@PBD00HPAV?$basic_string@DU?$char_traits@D@std@@V?$allocator@D@2@@std@@@Z 1008866b f    CIL library: CIL module
 0001:000876a0       __unwindfunclet$?procesa@CSgi_Certificado@SgiCripto@@IAE?AW4tError@2@PBEH@Z$0 100886a0 f    CIL library: CIL module
 0001:000876ab       __unwindfunclet$?procesa@CSgi_Certificado@SgiCripto@@IAE?AW4tError@2@PBEH@Z$1 100886ab f    CIL library: CIL module
 0001:000876c1       __ehhandler$?procesa@CSgi_Certificado@SgiCripto@@IAE?AW4tError@2@PBEH@Z 100886c1 f    CIL library: CIL module
 0001:000876f0       __unwindfunclet$?GenPKCS7@SGIPKCS7@@QAEIPAD000HQAUcertificados_st@@HPAE0H@Z$0 100886f0 f    CIL library: CIL module
 0001:000876fb       __unwindfunclet$?GenPKCS7@SGIPKCS7@@QAEIPAD000HQAUcertificados_st@@HPAE0H@Z$1 100886fb f    CIL library: CIL module
 0001:00087706       __ehhandler$?GenPKCS7@SGIPKCS7@@QAEIPAD000HQAUcertificados_st@@HPAE0H@Z 10088706 f    CIL library: CIL module
 0001:00087740       __unwindfunclet$?ConectaCliente@MensajesARA@@QAEIPAVCSSL_Skt@@@Z$0 10088740 f    CIL library: CIL module
 0001:0008774b       __unwindfunclet$?ConectaCliente@MensajesARA@@QAEIPAVCSSL_Skt@@@Z$1 1008874b f    CIL library: CIL module
 0001:00087756       __ehhandler$?ConectaCliente@MensajesARA@@QAEIPAVCSSL_Skt@@@Z 10088756 f    CIL library: CIL module
 0001:00087790       __unwindfunclet$?_Insert@?$_Tree@V?$_Tmap_traits@V?$basic_string@DU?$char_traits@D@std@@V?$allocator@D@2@@std@@V12@U?$less@V?$basic_string@DU?$char_traits@D@std@@V?$allocator@D@2@@std@@@2@V?$allocator@U?$pair@$$CBV?$basic_string@DU?$char_traits@D@std@@V?$allocator@D@2@@std@@V12@@std@@@2@$00@std@@@std@@IAE?AViterator@12@_NPAU_Node@?$_Tree_nod@V?$_Tmap_traits@V?$basic_string@DU?$char_traits@D@std@@V?$allocator@D@2@@std@@V12@U?$less@V?$basic_string@DU?$char_traits@D@std@@V?$allocator@D@2@@std@@@2@V?$allocator@U?$pair@$$CBV?$basic_string@DU?$char_traits@D@std@@V?$allocator@D@2@@std@@V12@@std@@@2@$00@std@@@2@ABU?$pair@$$CBV?$basic_string@DU?$char_traits@D@std@@V?$allocator@D@2@@std@@V12@@2@@Z$0 10088790 f    CIL library: CIL module
 0001:00087799       __unwindfunclet$?_Insert@?$_Tree@V?$_Tmap_traits@V?$basic_string@DU?$char_traits@D@std@@V?$allocator@D@2@@std@@V12@U?$less@V?$basic_string@DU?$char_traits@D@std@@V?$allocator@D@2@@std@@@2@V?$allocator@U?$pair@$$CBV?$basic_string@DU?$char_traits@D@std@@V?$allocator@D@2@@std@@V12@@std@@@2@$00@std@@@std@@IAE?AViterator@12@_NPAU_Node@?$_Tree_nod@V?$_Tmap_traits@V?$basic_string@DU?$char_traits@D@std@@V?$allocator@D@2@@std@@V12@U?$less@V?$basic_string@DU?$char_traits@D@std@@V?$allocator@D@2@@std@@@2@V?$allocator@U?$pair@$$CBV?$basic_string@DU?$char_traits@D@std@@V?$allocator@D@2@@std@@V12@@std@@@2@$00@std@@@2@ABU?$pair@$$CBV?$basic_string@DU?$char_traits@D@std@@V?$allocator@D@2@@std@@V12@@2@@Z$2 10088799 f    CIL library: CIL module
 0001:000877a2       __ehhandler$?_Insert@?$_Tree@V?$_Tmap_traits@V?$basic_string@DU?$char_traits@D@std@@V?$allocator@D@2@@std@@V12@U?$less@V?$basic_string@DU?$char_traits@D@std@@V?$allocator@D@2@@std@@@2@V?$allocator@U?$pair@$$CBV?$basic_string@DU?$char_traits@D@std@@V?$allocator@D@2@@std@@V12@@std@@@2@$00@std@@@std@@IAE?AViterator@12@_NPAU_Node@?$_Tree_nod@V?$_Tmap_traits@V?$basic_string@DU?$char_traits@D@std@@V?$allocator@D@2@@std@@V12@U?$less@V?$basic_string@DU?$char_traits@D@std@@V?$allocator@D@2@@std@@@2@V?$allocator@U?$pair@$$CBV?$basic_string@DU?$char_traits@D@std@@V?$allocator@D@2@@std@@V12@@std@@@2@$00@std@@@2@ABU?$pair@$$CBV?$basic_string@DU?$char_traits@D@std@@V?$allocator@D@2@@std@@V12@@2@@Z 100887a2 f    CIL library: CIL module
 0001:000877c0       __unwindfunclet$?getValorVar@CConfigFile@@QAEHPBD0PAV?$basic_string@DU?$char_traits@D@std@@V?$allocator@D@2@@std@@@Z$0 100887c0 f    CIL library: CIL module
 0001:000877cc       __unwindfunclet$?getValorVar@CConfigFile@@QAEHPBD0PAV?$basic_string@DU?$char_traits@D@std@@V?$allocator@D@2@@std@@@Z$1 100887cc f    CIL library: CIL module
 0001:000877d8       __unwindfunclet$?getValorVar@CConfigFile@@QAEHPBD0PAV?$basic_string@DU?$char_traits@D@std@@V?$allocator@D@2@@std@@@Z$2 100887d8 f    CIL library: CIL module
 0001:000877e1       __unwindfunclet$?getValorVar@CConfigFile@@QAEHPBD0PAV?$basic_string@DU?$char_traits@D@std@@V?$allocator@D@2@@std@@@Z$3 100887e1 f    CIL library: CIL module
 0001:000877ea       __unwindfunclet$?getValorVar@CConfigFile@@QAEHPBD0PAV?$basic_string@DU?$char_traits@D@std@@V?$allocator@D@2@@std@@@Z$4 100887ea f    CIL library: CIL module
 0001:000877f3       __unwindfunclet$?getValorVar@CConfigFile@@QAEHPBD0PAV?$basic_string@DU?$char_traits@D@std@@V?$allocator@D@2@@std@@@Z$5 100887f3 f    CIL library: CIL module
 0001:000877fc       __ehhandler$?getValorVar@CConfigFile@@QAEHPBD0PAV?$basic_string@DU?$char_traits@D@std@@V?$allocator@D@2@@std@@@Z 100887fc f    CIL library: CIL module
 0001:00087830       __unwindfunclet$?m_leeTagPrincipal@CConfigFile@@AAEHPAV?$basic_fstream@DU?$char_traits@D@std@@@std@@V?$basic_string@DU?$char_traits@D@std@@V?$allocator@D@2@@3@@Z$0 10088830 f    CIL library: CIL module
 0001:00087839       __unwindfunclet$?m_leeTagPrincipal@CConfigFile@@AAEHPAV?$basic_fstream@DU?$char_traits@D@std@@@std@@V?$basic_string@DU?$char_traits@D@std@@V?$allocator@D@2@@3@@Z$1 10088839 f    CIL library: CIL module
 0001:00087845       __unwindfunclet$?m_leeTagPrincipal@CConfigFile@@AAEHPAV?$basic_fstream@DU?$char_traits@D@std@@@std@@V?$basic_string@DU?$char_traits@D@std@@V?$allocator@D@2@@3@@Z$3 10088845 f    CIL library: CIL module
 0001:00087851       __unwindfunclet$?m_leeTagPrincipal@CConfigFile@@AAEHPAV?$basic_fstream@DU?$char_traits@D@std@@@std@@V?$basic_string@DU?$char_traits@D@std@@V?$allocator@D@2@@3@@Z$2 10088851 f    CIL library: CIL module
 0001:0008785e       __unwindfunclet$?m_leeTagPrincipal@CConfigFile@@AAEHPAV?$basic_fstream@DU?$char_traits@D@std@@@std@@V?$basic_string@DU?$char_traits@D@std@@V?$allocator@D@2@@3@@Z$5 1008885e f    CIL library: CIL module
 0001:0008786a       __ehhandler$?m_leeTagPrincipal@CConfigFile@@AAEHPAV?$basic_fstream@DU?$char_traits@D@std@@@std@@V?$basic_string@DU?$char_traits@D@std@@V?$allocator@D@2@@3@@Z 1008886a f    CIL library: CIL module
 0001:000878a0       __unwindfunclet$??0CConfigFile@@QAE@V?$basic_string@DU?$char_traits@D@std@@V?$allocator@D@2@@std@@@Z$0 100888a0 f    CIL library: CIL module
 0001:000878a9       __unwindfunclet$??0CConfigFile@@QAE@V?$basic_string@DU?$char_traits@D@std@@V?$allocator@D@2@@std@@@Z$1 100888a9 f    CIL library: CIL module
 0001:000878b2       __unwindfunclet$??0CConfigFile@@QAE@V?$basic_string@DU?$char_traits@D@std@@V?$allocator@D@2@@std@@@Z$2 100888b2 f    CIL library: CIL module
 0001:000878bd       __ehhandler$??0CConfigFile@@QAE@V?$basic_string@DU?$char_traits@D@std@@V?$allocator@D@2@@std@@@Z 100888bd f    CIL library: CIL module
 0001:000878e0       __unwindfunclet$?RecMsgErrorARA@CSgiARA@@IAEHPBD@Z$0 100888e0 f    CIL library: CIL module
 0001:000878e9       __unwindfunclet$?RecMsgErrorARA@CSgiARA@@IAEHPBD@Z$1 100888e9 f    CIL library: CIL module
 0001:000878f5       __unwindfunclet$?RecMsgErrorARA@CSgiARA@@IAEHPBD@Z$2 100888f5 f    CIL library: CIL module
 0001:000878fe       __unwindfunclet$?RecMsgErrorARA@CSgiARA@@IAEHPBD@Z$3 100888fe f    CIL library: CIL module
 0001:00087907       __unwindfunclet$?RecMsgErrorARA@CSgiARA@@IAEHPBD@Z$4 10088907 f    CIL library: CIL module
 0001:00087910       __unwindfunclet$?RecMsgErrorARA@CSgiARA@@IAEHPBD@Z$5 10088910 f    CIL library: CIL module
 0001:00087919       __unwindfunclet$?RecMsgErrorARA@CSgiARA@@IAEHPBD@Z$6 10088919 f    CIL library: CIL module
 0001:00087925       __ehhandler$?RecMsgErrorARA@CSgiARA@@IAEHPBD@Z 10088925 f    CIL library: CIL module
 0001:00087960       __unwindfunclet$?Conecta@CSgiARA@@QAEHXZ$0 10088960 f    CIL library: CIL module
 0001:0008796d       __ehhandler$?Conecta@CSgiARA@@QAEHXZ 1008896d f    CIL library: CIL module
 0001:000879a0       __unwindfunclet$??_GCConfigFile@@QAEPAXI@Z$0 100889a0 f    CIL library: CIL module
 0001:000879a9       __ehhandler$??_GCConfigFile@@QAEPAXI@Z 100889a9 f    CIL library: CIL module
 0001:000879d0       __unwindfunclet$??1CSgiARA@@QAE@XZ$0 100889d0 f    CIL library: CIL module
 0001:000879d9       __unwindfunclet$??1CSgiARA@@QAE@XZ$1 100889d9 f    CIL library: CIL module
 0001:000879e5       __unwindfunclet$??1CSgiARA@@QAE@XZ$2 100889e5 f    CIL library: CIL module
 0001:000879f1       __unwindfunclet$??1CSgiARA@@QAE@XZ$3 100889f1 f    CIL library: CIL module
 0001:000879fd       __unwindfunclet$??1CSgiARA@@QAE@XZ$4 100889fd f    CIL library: CIL module
 0001:00087a09       __unwindfunclet$??1CSgiARA@@QAE@XZ$5 10088a09 f    CIL library: CIL module
 0001:00087a18       __unwindfunclet$??1CSgiARA@@QAE@XZ$6 10088a18 f    CIL library: CIL module
 0001:00087a25       __ehhandler$??1CSgiARA@@QAE@XZ 10088a25 f    CIL library: CIL module
 0001:00087a40       __unwindfunclet$?genP7@CSgi_Cripto@SgiCripto@@QAE?AW4tError@2@PBD000H0H0@Z$0 10088a40 f    CIL library: CIL module
 0001:00087a45       __ehhandler$?genP7@CSgi_Cripto@SgiCripto@@QAE?AW4tError@2@PBD000H0H0@Z 10088a45 f    CIL library: CIL module
 0001:00087a60       __unwindfunclet$??1CSgi_Cripto@SgiCripto@@QAE@XZ$0 10088a60 f    CIL library: CIL module
 0001:00087a6c       __ehhandler$??1CSgi_Cripto@SgiCripto@@QAE@XZ 10088a6c f    CIL library: CIL module
 0001:00087a90       __unwindfunclet$?m_readCfgFile@CConfigFile@@AAEHXZ$0 10088a90 f    CIL library: CIL module
 0001:00087a9e       __ehhandler$?m_readCfgFile@CConfigFile@@AAEHXZ 10088a9e f    CIL library: CIL module
 0001:00087ad0       __unwindfunclet$?LeeCfgUsr@CSgiARA@@IAEXXZ$0 10088ad0 f    CIL library: CIL module
 0001:00087ad9       __unwindfunclet$?LeeCfgUsr@CSgiARA@@IAEXXZ$1 10088ad9 f    CIL library: CIL module
 0001:00087ae4       __unwindfunclet$?LeeCfgUsr@CSgiARA@@IAEXXZ$3 10088ae4 f    CIL library: CIL module
 0001:00087aed       __unwindfunclet$?LeeCfgUsr@CSgiARA@@IAEXXZ$4 10088aed f    CIL library: CIL module
 0001:00087af6       __ehhandler$?LeeCfgUsr@CSgiARA@@IAEXXZ 10088af6 f    CIL library: CIL module
 0001:00087b20       __unwindfunclet$?LeeCfg@CSgiARA@@IAEHXZ$0 10088b20 f    CIL library: CIL module
 0001:00087b29       __unwindfunclet$?LeeCfg@CSgiARA@@IAEHXZ$1 10088b29 f    CIL library: CIL module
 0001:00087b34       __ehhandler$?LeeCfg@CSgiARA@@IAEHXZ 10088b34 f    CIL library: CIL module
 0001:00087b60       __unwindfunclet$?inicia@CSgi_Cripto@SgiCripto@@QAE?AW4tError@2@_NPBD@Z$0 10088b60 f    CIL library: CIL module
 0001:00087b6b       __unwindfunclet$?inicia@CSgi_Cripto@SgiCripto@@QAE?AW4tError@2@_NPBD@Z$1 10088b6b f    CIL library: CIL module
 0001:00087b76       __ehhandler$?inicia@CSgi_Cripto@SgiCripto@@QAE?AW4tError@2@_NPBD@Z 10088b76 f    CIL library: CIL module
 0001:00087ba0       __unwindfunclet$?procesaPKCS7ara@CSgi_Cripto@SgiCripto@@IAE?AW4tError@2@PBEH0HPBD111HPAV?$basic_string@DU?$char_traits@D@std@@V?$allocator@D@2@@std@@@Z$27 10088ba0 f    CIL library: CIL module
 0001:00087bab       __unwindfunclet$?procesaPKCS7ara@CSgi_Cripto@SgiCripto@@IAE?AW4tError@2@PBEH0HPBD111HPAV?$basic_string@DU?$char_traits@D@std@@V?$allocator@D@2@@std@@@Z$28 10088bab f    CIL library: CIL module
 0001:00087bb7       __unwindfunclet$?procesaPKCS7ara@CSgi_Cripto@SgiCripto@@IAE?AW4tError@2@PBEH0HPBD111HPAV?$basic_string@DU?$char_traits@D@std@@V?$allocator@D@2@@std@@@Z$29 10088bb7 f    CIL library: CIL module
 0001:00087bc3       __ehhandler$?procesaPKCS7ara@CSgi_Cripto@SgiCripto@@IAE?AW4tError@2@PBEH0HPBD111HPAV?$basic_string@DU?$char_traits@D@std@@V?$allocator@D@2@@std@@@Z 10088bc3 f    CIL library: CIL module
 0001:00087c00       __unwindfunclet$?procesaPKCS7ara@CSgi_Cripto@SgiCripto@@IAE?AW4tError@2@PBEH0HPBDPAUpkcs7_st@@PAPAUbio_st@@1HPAV?$basic_string@DU?$char_traits@D@std@@V?$allocator@D@2@@std@@@Z$22 10088c00 f    CIL library: CIL module
 0001:00087c0b       __unwindfunclet$?procesaPKCS7ara@CSgi_Cripto@SgiCripto@@IAE?AW4tError@2@PBEH0HPBDPAUpkcs7_st@@PAPAUbio_st@@1HPAV?$basic_string@DU?$char_traits@D@std@@V?$allocator@D@2@@std@@@Z$23 10088c0b f    CIL library: CIL module
 0001:00087c17       __unwindfunclet$?procesaPKCS7ara@CSgi_Cripto@SgiCripto@@IAE?AW4tError@2@PBEH0HPBDPAUpkcs7_st@@PAPAUbio_st@@1HPAV?$basic_string@DU?$char_traits@D@std@@V?$allocator@D@2@@std@@@Z$24 10088c17 f    CIL library: CIL module
 0001:00087c23       __ehhandler$?procesaPKCS7ara@CSgi_Cripto@SgiCripto@@IAE?AW4tError@2@PBEH0HPBDPAUpkcs7_st@@PAPAUbio_st@@1HPAV?$basic_string@DU?$char_traits@D@std@@V?$allocator@D@2@@std@@@Z 10088c23 f    CIL library: CIL module
 0001:00087c60       __unwindfunclet$?procP7@CSgi_Cripto@SgiCripto@@QAE?AW4tError@2@PBD000HPAPADPAH0H@Z$0 10088c60 f    CIL library: CIL module
 0001:00087c68       __unwindfunclet$?procP7@CSgi_Cripto@SgiCripto@@QAE?AW4tError@2@PBD000HPAPADPAH0H@Z$1 10088c68 f    CIL library: CIL module
 0001:00087c70       __ehhandler$?procP7@CSgi_Cripto@SgiCripto@@QAE?AW4tError@2@PBD000HPAPADPAH0H@Z 10088c70 f    CIL library: CIL module
 0001:00087c90       __unwindfunclet$?procP7@CSgi_Cripto@SgiCripto@@QAE?AW4tError@2@PBD00000H@Z$0 10088c90 f    CIL library: CIL module
 0001:00087c98       __unwindfunclet$?procP7@CSgi_Cripto@SgiCripto@@QAE?AW4tError@2@PBD00000H@Z$1 10088c98 f    CIL library: CIL module
 0001:00087ca0       __ehhandler$?procP7@CSgi_Cripto@SgiCripto@@QAE?AW4tError@2@PBD00000H@Z 10088ca0 f    CIL library: CIL module
