 SgiSelloDigital

 Timestamp is 477e7d87 (Fri Jan 04 12:40:07 2008)

 Preferred load address is 10000000

 Start         Length     Name                   Class
 0001:00000000 00000de4H .text                   CODE
 0002:00000000 000000d4H .idata$5                DATA
 0002:000000d4 00000004H .CRT$XCA                DATA
 0002:000000d8 00000004H .CRT$XCZ                DATA
 0002:000000dc 00000004H .CRT$XIA                DATA
 0002:000000e0 00000004H .CRT$XIAA               DATA
 0002:000000e4 00000004H .CRT$XIZ                DATA
 0002:000000e8 00000080H .rdata                  DATA
 0002:00000168 00000090H .rdata$r                DATA
 0002:00000200 00000004H .rdata$sxdata           DATA
 0002:00000204 00000004H .rtc$IAA                DATA
 0002:00000208 00000004H .rtc$IZZ                DATA
 0002:0000020c 00000004H .rtc$TAA                DATA
 0002:00000210 00000004H .rtc$TZZ                DATA
 0002:00000218 000000a4H .xdata$x                DATA
 0002:000002bc 00000050H .idata$2                DATA
 0002:0000030c 00000014H .idata$3                DATA
 0002:00000320 000000d4H .idata$4                DATA
 0002:000003f4 00000348H .idata$6                DATA
 0002:00000740 000001e7H .edata                  DATA
 0003:00000000 0000004cH .data                   DATA
 0003:00000050 000003d0H .bss                    DATA
 0004:00000000 00000058H .rsrc$01                DATA
 0004:00000060 00000370H .rsrc$02                DATA

  Address         Publics by Value              Rva+Base       Lib:Object

 0000:00000001       ___safe_se_handler_count   00000001     <absolute>
 0000:00000000       ___ImageBase               10000000     <linker-defined>
 0001:00000000       ??_GCSelloDigital@@UAEPAXI@Z 10001000 f i SelloDigital.obj
 0001:00000000       ??_ECSelloDigital@@UAEPAXI@Z 10001000 f i  CIL library: CIL module
 0001:00000030       ?Termina@CSelloDigital@@AAEH_N@Z 10001030 f   SelloDigital.obj
 0001:000000e0       ?Inicia@CSelloDigital@@QAEHPBD0@Z 100010e0 f   SelloDigital.obj
 0001:00000270       ?GetNSerie@CSelloDigital@@QAEHPAV?$basic_string@DU?$char_traits@D@std@@V?$allocator@D@2@@std@@@Z 10001270 f   SelloDigital.obj
 0001:00000320       ?GetFirma@CSelloDigital@@QAEHPBDPAV?$basic_string@DU?$char_traits@D@std@@V?$allocator@D@2@@std@@@Z 10001320 f   SelloDigital.obj
 0001:00000400       _DllMain@12                10001400 f   SgiSelloDigital.obj
 0001:00000420       ?new_SelloDigital@SgiSelloDigital@@YAPAXXZ 10001420 f   SgiSelloDigital.obj
 0001:00000450       ?delete_SelloDigital@SgiSelloDigital@@YAXPAX@Z 10001450 f   SgiSelloDigital.obj
 0001:00000470       ?Inicia@SgiSelloDigital@@YAHPAXPBD1@Z 10001470 f   SgiSelloDigital.obj
 0001:00000490       ?GetNSerie@SgiSelloDigital@@YAHPAXPAV?$basic_string@DU?$char_traits@D@std@@V?$allocator@D@2@@std@@@Z 10001490 f   SgiSelloDigital.obj
 0001:000004a0       ?GetFirma@SgiSelloDigital@@YAHPAXPBDPAV?$basic_string@DU?$char_traits@D@std@@V?$allocator@D@2@@std@@@Z 100014a0 f   SgiSelloDigital.obj
 0001:000004c0       ?Termina@SgiSelloDigital@@YAHPAX@Z 100014c0 f   SgiSelloDigital.obj
 0001:000004ce       ??_Etype_info@@UAEPAXI@Z   100014ce f i MSVCRT:ti_inst.obj
 0001:00000517       @__security_check_cookie@4 10001517 f   MSVCRT:secchk.obj
 0001:00000526       ??3@YAXPAX@Z               10001526 f   MSVCRT:MSVCR80.dll
 0001:0000052c       ??2@YAPAXI@Z               1000152c f   MSVCRT:MSVCR80.dll
 0001:0000057f       __CRT_INIT@12              1000157f f   MSVCRT:crtdll.obj
 0001:00000858       __DllMainCRTStartup@12     10001858 f   MSVCRT:crtdll.obj
 0001:00000879       ?__ArrayUnwind@@YGXPAXIHP6EX0@Z@Z 10001879 f   MSVCRT:ehvecdtr.obj
 0001:000008d7       ??_M@YGXPAXIHP6EX0@Z@Z     100018d7 f   MSVCRT:ehvecdtr.obj
 0001:0000093a       ___report_gsfailure        1000193a f   MSVCRT:gs_report.obj
 0001:00000a3e       ___clean_type_info_names   10001a3e f   MSVCRT:tncleanup.obj
 0001:00000a4a       __onexit                   10001a4a f   MSVCRT:atonexit.obj
 0001:00000aef       _atexit                    10001aef f   MSVCRT:atonexit.obj
 0001:00000b01       __RTC_Initialize           10001b01 f   MSVCRT:initsect.obj
 0001:00000b25       __RTC_Terminate            10001b25 f   MSVCRT:initsect.obj
 0001:00000b50       __ValidateImageBase        10001b50 f   MSVCRT:pesect.obj
 0001:00000b80       __FindPESection            10001b80 f   MSVCRT:pesect.obj
 0001:00000bd0       __IsNonwritableInCurrentImage 10001bd0 f   MSVCRT:pesect.obj
 0001:00000c8c       __initterm                 10001c8c f   MSVCRT:MSVCR80.dll
 0001:00000c92       __initterm_e               10001c92 f   MSVCRT:MSVCR80.dll
 0001:00000c98       __amsg_exit                10001c98 f   MSVCRT:MSVCR80.dll
 0001:00000c9e       ___CppXcptFilter           10001c9e f   MSVCRT:MSVCR80.dll
 0001:00000ca4       __SEH_prolog4              10001ca4 f   MSVCRT:sehprolg4.obj
 0001:00000ce9       __SEH_epilog4              10001ce9 f   MSVCRT:sehprolg4.obj
 0001:00000cfd       __except_handler4          10001cfd f   MSVCRT:chandler4gs.obj
 0001:00000d20       ___security_init_cookie    10001d20 f   MSVCRT:gs_support.obj
 0001:00000db4       ?terminate@@YAXXZ          10001db4 f   MSVCRT:MSVCR80.dll
 0001:00000dba       ??1type_info@@UAE@XZ       10001dba f   MSVCRT:MSVCR80.dll
 0001:00000dba       ?_type_info_dtor_internal_method@type_info@@QAEXXZ 10001dba f   MSVCRT:MSVCR80.dll
 0001:00000dc0       __crt_debugger_hook        10001dc0 f   MSVCRT:MSVCR80.dll
 0001:00000dc6       ___clean_type_info_names_internal 10001dc6 f   MSVCRT:MSVCR80.dll
 0001:00000dcc       __unlock                   10001dcc f   MSVCRT:MSVCR80.dll
 0001:00000dd2       ___dllonexit               10001dd2 f   MSVCRT:MSVCR80.dll
 0001:00000dd8       __lock                     10001dd8 f   MSVCRT:MSVCR80.dll
 0001:00000dde       __except_handler4_common   10001dde f   MSVCRT:MSVCR80.dll
 0002:00000000       __imp__DisableThreadLibraryCalls@4 10002000     kernel32:KERNEL32.dll
 0002:00000004       __imp__GetCurrentProcessId@0 10002004     kernel32:KERNEL32.dll
 0002:00000008       __imp__GetCurrentThreadId@0 10002008     kernel32:KERNEL32.dll
 0002:0000000c       __imp__GetTickCount@0      1000200c     kernel32:KERNEL32.dll
 0002:00000010       __imp__QueryPerformanceCounter@4 10002010     kernel32:KERNEL32.dll
 0002:00000014       __imp__IsDebuggerPresent@0 10002014     kernel32:KERNEL32.dll
 0002:00000018       __imp__SetUnhandledExceptionFilter@4 10002018     kernel32:KERNEL32.dll
 0002:0000001c       __imp__UnhandledExceptionFilter@4 1000201c     kernel32:KERNEL32.dll
 0002:00000020       __imp__GetCurrentProcess@0 10002020     kernel32:KERNEL32.dll
 0002:00000024       __imp__TerminateProcess@8  10002024     kernel32:KERNEL32.dll
 0002:00000028       __imp__InterlockedCompareExchange@12 10002028     kernel32:KERNEL32.dll
 0002:0000002c       __imp__Sleep@4             1000202c     kernel32:KERNEL32.dll
 0002:00000030       __imp__InterlockedExchange@8 10002030     kernel32:KERNEL32.dll
 0002:00000034       __imp__GetSystemTimeAsFileTime@4 10002034     kernel32:KERNEL32.dll
 0002:00000038       \177KERNEL32_NULL_THUNK_DATA 10002038     kernel32:KERNEL32.dll
 0002:0000003c       __imp_??4?$basic_string@DU?$char_traits@D@std@@V?$allocator@D@2@@std@@QAEAAV01@PBD@Z 1000203c     msvcprt:MSVCP80.dll
 0002:00000040       \177MSVCP80_NULL_THUNK_DATA 10002040     msvcprt:MSVCP80.dll
 0002:00000044       __imp__sprintf             10002044     MSVCRT:MSVCR80.dll
 0002:00000048       __imp_??3@YAXPAX@Z         10002048     MSVCRT:MSVCR80.dll
 0002:0000004c       __imp_??2@YAPAXI@Z         1000204c     MSVCRT:MSVCR80.dll
 0002:00000050       __imp___encode_pointer     10002050     MSVCRT:MSVCR80.dll
 0002:00000054       __imp___malloc_crt         10002054     MSVCRT:MSVCR80.dll
 0002:00000058       __imp__free                10002058     MSVCRT:MSVCR80.dll
 0002:0000005c       __imp___encoded_null       1000205c     MSVCRT:MSVCR80.dll
 0002:00000060       __imp___decode_pointer     10002060     MSVCRT:MSVCR80.dll
 0002:00000064       __imp___initterm           10002064     MSVCRT:MSVCR80.dll
 0002:00000068       __imp___except_handler4_common 10002068     MSVCRT:MSVCR80.dll
 0002:0000006c       __imp___amsg_exit          1000206c     MSVCRT:MSVCR80.dll
 0002:00000070       __imp___adjust_fdiv        10002070     MSVCRT:MSVCR80.dll
 0002:00000074       __imp____CppXcptFilter     10002074     MSVCRT:MSVCR80.dll
 0002:00000078       __imp_?terminate@@YAXXZ    10002078     MSVCRT:MSVCR80.dll
 0002:0000007c       __imp_?_type_info_dtor_internal_method@type_info@@QAEXXZ 1000207c     MSVCRT:MSVCR80.dll
 0002:00000080       __imp___crt_debugger_hook  10002080     MSVCRT:MSVCR80.dll
 0002:00000084       __imp____clean_type_info_names_internal 10002084     MSVCRT:MSVCR80.dll
 0002:00000088       __imp___unlock             10002088     MSVCRT:MSVCR80.dll
 0002:0000008c       __imp____dllonexit         1000208c     MSVCRT:MSVCR80.dll
 0002:00000090       __imp___lock               10002090     MSVCRT:MSVCR80.dll
 0002:00000094       __imp___onexit             10002094     MSVCRT:MSVCR80.dll
 0002:00000098       __imp___initterm_e         10002098     MSVCRT:MSVCR80.dll
 0002:0000009c       \177MSVCR80_NULL_THUNK_DATA 1000209c     MSVCRT:MSVCR80.dll
 0002:000000a0       __imp__connect@12          100020a0     WSock32:WSOCK32.dll
 0002:000000a4       __imp__closesocket@4       100020a4     WSock32:WSOCK32.dll
 0002:000000a8       __imp__setsockopt@20       100020a8     WSock32:WSOCK32.dll
 0002:000000ac       __imp__WSACleanup@0        100020ac     WSock32:WSOCK32.dll
 0002:000000b0       __imp__recv@16             100020b0     WSock32:WSOCK32.dll
 0002:000000b4       __imp__WSAGetLastError@0   100020b4     WSock32:WSOCK32.dll
 0002:000000b8       __imp__WSAStartup@8        100020b8     WSock32:WSOCK32.dll
 0002:000000bc       __imp__gethostbyname@4     100020bc     WSock32:WSOCK32.dll
 0002:000000c0       __imp__getservbyname@8     100020c0     WSock32:WSOCK32.dll
 0002:000000c4       __imp__shutdown@8          100020c4     WSock32:WSOCK32.dll
 0002:000000c8       __imp__socket@12           100020c8     WSock32:WSOCK32.dll
 0002:000000cc       __imp__send@16             100020cc     WSock32:WSOCK32.dll
 0002:000000d0       \177WSOCK32_NULL_THUNK_DATA 100020d0     WSock32:WSOCK32.dll
 0002:000000d4       ___xc_a                    100020d4     MSVCRT:cinitexe.obj
 0002:000000d8       ___xc_z                    100020d8     MSVCRT:cinitexe.obj
 0002:000000dc       ___xi_a                    100020dc     MSVCRT:cinitexe.obj
 0002:000000e4       ___xi_z                    100020e4     MSVCRT:cinitexe.obj
 0002:000000ec       ??_7type_info@@6B@         100020ec     MSVCRT:ti_inst.obj
 0002:000000f0       __pRawDllMain              100020f0     MSVCRT:crtdll.obj
 0002:000000f0       __pDefaultRawDllMain       100020f0     MSVCRT:crtdll.obj
 0002:000000fc       ??_C@_0P@GHFPNOJB@bad?5allocation?$AA@ 100020fc     SelloDigital.obj
 0002:0000010c       ??_C@_03FPEIBLKH@tcp?$AA@  1000210c     SelloDigital.obj
 0002:00000110       ??_C@_03CDNKIGEO@5?$CFs?$AA@ 10002110     SelloDigital.obj
 0002:00000118       ??_7CSelloDigital@@6B@     10002118     SelloDigital.obj
 0002:00000120       __load_config_used         10002120     MSVCRT:loadcfg.obj
 0002:00000168       ??_R4type_info@@6B@        10002168     MSVCRT:ti_inst.obj
 0002:0000017c       ??_R3type_info@@8          1000217c     MSVCRT:ti_inst.obj
 0002:0000018c       ??_R2type_info@@8          1000218c     MSVCRT:ti_inst.obj
 0002:00000194       ??_R1A@?0A@EA@type_info@@8 10002194     MSVCRT:ti_inst.obj
 0002:000001b0       ??_R4CSelloDigital@@6B@    100021b0     SelloDigital.obj
 0002:000001c4       ??_R3CSelloDigital@@8      100021c4     SelloDigital.obj
 0002:000001d4       ??_R2CSelloDigital@@8      100021d4     SelloDigital.obj
 0002:000001dc       ??_R1A@?0A@EA@CSelloDigital@@8 100021dc     SelloDigital.obj
 0002:00000200       ___safe_se_handler_table   10002200     <linker-defined>
 0002:00000204       ___rtc_iaa                 10002204     MSVCRT:initsect.obj
 0002:00000208       ___rtc_izz                 10002208     MSVCRT:initsect.obj
 0002:0000020c       ___rtc_taa                 1000220c     MSVCRT:initsect.obj
 0002:00000210       ___rtc_tzz                 10002210     MSVCRT:initsect.obj
 0002:000002bc       __IMPORT_DESCRIPTOR_KERNEL32 100022bc     kernel32:KERNEL32.dll
 0002:000002d0       __IMPORT_DESCRIPTOR_WSOCK32 100022d0     WSock32:WSOCK32.dll
 0002:000002e4       __IMPORT_DESCRIPTOR_MSVCP80 100022e4     msvcprt:MSVCP80.dll
 0002:000002f8       __IMPORT_DESCRIPTOR_MSVCR80 100022f8     MSVCRT:MSVCR80.dll
 0002:0000030c       __NULL_IMPORT_DESCRIPTOR   1000230c     kernel32:KERNEL32.dll
 0003:00000000       ??_R0?AVtype_info@@@8      10003000     MSVCRT:ti_inst.obj
 0003:00000018       ___security_cookie         10003018     MSVCRT:gs_cookie.obj
 0003:0000001c       ___security_cookie_complement 1000301c     MSVCRT:gs_cookie.obj
 0003:00000020       ___native_dllmain_reason   10003020     MSVCRT:natstart.obj
 0003:00000024       ___native_vcclrit_reason   10003024     MSVCRT:natstart.obj
 0003:00000028       ??_R0?AVCSelloDigital@@@8  10003028     SelloDigital.obj
 0003:0000037c       __forceCRTManifest         1000337c     MSVCRT:crtmanifest.obj
 0003:00000380       ?__type_info_root_node@@3U__type_info_node@@A 10003380     MSVCRT:tncleanup.obj
 0003:00000408       __adjust_fdiv              10003408     <common>
 0003:0000040c       ___native_startup_state    1000340c     <common>
 0003:00000410       ___native_startup_lock     10003410     <common>
 0003:00000414       ___onexitend               10003414     <common>
 0003:00000418       ___onexitbegin             10003418     <common>
 0003:0000041c       ___dyn_tls_init_callback   1000341c     <common>

 entry point at        0001:00000858

 Static symbols

 0001:00000532       _pre_c_init                10001532 f   MSVCRT:crtdll.obj
 0001:00000742       ___DllMainCRTStartup       10001742 f   MSVCRT:crtdll.obj
