 SgiSelloDigital_msdbg

 Timestamp is 477e7d83 (Fri Jan 04 12:40:03 2008)

 Preferred load address is 10000000

 Start         Length     Name                   Class
 0001:00000000 000011a8H .text                   CODE
 0002:00000000 000000d8H .idata$5                DATA
 0002:000000d8 00000004H .CRT$XCA                DATA
 0002:000000dc 00000004H .CRT$XCZ                DATA
 0002:000000e0 00000004H .CRT$XIA                DATA
 0002:000000e4 00000004H .CRT$XIAA               DATA
 0002:000000e8 00000004H .CRT$XIZ                DATA
 0002:000000f0 00000088H .rdata                  DATA
 0002:00000178 00000090H .rdata$r                DATA
 0002:00000210 00000004H .rdata$sxdata           DATA
 0002:00000214 00000004H .rtc$IAA                DATA
 0002:00000218 00000004H .rtc$IZZ                DATA
 0002:0000021c 00000004H .rtc$TAA                DATA
 0002:00000220 00000004H .rtc$TZZ                DATA
 0002:00000228 000000a4H .xdata$x                DATA
 0002:000002cc 00000050H .idata$2                DATA
 0002:0000031c 00000014H .idata$3                DATA
 0002:00000330 000000d8H .idata$4                DATA
 0002:00000408 00000364H .idata$6                DATA
 0002:00000770 000001edH .edata                  DATA
 0003:00000000 0000004cH .data                   DATA
 0003:00000050 000003d0H .bss                    DATA
 0004:00000000 00000058H .rsrc$01                DATA
 0004:00000060 00000370H .rsrc$02                DATA

  Address         Publics by Value              Rva+Base       Lib:Object

 0000:00000001       ___safe_se_handler_count   00000001     <absolute>
 0000:00000000       ___ImageBase               10000000     <linker-defined>
 0001:00000000       ??_ECSelloDigital@@UAEPAXI@Z 10001000 f i  CIL library: CIL module
 0001:00000000       ??_GCSelloDigital@@UAEPAXI@Z 10001000 f i SelloDigital.obj
 0001:00000030       ?Termina@CSelloDigital@@AAEH_N@Z 10001030 f   SelloDigital.obj
 0001:000000e0       ?Inicia@CSelloDigital@@QAEHPBD0@Z 100010e0 f   SelloDigital.obj
 0001:00000270       ?GetNSerie@CSelloDigital@@QAEHPAV?$basic_string@DU?$char_traits@D@std@@V?$allocator@D@2@@std@@@Z 10001270 f   SelloDigital.obj
 0001:00000320       ?GetFirma@CSelloDigital@@QAEHPBDPAV?$basic_string@DU?$char_traits@D@std@@V?$allocator@D@2@@std@@@Z 10001320 f   SelloDigital.obj
 0001:00000400       _DllMain@12                10001400 f   SgiSelloDigital.obj
 0001:00000420       ?new_SelloDigital@SgiSelloDigital@@YAPAXXZ 10001420 f   SgiSelloDigital.obj
 0001:00000450       ?delete_SelloDigital@SgiSelloDigital@@YAXPAX@Z 10001450 f   SgiSelloDigital.obj
 0001:00000470       ?Inicia@SgiSelloDigital@@YAHPAXPBD1@Z 10001470 f   SgiSelloDigital.obj
 0001:00000490       ?GetNSerie@SgiSelloDigital@@YAHPAXPAV?$basic_string@DU?$char_traits@D@std@@V?$allocator@D@2@@std@@@Z 10001490 f   SgiSelloDigital.obj
 0001:000004a0       ?GetFirma@SgiSelloDigital@@YAHPAXPBDPAV?$basic_string@DU?$char_traits@D@std@@V?$allocator@D@2@@std@@@Z 100014a0 f   SgiSelloDigital.obj
 0001:000004c0       ?Termina@SgiSelloDigital@@YAHPAX@Z 100014c0 f   SgiSelloDigital.obj
 0001:000004ce       ??3@YAXPAX@Z               100014ce f   MSVCRTD:MSVCR80D.dll
 0001:000004e0       ??_Etype_info@@UAEPAXI@Z   100014e0 f i MSVCRTD:ti_inst.obj
 0001:00000550       @__security_check_cookie@4 10001550 f   MSVCRTD:secchk.obj
 0001:00000560       ??2@YAPAXI@Z               10001560 f   MSVCRTD:MSVCR80D.dll
 0001:000005f0       __CRT_INIT@12              100015f0 f   MSVCRTD:crtdll.obj
 0001:00000830       _NtCurrentTeb              10001830 f i MSVCRTD:crtdll.obj
 0001:00000840       __DllMainCRTStartup@12     10001840 f   MSVCRTD:crtdll.obj
 0001:00000a30       ??_M@YGXPAXIHP6EX0@Z@Z     10001a30 f   MSVCRTD:ehvecdtr.obj
 0001:00000ae0       ?__ArrayUnwind@@YGXPAXIHP6EX0@Z@Z 10001ae0 f   MSVCRTD:ehvecdtr.obj
 0001:00000ba0       ___report_gsfailure        10001ba0 f   MSVCRTD:gs_report.obj
 0001:00000cb0       ___clean_type_info_names   10001cb0 f   MSVCRTD:tncleanup.obj
 0001:00000cd0       __onexit                   10001cd0 f   MSVCRTD:atonexit.obj
 0001:00000de0       _atexit                    10001de0 f   MSVCRTD:atonexit.obj
 0001:00000e00       __RTC_Initialize           10001e00 f   MSVCRTD:initsect.obj
 0001:00000e30       __RTC_Terminate            10001e30 f   MSVCRTD:initsect.obj
 0001:00000e60       __ValidateImageBase        10001e60 f   MSVCRTD:pesect.obj
 0001:00000ec0       __FindPESection            10001ec0 f   MSVCRTD:pesect.obj
 0001:00000f40       __IsNonwritableInCurrentImage 10001f40 f   MSVCRTD:pesect.obj
 0001:00001050       __initterm                 10002050 f   MSVCRTD:MSVCR80D.dll
 0001:00001056       __initterm_e               10002056 f   MSVCRTD:MSVCR80D.dll
 0001:0000105c       __amsg_exit                1000205c f   MSVCRTD:MSVCR80D.dll
 0001:00001070       ___security_init_cookie    10002070 f   MSVCRTD:gs_support.obj
 0001:0000114a       ___CppXcptFilter           1000214a f   MSVCRTD:MSVCR80D.dll
 0001:00001150       __except_handler4          10002150 f   MSVCRTD:chandler4gs.obj
 0001:00001178       ?terminate@@YAXXZ          10002178 f   MSVCRTD:MSVCR80D.dll
 0001:0000117e       ?_type_info_dtor_internal_method@type_info@@QAEXXZ 1000217e f   MSVCRTD:MSVCR80D.dll
 0001:0000117e       ??1type_info@@UAE@XZ       1000217e f   MSVCRTD:MSVCR80D.dll
 0001:00001184       __crt_debugger_hook        10002184 f   MSVCRTD:MSVCR80D.dll
 0001:0000118a       ___clean_type_info_names_internal 1000218a f   MSVCRTD:MSVCR80D.dll
 0001:00001190       __unlock                   10002190 f   MSVCRTD:MSVCR80D.dll
 0001:00001196       ___dllonexit               10002196 f   MSVCRTD:MSVCR80D.dll
 0001:0000119c       __lock                     1000219c f   MSVCRTD:MSVCR80D.dll
 0001:000011a2       __except_handler4_common   100021a2 f   MSVCRTD:MSVCR80D.dll
 0002:00000000       __imp__DisableThreadLibraryCalls@4 10003000     kernel32:KERNEL32.dll
 0002:00000004       __imp__GetCurrentProcessId@0 10003004     kernel32:KERNEL32.dll
 0002:00000008       __imp__GetCurrentThreadId@0 10003008     kernel32:KERNEL32.dll
 0002:0000000c       __imp__GetTickCount@0      1000300c     kernel32:KERNEL32.dll
 0002:00000010       __imp__QueryPerformanceCounter@4 10003010     kernel32:KERNEL32.dll
 0002:00000014       __imp__IsDebuggerPresent@0 10003014     kernel32:KERNEL32.dll
 0002:00000018       __imp__SetUnhandledExceptionFilter@4 10003018     kernel32:KERNEL32.dll
 0002:0000001c       __imp__UnhandledExceptionFilter@4 1000301c     kernel32:KERNEL32.dll
 0002:00000020       __imp__GetCurrentProcess@0 10003020     kernel32:KERNEL32.dll
 0002:00000024       __imp__TerminateProcess@8  10003024     kernel32:KERNEL32.dll
 0002:00000028       __imp__InterlockedCompareExchange@12 10003028     kernel32:KERNEL32.dll
 0002:0000002c       __imp__Sleep@4             1000302c     kernel32:KERNEL32.dll
 0002:00000030       __imp__InterlockedExchange@8 10003030     kernel32:KERNEL32.dll
 0002:00000034       __imp__GetSystemTimeAsFileTime@4 10003034     kernel32:KERNEL32.dll
 0002:00000038       \177KERNEL32_NULL_THUNK_DATA 10003038     kernel32:KERNEL32.dll
 0002:0000003c       __imp_??4?$basic_string@DU?$char_traits@D@std@@V?$allocator@D@2@@std@@QAEAAV01@PBD@Z 1000303c     msvcprtd:MSVCP80D.dll
 0002:00000040       \177MSVCP80D_NULL_THUNK_DATA 10003040     msvcprtd:MSVCP80D.dll
 0002:00000044       __imp__sprintf             10003044     MSVCRTD:MSVCR80D.dll
 0002:00000048       __imp_??3@YAXPAX@Z         10003048     MSVCRTD:MSVCR80D.dll
 0002:0000004c       __imp_??2@YAPAXI@Z         1000304c     MSVCRTD:MSVCR80D.dll
 0002:00000050       __imp___encode_pointer     10003050     MSVCRTD:MSVCR80D.dll
 0002:00000054       __imp___malloc_dbg         10003054     MSVCRTD:MSVCR80D.dll
 0002:00000058       __imp___free_dbg           10003058     MSVCRTD:MSVCR80D.dll
 0002:0000005c       __imp___encoded_null       1000305c     MSVCRTD:MSVCR80D.dll
 0002:00000060       __imp___decode_pointer     10003060     MSVCRTD:MSVCR80D.dll
 0002:00000064       __imp___CrtSetCheckCount   10003064     MSVCRTD:MSVCR80D.dll
 0002:00000068       __imp___initterm           10003068     MSVCRTD:MSVCR80D.dll
 0002:0000006c       __imp___except_handler4_common 1000306c     MSVCRTD:MSVCR80D.dll
 0002:00000070       __imp___amsg_exit          10003070     MSVCRTD:MSVCR80D.dll
 0002:00000074       __imp___adjust_fdiv        10003074     MSVCRTD:MSVCR80D.dll
 0002:00000078       __imp____CppXcptFilter     10003078     MSVCRTD:MSVCR80D.dll
 0002:0000007c       __imp_?terminate@@YAXXZ    1000307c     MSVCRTD:MSVCR80D.dll
 0002:00000080       __imp_?_type_info_dtor_internal_method@type_info@@QAEXXZ 10003080     MSVCRTD:MSVCR80D.dll
 0002:00000084       __imp___crt_debugger_hook  10003084     MSVCRTD:MSVCR80D.dll
 0002:00000088       __imp____clean_type_info_names_internal 10003088     MSVCRTD:MSVCR80D.dll
 0002:0000008c       __imp___unlock             1000308c     MSVCRTD:MSVCR80D.dll
 0002:00000090       __imp____dllonexit         10003090     MSVCRTD:MSVCR80D.dll
 0002:00000094       __imp___lock               10003094     MSVCRTD:MSVCR80D.dll
 0002:00000098       __imp___onexit             10003098     MSVCRTD:MSVCR80D.dll
 0002:0000009c       __imp___initterm_e         1000309c     MSVCRTD:MSVCR80D.dll
 0002:000000a0       \177MSVCR80D_NULL_THUNK_DATA 100030a0     MSVCRTD:MSVCR80D.dll
 0002:000000a4       __imp__setsockopt@20       100030a4     WSock32:WSOCK32.dll
 0002:000000a8       __imp__WSACleanup@0        100030a8     WSock32:WSOCK32.dll
 0002:000000ac       __imp__WSAGetLastError@0   100030ac     WSock32:WSOCK32.dll
 0002:000000b0       __imp__recv@16             100030b0     WSock32:WSOCK32.dll
 0002:000000b4       __imp__WSAStartup@8        100030b4     WSock32:WSOCK32.dll
 0002:000000b8       __imp__gethostbyname@4     100030b8     WSock32:WSOCK32.dll
 0002:000000bc       __imp__getservbyname@8     100030bc     WSock32:WSOCK32.dll
 0002:000000c0       __imp__socket@12           100030c0     WSock32:WSOCK32.dll
 0002:000000c4       __imp__shutdown@8          100030c4     WSock32:WSOCK32.dll
 0002:000000c8       __imp__send@16             100030c8     WSock32:WSOCK32.dll
 0002:000000cc       __imp__connect@12          100030cc     WSock32:WSOCK32.dll
 0002:000000d0       __imp__closesocket@4       100030d0     WSock32:WSOCK32.dll
 0002:000000d4       \177WSOCK32_NULL_THUNK_DATA 100030d4     WSock32:WSOCK32.dll
 0002:000000d8       ___xc_a                    100030d8     MSVCRTD:cinitexe.obj
 0002:000000dc       ___xc_z                    100030dc     MSVCRTD:cinitexe.obj
 0002:000000e0       ___xi_a                    100030e0     MSVCRTD:cinitexe.obj
 0002:000000e8       ___xi_z                    100030e8     MSVCRTD:cinitexe.obj
 0002:000000f4       ??_7type_info@@6B@         100030f4     MSVCRTD:ti_inst.obj
 0002:000000f8       __pDefaultRawDllMain       100030f8     MSVCRTD:crtdll.obj
 0002:000000f8       __pRawDllMain              100030f8     MSVCRTD:crtdll.obj
 0002:000000fc       ??_C@_08EIBOPINA@crtdll?4c?$AA@ 100030fc     MSVCRTD:crtdll.obj
 0002:00000110       ??_C@_0P@GHFPNOJB@bad?5allocation?$AA@ 10003110     SelloDigital.obj
 0002:00000120       ??_C@_03FPEIBLKH@tcp?$AA@  10003120     SelloDigital.obj
 0002:00000124       ??_C@_03CDNKIGEO@5?$CFs?$AA@ 10003124     SelloDigital.obj
 0002:0000012c       ??_7CSelloDigital@@6B@     1000312c     SelloDigital.obj
 0002:00000130       __load_config_used         10003130     MSVCRTD:loadcfg.obj
 0002:00000178       ??_R4type_info@@6B@        10003178     MSVCRTD:ti_inst.obj
 0002:0000018c       ??_R3type_info@@8          1000318c     MSVCRTD:ti_inst.obj
 0002:0000019c       ??_R2type_info@@8          1000319c     MSVCRTD:ti_inst.obj
 0002:000001a4       ??_R1A@?0A@EA@type_info@@8 100031a4     MSVCRTD:ti_inst.obj
 0002:000001c0       ??_R4CSelloDigital@@6B@    100031c0     SelloDigital.obj
 0002:000001d4       ??_R3CSelloDigital@@8      100031d4     SelloDigital.obj
 0002:000001e4       ??_R2CSelloDigital@@8      100031e4     SelloDigital.obj
 0002:000001ec       ??_R1A@?0A@EA@CSelloDigital@@8 100031ec     SelloDigital.obj
 0002:00000210       ___safe_se_handler_table   10003210     <linker-defined>
 0002:00000214       ___rtc_iaa                 10003214     MSVCRTD:initsect.obj
 0002:00000218       ___rtc_izz                 10003218     MSVCRTD:initsect.obj
 0002:0000021c       ___rtc_taa                 1000321c     MSVCRTD:initsect.obj
 0002:00000220       ___rtc_tzz                 10003220     MSVCRTD:initsect.obj
 0002:000002cc       __IMPORT_DESCRIPTOR_KERNEL32 100032cc     kernel32:KERNEL32.dll
 0002:000002e0       __IMPORT_DESCRIPTOR_WSOCK32 100032e0     WSock32:WSOCK32.dll
 0002:000002f4       __IMPORT_DESCRIPTOR_MSVCP80D 100032f4     msvcprtd:MSVCP80D.dll
 0002:00000308       __IMPORT_DESCRIPTOR_MSVCR80D 10003308     MSVCRTD:MSVCR80D.dll
 0002:0000031c       __NULL_IMPORT_DESCRIPTOR   1000331c     kernel32:KERNEL32.dll
 0003:00000000       ??_R0?AVtype_info@@@8      10004000     MSVCRTD:ti_inst.obj
 0003:00000018       ___security_cookie         10004018     MSVCRTD:gs_cookie.obj
 0003:0000001c       ___security_cookie_complement 1000401c     MSVCRTD:gs_cookie.obj
 0003:00000020       ___native_dllmain_reason   10004020     MSVCRTD:natstart.obj
 0003:00000024       ___native_vcclrit_reason   10004024     MSVCRTD:natstart.obj
 0003:00000028       ??_R0?AVCSelloDigital@@@8  10004028     SelloDigital.obj
 0003:0000037c       __forceCRTManifest         1000437c     MSVCRTD:crtmanifest.obj
 0003:00000380       ?__type_info_root_node@@3U__type_info_node@@A 10004380     MSVCRTD:tncleanup.obj
 0003:00000408       __adjust_fdiv              10004408     <common>
 0003:0000040c       ___native_startup_state    1000440c     <common>
 0003:00000410       ___native_startup_lock     10004410     <common>
 0003:00000414       ___onexitend               10004414     <common>
 0003:00000418       ___onexitbegin             10004418     <common>
 0003:0000041c       ___dyn_tls_init_callback   1000441c     <common>

 entry point at        0001:00000840

 Static symbols

 0001:00000570       _pre_c_init                10001570 f   MSVCRTD:crtdll.obj
 0001:00000870       ___DllMainCRTStartup       10001870 f   MSVCRTD:crtdll.obj
 0001:00000b70       ?ArrayUnwindFilter@@YAHPAU_EXCEPTION_POINTERS@@@Z 10001b70 f   MSVCRTD:ehvecdtr.obj
